03-03 02:20:09.440  4060  4060 E Icon    : 	at com.android.internal.os.ZygoteInit$MethodAndArgsCaller.run(ZygoteInit.java:1230)

03-03 02:20:09.440  4060  4060 E Icon    : 	at com.android.internal.os.ZygoteInit.main(ZygoteInit.java:1120)

03-03 02:20:09.440  4060  4060 W ResourcesManager: getTopLevelResources: /data/app/com.slash.batterychargelimit-2/base.apk / 1.0 running in com.android.systemui rsrc of package com.slash.batterychargelimit

03-03 02:20:09.440  4060  4060 W ResourcesManager: getTopLevelResources: /data/app/com.slash.batterychargelimit-2/base.apk / 1.0 running in com.android.systemui rsrc of package com.slash.batterychargelimit

03-03 02:20:09.440  4060  4060 W ResourcesManager: getTopLevelResources: /data/app/com.slash.batterychargelimit-2/base.apk / 1.0 running in com.android.systemui rsrc of package com.slash.batterychargelimit

03-03 02:20:09.440  4060  4060 W ResourcesManager: getTopLevelResources: /data/app/com.slash.batterychargelimit-2/base.apk / 1.0 running in com.android.systemui rsrc of package com.slash.batterychargelimit

03-03 02:20:09.450  4060  4060 W ResourceType: No package identifier when getting value for resource number 0x00000000

03-03 02:20:09.450  4060  4060 E Icon    : Unable to load resource 0x00000000 from pkg=

03-03 02:20:09.450  4060  4060 E Icon    : android.content.res.Resources$NotFoundException: Resource ID #0x0

03-03 02:20:09.450  4060  4060 E Icon    : 	at android.content.res.Resources.getValue(Resources.java:2558)

03-03 02:20:09.450  4060  4060 E Icon    : 	at android.content.res.Resources.getDrawable(Resources.java:2001)

03-03 02:20:09.450  4060  4060 E Icon    : 	at android.content.res.Resources.getDrawable(Resources.java:1987)

03-03 02:20:09.450  4060  4060 E Icon    : 	at android.graphics.drawable.Icon.loadDrawableInner(Icon.java:313)

03-03 02:20:09.450  4060  4060 E Icon    : 	at android.graphics.drawable.Icon.loadDrawable(Icon.java:269)

03-03 02:20:09.450  4060  4060 E Icon    : 	at android.widget.RemoteViews$TextViewDrawableAction.apply(RemoteViews.java:1659)

03-03 02:20:09.450  4060  4060 E Icon    : 	at android.widget.RemoteViews.performApply(RemoteViews.java:3418)

03-03 02:20:09.450  4060  4060 E Icon    : 	at android.widget.RemoteViews.apply(RemoteViews.java:3378)

03-03 02:20:09.450  4060  4060 E Icon    : 	at android.widget.RemoteViews$ViewGroupAction.apply(RemoteViews.java:1530)

03-03 02:20:09.450  4060  4060 E Icon    : 	at android.widget.RemoteViews.performApply(RemoteViews.java:3418)

03-03 02:20:09.450  4060  4060 E Icon    : 	at android.widget.RemoteViews.reapply(RemoteViews.java:3409)

03-03 02:20:09.450  4060  4060 E Icon    : 	at com.android.systemui.statusbar.BaseStatusBar.updateNotificationViews(BaseStatusBar.java:3707)

03-03 02:20:09.450  4060  4060 E Icon    : 	at com.android.systemui.statusbar.BaseStatusBar.updateNotification(BaseStatusBar.java:3535)

03-03 02:20:09.450  4060  4060 E Icon    : 	at com.android.systemui.statusbar.BaseStatusBar$8$2.run(BaseStatusBar.java:1228)

03-03 02:20:09.450  4060  4060 E Icon    : 	at android.os.Handler.handleCallback(Handler.java:739)

03-03 02:20:09.450  4060  4060 E Icon    : 	at android.os.Handler.dispatchMessage(Handler.java:95)

03-03 02:20:09.450  4060  4060 E Icon    : 	at android.os.Looper.loop(Looper.java:158)

03-03 02:20:09.450  4060  4060 E Icon    : 	at android.app.ActivityThread.main(ActivityThread.java:7224)

03-03 02:20:09.450  4060  4060 E Icon    : 	at java.lang.reflect.Method.invoke(Native Method)

03-03 02:20:09.450  4060  4060 E Icon    : 	at com.android.internal.os.ZygoteInit$MethodAndArgsCaller.run(ZygoteInit.java:1230)

03-03 02:20:09.450  4060  4060 E Icon    : 	at com.android.internal.os.ZygoteInit.main(ZygoteInit.java:1120)

03-03 02:20:09.450  4060  4060 W ResourceType: No package identifier when getting value for resource number 0x00000000

03-03 02:20:09.450  4060  4060 E Icon    : Unable to load resource 0x00000000 from pkg=

03-03 02:20:09.450  4060  4060 E Icon    : android.content.res.Resources$NotFoundException: Resource ID #0x0

03-03 02:20:09.450  4060  4060 E Icon    : 	at android.content.res.Resources.getValue(Resources.java:2558)

03-03 02:20:09.450  4060  4060 E Icon    : 	at android.content.res.Resources.getDrawable(Resources.java:2001)

03-03 02:20:09.450  4060  4060 E Icon    : 	at android.content.res.Resources.getDrawable(Resources.java:1987)

03-03 02:20:09.450  4060  4060 E Icon    : 	at android.graphics.drawable.Icon.loadDrawableInner(Icon.java:313)

03-03 02:20:09.450  4060  4060 E Icon    : 	at android.graphics.drawable.Icon.loadDrawable(Icon.java:269)

03-03 02:20:09.450  4060  4060 E Icon    : 	at android.widget.RemoteViews$TextViewDrawableAction.apply(RemoteViews.java:1659)

03-03 02:20:09.450  4060  4060 E Icon    : 	at android.widget.RemoteViews.performApply(RemoteViews.java:3418)

03-03 02:20:09.450  4060  4060 E Icon    : 	at android.widget.RemoteViews.apply(RemoteViews.java:3378)

03-03 02:20:09.450  4060  4060 E Icon    : 	at android.widget.RemoteViews$ViewGroupAction.apply(RemoteViews.java:1530)

03-03 02:20:09.450  4060  4060 E Icon    : 	at android.widget.RemoteViews.performApply(RemoteViews.java:3418)

03-03 02:20:09.450  4060  4060 E Icon    : 	at android.widget.RemoteViews.reapply(RemoteViews.java:3409)

03-03 02:20:09.450  4060  4060 E Icon    : 	at com.android.systemui.statusbar.BaseStatusBar.updateNotificationViews(BaseStatusBar.java:3707)

03-03 02:20:09.450  4060  4060 E Icon    : 	at com.android.systemui.statusbar.BaseStatusBar.updateNotification(BaseStatusBar.java:3535)

03-03 02:20:09.450  4060  4060 E Icon    : 	at com.android.systemui.statusbar.BaseStatusBar$8$2.run(BaseStatusBar.java:1228)

03-03 02:20:09.450  4060  4060 E Icon    : 	at android.os.Handler.handleCallback(Handler.java:739)

03-03 02:20:09.450  4060  4060 E Icon    : 	at android.os.Handler.dispatchMessage(Handler.java:95)

03-03 02:20:09.450  4060  4060 E Icon    : 	at android.os.Looper.loop(Looper.java:158)

03-03 02:20:09.450  4060  4060 E Icon    : 	at android.app.ActivityThread.main(ActivityThread.java:7224)

03-03 02:20:09.450  4060  4060 E Icon    : 	at java.lang.reflect.Method.invoke(Native Method)

03-03 02:20:09.450  4060  4060 E Icon    : 	at com.android.internal.os.ZygoteInit$MethodAndArgsCaller.run(ZygoteInit.java:1230)

03-03 02:20:09.450  4060  4060 E Icon    : 	at com.android.internal.os.ZygoteInit.main(ZygoteInit.java:1120)

03-03 02:20:09.450  4060  4060 D PhoneStatusBar: setAreThereNotifications: N=5 any=true clearable=true

03-03 02:20:09.450  4060  4060 W ResourcesManager: getTopLevelResources: /data/app/com.slash.batterychargelimit-2/base.apk / 1.0 running in com.android.systemui rsrc of package com.slash.batterychargelimit

03-03 02:20:09.450  4060  4060 W ResourcesManager: getTopLevelResources: /data/app/com.slash.batterychargelimit-2/base.apk / 1.0 running in com.android.systemui rsrc of package com.slash.batterychargelimit

03-03 02:20:09.500  3549  4027 W System.err: remove failed: ENOENT (No such file or directory) : /data/system/recent_tasks/10_task.xml.bak

03-03 02:20:09.600  3549  3660 I art     : Explicit concurrent mark sweep GC freed 33242(2MB) AllocSpace objects, 10(240KB) LOS objects, 25% free, 46MB/62MB, paused 1.813ms total 214.596ms

03-03 02:20:09.780  3549  3960 D VoldConnector: RCV <- {200 16 Command succeeded}

03-03 02:20:09.780  3549  4210 E VoldConnector: NDC Command {16 volume mkdirs /storage/B250-8522/Android/obb/com.YourCompany.AppTemplate/} took too long (2039ms)

03-03 02:20:09.790  3549  4637 D VoldConnector: SND -> {17 volume mkdirs /storage/B250-8522/Android/data/com.YourCompany.AppTemplate/files/}

03-03 02:20:09.790  2922  3086 D VoldCmdListener: volume mkdirs /storage/B250-8522/Android/data/com.YourCompany.AppTemplate/files/

03-03 02:20:09.790  2922  3086 D VoldCmdListener: CommandListener::runCommand() cmd:mkdirs

03-03 02:20:09.880 22241 22264 D UE4     : Entering native app glue main function

03-03 02:20:09.880 22241 22264 D UE4     : Created event thread

03-03 02:20:09.880 22241 22264 D UE4     : Entered AndroidMain()

03-03 02:20:09.880 22241 22265 D UE4     : Entering event processing thread engine entry point

03-03 02:20:09.880  3549  3960 D VoldConnector: RCV <- {200 17 Command succeeded}

03-03 02:20:09.890 22241 22265 D UE4     : Prepared looper for event thread

03-03 02:20:09.890 22241 22265 D UE4     : Passed callback initialization

03-03 02:20:09.890 22241 22265 D UE4     : Passed sensor initialization

03-03 02:20:09.890 22241 22264 D UE4     : Controller interface supported

03-03 02:20:09.890  3549  3576 W ServiceManager: Permission failure: com.samsung.permission.HRM_EXT from uid=10894 pid=22241

03-03 02:20:09.890  3549  3576 D PermissionCache: checking com.samsung.permission.HRM_EXT for uid=10894 => denied (337 us)

03-03 02:20:09.890  3549  3576 E SensorService: getSensorList a sensor (HRM Ambient Light Canceling) without holding its required permission: com.samsung.permission.HRM_EXT

03-03 02:20:09.890  3549  3576 I SensorService: Skipped sensor HRM Ambient Light Canceling because it requires permission com.samsung.permission.HRM_EXT and app op -1

03-03 02:20:09.890  3549  3576 E SensorService: getSensorList a sensor (HRM Proximity detecting) without holding its required permission: com.samsung.permission.HRM_EXT

03-03 02:20:09.890  3549  3576 I SensorService: Skipped sensor HRM Proximity detecting because it requires permission com.samsung.permission.HRM_EXT and app op -1

03-03 02:20:09.890  3549  3576 W ServiceManager: Permission failure: android.permission.BODY_SENSORS from uid=10894 pid=22241

03-03 02:20:09.890  3549  3576 E SensorService: getSensorList a sensor (HRMLED IR) without holding its required permission: android.permission.BODY_SENSORS

03-03 02:20:09.890  3549  3576 I SensorService: Skipped sensor HRMLED IR because it requires permission android.permission.BODY_SENSORS and app op 56

03-03 02:20:09.890  3549  3576 W ServiceManager: Permission failure: android.permission.BODY_SENSORS from uid=10894 pid=22241

03-03 02:20:09.890  3549  3576 E SensorService: getSensorList a sensor (HRMLED RED) without holding its required permission: android.permission.BODY_SENSORS

03-03 02:20:09.890  3549  3576 I SensorService: Skipped sensor HRMLED RED because it requires permission android.permission.BODY_SENSORS and app op 56

03-03 02:20:09.890  3549  3576 W ServiceManager: Permission failure: com.samsung.permission.SSENSOR from uid=10894 pid=22241

03-03 02:20:09.890  3549  3576 D PermissionCache: checking com.samsung.permission.SSENSOR for uid=10894 => denied (82 us)

03-03 02:20:09.890  3549  3576 E SensorService: getSensorList a sensor (MAX86902) without holding its required permission: com.samsung.permission.SSENSOR

03-03 02:20:09.890  3549  3576 I SensorService: Skipped sensor MAX86902 because it requires permission com.samsung.permission.SSENSOR and app op -1

03-03 02:20:09.890  3549  3576 E SensorService: getSensorList a sensor (HRM Sensor) without holding its required permission: com.samsung.permission.SSENSOR

03-03 02:20:09.890  3549  3576 I SensorService: Skipped sensor HRM Sensor because it requires permission com.samsung.permission.SSENSOR and app op -1

03-03 02:20:09.890  3549  3576 W ServiceManager: Permission failure: android.permission.BODY_SENSORS from uid=10894 pid=22241

03-03 02:20:09.890  3549  3576 E SensorService: getSensorList a sensor (HeartRate Sensor) without holding its required permission: android.permission.BODY_SENSORS

03-03 02:20:09.890  3549  3576 I SensorService: Skipped sensor HeartRate Sensor because it requires permission android.permission.BODY_SENSORS and app op 56

03-03 02:20:09.900 22241 22241 D ViewRootImpl: #1 mView = com.android.internal.policy.PhoneWindow$DecorView{f56d1a7 V.E...... R.....ID 0,0-0,0}

03-03 02:20:09.900 22241 22241 D SecWifiDisplayUtil: Metadata value : SecSettings2

03-03 02:20:09.910 22241 22266 D OpenGLRenderer: Use EGL_SWAP_BEHAVIOR_PRESERVED: true

03-03 02:20:09.910  3549  4639 D ISSUE_DEBUG: InputChannelName : b164edd com.YourCompany.AppTemplate/com.epicgames.ue4.GameActivity

03-03 02:20:09.910 22241 22241 D UE4     : [GameActivity] Target SDK is 28.  This may cause issues if permissions are denied by the user.

03-03 02:20:09.910 22241 22241 E PermissionHelper: GVRTransition2DActivity.getActivity() failed. Trying to get GameActivity.

03-03 02:20:09.910 22241 22241 D PermissionHelper: checkPermission: android.permission.WRITE_EXTERNAL_STORAGE has granted

03-03 02:20:09.920 22241 22241 D UE4     : [GameActivity] Found DepthBufferPreference = 0

03-03 02:20:09.920 22241 22241 D UE4     : [GameActivity] Found bPackageDataInsideApk = 0

03-03 02:20:09.920 22241 22241 D UE4     : [GameActivity] Found ProjectName = AppTemplate

03-03 02:20:09.920 22241 22241 D UE4     : [GameActivity] Found AppType = 

03-03 02:20:09.920 22241 22241 D UE4     : [GameActivity] Found bHasOBBFiles = 0

03-03 02:20:09.920 22241 22241 D UE4     : [GameActivity] Found bVerifyOBBOnStartUp = false

03-03 02:20:09.920 22241 22241 D UE4     : [GameActivity] UI hiding set to false

03-03 02:20:09.920 22241 22241 D UE4     : [GameActivity] BuildConfiguration set to Development

03-03 02:20:09.920 22241 22241 D UE4     : [GameActivity] UseExternalFilesDir set to false

03-03 02:20:09.920 22241 22241 D UE4     : [GameActivity] PublicLogFiles set to false

03-03 02:20:09.920 22241 22241 D UE4     : [GameActivity] AllowIMU set to true

03-03 02:20:09.920 22241 22241 D UE4     : [GameActivity] SupportsVulkan set to false

03-03 02:20:09.920 22241 22241 D UE4     : [GameActivity] Using commandline from: /storage/emulated/0/UE4Game/AppTemplate/UE4CommandLine.txt

03-03 02:20:09.920 22241 22241 D UE4     : [GameActivity] Parsing commandline: ../../../AppTemplate/AppTemplate.uproject  /Game/Project/MainMap -Messaging -SessionId=EC19F5DA4ADDB51EEA2ED0AC7854A455 -SessionOwner="PC" -SessionName="Launch On Device" -iterative

03-03 02:20:09.930 22241 22241 D libEGL  : eglInitialize EGLDisplay = 0xff879a94

03-03 02:20:09.940 22241 22241 D         : ro.exynos.dss isEnabled: 0

03-03 02:20:09.950 22241 22241 D libEGL  : eglTerminate EGLDisplay = 0xff879acc

03-03 02:20:09.950 22241 22241 D UE4     : [GameActivity] Hardware: samsungexynos8890

03-03 02:20:09.950 22241 22241 D UE4     : [GameActivity] ro.hardware: samsungexynos8890

03-03 02:20:09.950 22241 22241 D UE4     : [GameActivity] Memory: 3580 MB

03-03 02:20:09.960 22241 22241 D UE4     : [GameActivity] UseAffinity: false

03-03 02:20:09.960 22241 22241 D UE4     : [GameActivity] BigCoreMask: 0xffff

03-03 02:20:09.960 22241 22241 D UE4     : [GameActivity] LittleCoreMask: 0x0

03-03 02:20:09.960 22241 22241 D UE4     : [GameActivity] APK path: /data/app/com.YourCompany.AppTemplate-2/base.apk

03-03 02:20:09.960 22241 22267 D UE4     : [GameActivity] Used memory: 126125

03-03 02:20:09.960 22241 22241 D UE4     : [GameActivity] OBB in APK: false

03-03 02:20:09.960 22241 22241 D UE4     : InternalFilePath found as '/data/user/0/com.YourCompany.AppTemplate/files'

03-03 02:20:09.960 22241 22241 D UE4     : ExternalFilePath found as '/storage/emulated/0/Android/data/com.YourCompany.AppTemplate/files'

03-03 02:20:09.960 22241 22241 D UE4     : App is running in Landscape

03-03 02:20:09.960 22241 22241 D UE4     : [GameActivity] Android version is 6.0.1

03-03 02:20:09.960 22241 22241 D UE4     : [GameActivity] Android manufacturer is samsung

03-03 02:20:09.960 22241 22241 D UE4     : [GameActivity] Android model is SM-G930F

03-03 02:20:09.960 22241 22241 D UE4     : [GameActivity] Android build number is MMB29K.G930FXXU1APC8

03-03 02:20:09.960 22241 22241 D UE4     : [GameActivity] OS language is set to en_US

03-03 02:20:09.960 22241 22241 D UE4     : [GameActivity] Debugger attached is false

03-03 02:20:10.020 22241 22241 W PopupManager: You have not specified a View to use as content view for popups. Falling back to the Activity content view. Note that this may not work as expected in multi-screen environments

03-03 02:20:10.020 22241 22241 D UE4     : [GameActivity] googleClient is valid

03-03 02:20:10.020 22241 22241 D UE4     : [GameActivity] ==============> GameActive.onCreate complete!

03-03 02:20:10.020 22241 22241 D Activity: performCreate Call Injection manager

03-03 02:20:10.020  5470  5470 E audit   : type=1400 msg=audit(1583176810.020:435): avc:  denied  { getattr } for  pid=22282 comm="ps" path="/proc/2919" dev="proc" ino=8991 scontext=u:r:shell:s0 tcontext=u:r:logd:s0 tclass=dir permissive=0

03-03 02:20:10.020  5470  5470 E audit   :  SEPF_SECMOBILE_6.0.1_0004

03-03 02:20:10.020  5470  5470 E audit   : type=1300 msg=audit(1583176810.020:435): arch=c00000b7 syscall=79 success=no exit=-13 a0=ffffff9c a1=7fdb3ce168 a2=7fdb3ce0b8 a3=0 items=0 ppid=3152 pid=22282 auid=4294967295 uid=2000 gid=2000 euid=2000 suid=2000 fsuid=2000 egid=2000 sgid=2000 fsgid=2000 tty=pts0 ses=4294967295 comm="ps" exe="/system/bin/toolbox" subj=u:r:shell:s0 key=(null)

03-03 02:20:10.020  5470  5470 E audit   : type=1327 msg=audit(1583176810.020:435): proctitle="ps"

03-03 02:20:10.020  5470  5470 E audit   : type=1320 msg=audit(1583176810.020:435): 

03-03 02:20:10.020 22241 22241 D UE4     : [GameActivity] Creating console command broadcast listener

03-03 02:20:10.020 22241 22265 D UE4     : LogAndroidEvents::EnqueueAppEvent : 9, [width=-1, height=-1], tid = 22265, APP_EVENT_STATE_ON_START

03-03 02:20:10.020 22241 22241 D UE4     : [GameActivity] ==================================> Inside onStart function in GameActivity

03-03 02:20:10.020 22241 22241 V UE4     : [GameApp] App in foreground

03-03 02:20:10.020 22241 22241 I InjectionManager: dispatchOnViewCreated > Target : com.epicgames.ue4.GameActivity isFragment :false

03-03 02:20:10.030 22241 22265 D UE4     : Case APP_CMD_RESUME

03-03 02:20:10.030 22241 22241 D UE4     : [GameActivity] ==============> [JAVA] AndroidThunkJava_KeepScreenOn(false) - Enabled screen saver

03-03 02:20:10.030 22241 22265 D UE4     : LogAndroidEvents::EnqueueAppEvent : 7, [width=-1, height=-1], tid = 22265, APP_EVENT_STATE_ON_RESUME

03-03 02:20:10.030 22241 22241 D UE4     : [GameActivity] Registering sensor listeners

03-03 02:20:10.030  3549  4637 D SensorService: SensorEventConnection::SocketBufferSize, SystemSocketBufferSize - 102400, 2097152

03-03 02:20:10.030  3549  4191 I Sensors : Acc old sensor_state 0, new sensor_state : 1 en : 1

03-03 02:20:10.040 22241 22241 D SensorManager: registerListener :: 0, K6DS3TR Acceleration Sensor, 20000, 0,  

03-03 02:20:10.040  3549  4636 I Sensors : Mag old sensor_state 1, new sensor_state : 17 en : 1

03-03 02:20:10.040  3549  4101 I Sensors : Gyro old sensor_state 17, new sensor_state : 19 en : 1

03-03 02:20:10.050 22241 22241 D UE4     : App is running in Landscape

03-03 02:20:10.050 22241 22241 D UE4     : [GameActivity] ==============> Resuming main init

03-03 02:20:10.060 22241 22264 D UE4     : APK Commandline: ../../../AppTemplate/AppTemplate.uproject  /Game/Project/MainMap -Messaging -SessionId=EC19F5DA4ADDB51EEA2ED0AC7854A455 -SessionOwner="PC" -SessionName="Launch On Device" -iterative

03-03 02:20:10.060 22241 22264 D UE4     : Override Commandline: ../../../AppTemplate/AppTemplate.uproject  /Game/Project/MainMap -Messaging -SessionId=EC19F5DA4ADDB51EEA2ED0AC7854A455 -SessionOwner="PC" -SessionName="Launch On Device" -iterative

03-03 02:20:10.060 22241 22264 D UE4     : Final commandline: ../../../AppTemplate/AppTemplate.uproject  /Game/Project/MainMap -Messaging -SessionId=EC19F5DA4ADDB51EEA2ED0AC7854A455 -SessionOwner="PC" -SessionName="Launch On Device" -iterative

03-03 02:20:10.060 22241 22264 D UE4     : Created sync event

03-03 02:20:10.060 22241 22241 D UE4     : [GameActivity] ==============> GameActive.onResume complete!

03-03 02:20:10.060 22241 22241 D ViewRootImpl: #1 mView = com.android.internal.policy.PhoneWindow$DecorView{d90159e I.E...... R.....ID 0,0-0,0}

03-03 02:20:10.060  3549  4413 D ISSUE_DEBUG: InputChannelName : 26899e com.YourCompany.AppTemplate/com.epicgames.ue4.GameActivity

03-03 02:20:10.070  3549  4099 D ActivityManager: post active user change for 0 fullscreen true isFloatingActivity() false isHomeActivity() false

03-03 02:20:10.070  3549  4099 D KnoxTimeoutHandler: postActiveUserChange [MsgParam] userId: 0 fullscreen is true showWhenlocked is false

03-03 02:20:10.070  3549  3549 D KnoxTimeoutHandler: handleActiveUserChange [MsgParam] userId: 0 fullscreen is true showWhenlocked is false

03-03 02:20:10.070  3549  3549 I KnoxTimeoutHandler: Shared devices show user statefalse

03-03 02:20:10.070  2994  2994 I SurfaceFlinger: id=111 createSurf (1x1),1 flag=404, HameActivit

03-03 02:20:10.090 22241 22266 D libEGL  : eglInitialize EGLDisplay = 0xb92bc7c4

03-03 02:20:10.090 22241 22266 I OpenGLRenderer: Initialized EGL, version 1.4

03-03 02:20:10.090 22241 22266 D         : ro.exynos.dss isEnabled: 0

03-03 02:20:10.090 22241 22266 D mali_winsys: new_window_surface returns 0x3000,  [2560x1440]-format:1

03-03 02:20:10.120  2994  2994 I SurfaceFlinger: id=112 createSurf (2560x1440),1 flag=4, HameActivit

03-03 02:20:10.120  3549  4210 D InputDispatcher: Focus entered window: 22241

03-03 02:20:10.120  3549  3660 D PointerIcon: setMouseIconStyle1 pointerType: 1001 iconType:101 flag:0 pid:3549 uid:1000

03-03 02:20:10.120  3549  3660 D PointerIcon: setMouseCustomIcon IconType is same.101

03-03 02:20:10.120 22241 22266 D mali_winsys: new_window_surface returns 0x3000,  [2560x1440]-format:1

03-03 02:20:10.120  2994  2994 I SurfaceFlinger: id=113 createSurf (2560x1440),4 flag=404, TurfaceView

03-03 02:20:10.130 22241 22265 D UE4     : Case APP_CMD_INIT_WINDOW

03-03 02:20:10.130 22241 22265 D UE4     : LogAndroidEvents::EnqueueAppEvent : 0, [width=2560, height=1440], tid = 22265, APP_EVENT_STATE_WINDOW_CREATED

03-03 02:20:10.130  3549  3577 V WindowStateAnimator: Finishing drawing window Window{1797c95 u0 d0 SurfaceView}: mDrawState=DRAW_PENDING

03-03 02:20:10.130 22241 22241 D ViewRootImpl: MSG_RESIZED_REPORT: ci=Rect(0, 0 - 0, 0) vi=Rect(0, 0 - 0, 0) or=2

03-03 02:20:10.130 22241 22241 W DisplayListCanvas: DisplayListCanvas is started on unbinded RenderNode (without mOwningView)

03-03 02:20:10.130 22241 22266 D libGLESv1: DTS_GLAPI : DTS is not allowed for Package : com.YourCompany.AppTemplate

03-03 02:20:10.240  2994  2994 D libEGL  : eglInitialize EGLDisplay = 0x7fe02293e8

03-03 02:20:10.250  3549  4636 V WindowStateAnimator: Finishing drawing window Window{b164edd u0 d0 com.YourCompany.AppTemplate/com.epicgames.ue4.GameActivity}: mDrawState=DRAW_PENDING

03-03 02:20:10.260  3549  4210 V WindowStateAnimator: Finishing drawing window Window{1797c95 u0 d0 SurfaceView}: mDrawState=READY_TO_SHOW

03-03 02:20:10.260 22241 22241 W DisplayListCanvas: DisplayListCanvas is started on unbinded RenderNode (without mOwningView)

03-03 02:20:10.270  3549  3629 D CustomFrequencyManagerService: releaseDVFSLockLocked : Getting Lock type frm List : DVFS_MIN_LIMIT  frequency : 1872000  uid : 1000  pid : 3549  tag : ACTIVITY_RESUME_BOOSTER@3

03-03 02:20:10.270  3549  3629 D ActivityManager: mDVFSHelper.release()

03-03 02:20:10.270  3549  3629 D CustomFrequencyManagerService: acquireDVFSLockLocked : type : DVFS_MIN_LIMIT  frequency : 1872000  uid : 1000  pid : 3549  pkgName : ACTIVITY_RESUME_BOOSTER@9

03-03 02:20:10.320  2994  2994 D libEGL  : eglInitialize EGLDisplay = 0x7fe02293e8

03-03 02:20:10.350  3549  3577 V WindowStateAnimator: Finishing drawing window Window{26899e u0 d0 com.YourCompany.AppTemplate/com.epicgames.ue4.GameActivity}: mDrawState=DRAW_PENDING

03-03 02:20:10.350 22241 22241 D ViewRootImpl: MSG_RESIZED_REPORT: ci=Rect(0, 0 - 0, 0) vi=Rect(0, 0 - 0, 0) or=2

03-03 02:20:10.350 22241 22265 D UE4     : LogAndroidEvents::EnqueueAppEvent : 11, [width=-1, height=-1], tid = 22265, APP_EVENT_STATE_WINDOW_GAINED_FOCUS

03-03 02:20:10.350 22241 22265 D UE4     : LogAndroidEvents::EnqueueAppEvent : 14, [width=-1, height=-1], tid = 22265, APP_EVENT_STATE_APP_ACTIVATED

03-03 02:20:10.350 22241 22265 D UE4     : LogAndroidEvents::EnqueueAppEvent : 15, [width=-1, height=-1], tid = 22265, APP_EVENT_RUN_CALLBACK

03-03 02:20:10.350  3549  4481 D InputMethodManagerService: windowGainedFocus mCurrentFocusedUserId - 0 and mSecureKeypadEnabled-false

03-03 02:20:10.360  3549  4481 I WindowManager: Switching to real app window: Window{26899e u0 d0 com.YourCompany.AppTemplate/com.epicgames.ue4.GameActivity}

03-03 02:20:10.360  3549  3660 D KnoxTimeoutHandler: notifyActivityDrawn [MsgParam] userId: 0 fullscreen is true showWhenlocked is false

03-03 02:20:10.360  3549  3549 D KnoxTimeoutHandler: activityDrawn [MsgParam] userId: 0 fullscreen is true showWhenlocked is false

03-03 02:20:10.360  3549  3660 I ActivityManager: Displayed com.YourCompany.AppTemplate/com.epicgames.ue4.GameActivity: +2s973ms (total +3s732ms)

03-03 02:20:10.360  3549  3549 I KnoxTimeoutHandler: SD activityfalse

03-03 02:20:10.360  3549  3660 I Timeline: Timeline: Activity_windows_visible id: ActivityRecord{7ab706d u0 com.YourCompany.AppTemplate/com.epicgames.ue4.GameActivity t10} time:749343

03-03 02:20:10.360  3549  3660 D ViewRootImpl: #3 mView = null

03-03 02:20:10.370  4894  4894 D SamsungIME: IMPL finishInput

03-03 02:20:10.370  4894  4894 D SamsungIME: SwiftKeyWrapper writeDBdataToFileOnFinishInput

03-03 02:20:10.370  4894  4894 D SamsungIME: saveAndClear +

03-03 02:20:10.370  4894  4894 D SamsungIME: saveAndClear -

03-03 02:20:10.370  4894  4894 D SamsungIME: onStartInput: No inputType, No imeOption, isInputViewShown = false, isExtractViewShown = false, isShowInputRequested = false, isConfigChanged = true

03-03 02:20:10.380  4894  4894 I SamsungIME: putCacheDrawable inputModule=0 key =ICON_SETTING

03-03 02:20:10.390  2994  2994 D libEGL  : eglInitialize EGLDisplay = 0x7fe02293e8

03-03 02:20:10.390  2994  4551 I SurfaceFlinger: id=105 Removed BppTemplate (9/11)

03-03 02:20:10.390  2994  3956 I SurfaceFlinger: id=105 Removed BppTemplate (-2/11)

03-03 02:20:10.400  2994  4284 D libEGL  : eglTerminate EGLDisplay = 0x7f996ffe78

03-03 02:20:10.410  2994  2994 D libEGL  : eglTerminate EGLDisplay = 0x7fe0229508

03-03 02:20:10.410  3549  4099 V WindowStateAnimator: Finishing drawing window Window{26899e u0 d0 com.YourCompany.AppTemplate/com.epicgames.ue4.GameActivity}: mDrawState=HAS_DRAWN

03-03 02:20:10.410 22241 22241 I Timeline: Timeline: Activity_idle id: android.os.BinderProxy@fdbaa66 time:749395

03-03 02:20:10.430 19438 19438 V ActivityThread: updateVisibility : ActivityRecord{ffc540f token=android.os.BinderProxy@a483e9a {com.ghisler.android.TotalCommander/com.ghisler.android.TotalCommander.TotalCommander}} show : false

03-03 02:20:10.570  3549  3549 D CustomFrequencyManagerService: releaseDVFSLockLocked : Getting Lock type frm List : DVFS_MIN_LIMIT  frequency : 1872000  uid : 1000  pid : 3549  tag : ACTIVITY_RESUME_BOOSTER@9

03-03 02:20:10.690 22241 22241 D ViewRootImpl: #1 mView = com.android.internal.policy.PhoneWindow$DecorView{1cb94ac V.E...... R.....I. 0,0-0,0}

03-03 02:20:10.700  3549  4508 D ISSUE_DEBUG: InputChannelName : 35c2e76 com.YourCompany.AppTemplate/com.epicgames.ue4.GameActivity

03-03 02:20:10.700  3549  4508 D InputDispatcher: Focus left window: 22241

03-03 02:20:10.700  3549  4508 D InputDispatcher: Focus entered window: 22241

03-03 02:20:10.700  3549  3660 D PointerIcon: setMouseIconStyle1 pointerType: 1001 iconType:101 flag:0 pid:3549 uid:1000

03-03 02:20:10.700  3549  3660 D PointerIcon: setMouseCustomIcon IconType is same.101

03-03 02:20:10.710  3549  4003 D MdnieScenarioControlService:  packageName : com.YourCompany.AppTemplate    className : com.epicgames.ue4.GameActivity

03-03 02:20:10.720  2994  2994 I SurfaceFlinger: id=114 createSurf (1x1),1 flag=4, HameActivit

03-03 02:20:10.750 22241 22266 D mali_winsys: new_window_surface returns 0x3000,  [1696x1297]-format:1

03-03 02:20:10.790 22241 22241 W DisplayListCanvas: DisplayListCanvas is started on unbinded RenderNode (without mOwningView)

03-03 02:20:10.810  3549  4003 I MdnieScenarioControlService: mGameModeLauncher : false

03-03 02:20:10.810  3549  4003 I MdnieScenarioControlService: setUIMode

03-03 02:20:10.830  2994  2994 D libEGL  : eglInitialize EGLDisplay = 0x7fe02293e8

03-03 02:20:10.830  3549  4639 V WindowStateAnimator: Finishing drawing window Window{35c2e76 u0 d0 com.YourCompany.AppTemplate/com.epicgames.ue4.GameActivity}: mDrawState=DRAW_PENDING

03-03 02:20:10.830 22241 22241 D ViewRootImpl: MSG_RESIZED_REPORT: ci=Rect(0, 0 - 0, 0) vi=Rect(0, 0 - 0, 0) or=2

03-03 02:20:10.840  3549  3660 D KnoxTimeoutHandler: notifyActivityDrawn [MsgParam] userId: 0 fullscreen is true showWhenlocked is false

03-03 02:20:10.840  3549  3549 D KnoxTimeoutHandler: activityDrawn [MsgParam] userId: 0 fullscreen is true showWhenlocked is false

03-03 02:20:10.840  3549  3549 I KnoxTimeoutHandler: SD activityfalse

03-03 02:20:10.850  3549  4414 V WindowStateAnimator: Finishing drawing window Window{35c2e76 u0 d0 com.YourCompany.AppTemplate/com.epicgames.ue4.GameActivity}: mDrawState=HAS_DRAWN

03-03 02:20:10.850 22241 22265 D UE4     : LogAndroidEvents::EnqueueAppEvent : 10, [width=-1, height=-1], tid = 22265, APP_EVENT_STATE_WINDOW_LOST_FOCUS

03-03 02:20:11.180  5470  5470 E audit   : type=1400 msg=audit(1583176811.170:436): avc:  denied  { getattr } for  pid=22303 comm="ps" path="/proc/2919" dev="proc" ino=8991 scontext=u:r:shell:s0 tcontext=u:r:logd:s0 tclass=dir permissive=0

03-03 02:20:11.180  5470  5470 E audit   :  SEPF_SECMOBILE_6.0.1_0004

03-03 02:20:11.180  5470  5470 E audit   : type=1300 msg=audit(1583176811.170:436): arch=c00000b7 syscall=79 success=no exit=-13 a0=ffffff9c a1=7fd2479f28 a2=7fd2479e78 a3=0 items=0 ppid=3152 pid=22303 auid=4294967295 uid=2000 gid=2000 euid=2000 suid=2000 fsuid=2000 egid=2000 sgid=2000 fsgid=2000 tty=pts0 ses=4294967295 comm="ps" exe="/system/bin/toolbox" subj=u:r:shell:s0 key=(null)

03-03 02:20:11.180  5470  5470 E audit   : type=1327 msg=audit(1583176811.170:436): proctitle="ps"

03-03 02:20:11.180  5470  5470 E audit   : type=1320 msg=audit(1583176811.170:436): 

03-03 02:20:11.960  2994  2994 D libEGL  : eglInitialize EGLDisplay = 0x7fe02293e8

03-03 02:20:11.980  2994  2994 D libEGL  : eglInitialize EGLDisplay = 0x7fe02293e8

03-03 02:20:12.300  5470  5470 E audit   : type=1400 msg=audit(1583176812.300:437): avc:  denied  { getattr } for  pid=22307 comm="ps" path="/proc/2919" dev="proc" ino=8991 scontext=u:r:shell:s0 tcontext=u:r:logd:s0 tclass=dir permissive=0

03-03 02:20:12.310  5470  5470 E audit   :  SEPF_SECMOBILE_6.0.1_0004

03-03 02:20:12.310  5470  5470 E audit   : type=1300 msg=audit(1583176812.300:437): arch=c00000b7 syscall=79 success=no exit=-13 a0=ffffff9c a1=7fcd390848 a2=7fcd390798 a3=0 items=0 ppid=3152 pid=22307 auid=4294967295 uid=2000 gid=2000 euid=2000 suid=2000 fsuid=2000 egid=2000 sgid=2000 fsgid=2000 tty=pts0 ses=4294967295 comm="ps" exe="/system/bin/toolbox" subj=u:r:shell:s0 key=(null)

03-03 02:20:12.310  5470  5470 E audit   : type=1327 msg=audit(1583176812.300:437): proctitle="ps"

03-03 02:20:12.310  5470  5470 E audit   : type=1320 msg=audit(1583176812.300:437): 

03-03 02:20:13.090 22309 22309 I rpmbd   : *************** start rpmb daemon *************** 

03-03 02:20:13.090 22309 22309 I rpmbd   : Socket has name /data/app/rpmbd

03-03 02:20:13.090 22309 22309 E rpmbd   : <device open> fail

03-03 02:20:13.360  3549  6628 D ConnectivityService: returning getNetworkInfo for network type 1 : [type: WIFI[] - WIFI, state: CONNECTED/CONNECTED, reason: (unspecified), extra: "RT-GPON-3262", roaming: false, failover: false, isAvailable: true]

03-03 02:20:13.440  5470  5470 E audit   : type=1400 msg=audit(1583176813.440:438): avc:  denied  { getattr } for  pid=22310 comm="ps" path="/proc/2919" dev="proc" ino=8991 scontext=u:r:shell:s0 tcontext=u:r:logd:s0 tclass=dir permissive=0

03-03 02:20:13.440  5470  5470 E audit   :  SEPF_SECMOBILE_6.0.1_0004

03-03 02:20:13.440  5470  5470 E audit   : type=1300 msg=audit(1583176813.440:438): arch=c00000b7 syscall=79 success=no exit=-13 a0=ffffff9c a1=7ff8f3a8b8 a2=7ff8f3a808 a3=0 items=0 ppid=3152 pid=22310 auid=4294967295 uid=2000 gid=2000 euid=2000 suid=2000 fsuid=2000 egid=2000 sgid=2000 fsgid=2000 tty=pts0 ses=4294967295 comm="ps" exe="/system/bin/toolbox" subj=u:r:shell:s0 key=(null)

03-03 02:20:13.440  5470  5470 E audit   : type=1327 msg=audit(1583176813.440:438): proctitle="ps"

03-03 02:20:13.440  5470  5470 E audit   : type=1320 msg=audit(1583176813.440:438): 

03-03 02:20:13.900  4060  4060 D MobileDataTile: onServiceStateChanged : 1

03-03 02:20:13.900  3549  3549 I CLocInfoService: Slot : -1 Service State Changed : 1

03-03 02:20:13.900  3549  3549 I CLocInfoCtrl: cur pol mccmnc null

03-03 02:20:13.900  3549  3549 I CLocInfoCtrl: cur pol mccmnc null

03-03 02:20:13.910  4060  4286 D NetworkController.MobileSignalController(0/2147483643): onServiceStateChanged voiceState=1 dataState=1

03-03 02:20:13.910  4060  4286 D NetworkController.MobileSignalController(0/2147483643): onServiceStateChanged mDataNetType=0

03-03 02:20:13.910  4060  4286 D NetworkController.MobileSignalController(0/2147483643): getMobileIconGroup(): 0

03-03 02:20:13.910  5505  5505 D CellLocationSupport: onServiceStateChanged() : serviceState  : 1

03-03 02:20:13.910  5505  5505 D SlickSSConfigHandler: data regstate is1, network type is0

03-03 02:20:13.910  5505  5571 I CellLocationSupport: onCellLocationChanged

03-03 02:20:13.910  5505  5505 D RegistrationManager: onServiceStateChanged(1 1 voice home data home  UMTS Unknown CSS not supported -1 -1 RoamInd=-1 DefRoamInd=-1 VoiceRegType=0 ImsVoiceAvail=0 IsEbSupport=2 IsEaBarred=0 Snap=0 FemtocellInd=0 EmergOnly=false IsDataRoamingFromRegistration=false)

03-03 02:20:13.950  3549  3992 D ConnectivityManager: getMobileDataEnabled()+ subId=2147483643

03-03 02:20:13.950  4444  5187 D PhoneInterfaceManager: [PhoneIntfMgr] getDataEnabled: subId=2147483643 phoneId=0

03-03 02:20:13.950  4444  5187 D PhoneInterfaceManager: [PhoneIntfMgr] getDataEnabled: subId=2147483643 retVal=true

03-03 02:20:13.950  3549  3992 D ConnectivityManager: getMobileDataEnabled()- subId=2147483643 retVal=true

03-03 02:20:13.980  4060  4060 D DeviceState: getMobileDataEnabled() ret=false SimState 1

03-03 02:20:13.990  5505  5571 I CellLocationSupport: Block to update PANI information in non VoWIFI

03-03 02:20:13.990  5505  5571 D RegistrationManager: handleMessage(): 50

03-03 02:20:13.990  5505  5571 D RegistrationManager: handleServiceStateChange(1 1 voice home data home  UMTS Unknown CSS not supported -1 -1 RoamInd=-1 DefRoamInd=-1 VoiceRegType=0 ImsVoiceAvail=0 IsEbSupport=2 IsEaBarred=0 Snap=0 FemtocellInd=0 EmergOnly=false IsDataRoamingFromRegistration=false)

03-03 02:20:13.990  5505  5571 D RegistrationManager: No roaming type founded [DATA_ROAMING]

03-03 02:20:13.990  5505  5571 D RegistrationManager: No roaming type founded [VOICE_ROAMING]

03-03 02:20:13.990  5505  5571 D RegistrationManager: getServiceState [1]

03-03 02:20:13.990  5505  5571 D RegistrationManager: notifyServiceStateChange : New State [1] Old State [1] Force to run [false]

03-03 02:20:13.990  5505  5571 D RegistrationManager: handleMessage(): 37

03-03 02:20:13.990  5505  5571 D RegistrationManager: getNetworkType [0]

03-03 02:20:13.990  4060  4060 D KeyguardUpdateMonitor: received broadcast android.intent.action.SERVICE_STATE

03-03 02:20:13.990  4060  4060 V KeyguardUpdateMonitor: action android.intent.action.SERVICE_STATE serviceState=1 1 voice home data home  UMTS Unknown CSS not supported -1 -1 RoamInd=-1 DefRoamInd=-1 VoiceRegType=0 ImsVoiceAvail=0 IsEbSupport=2 IsEaBarred=0 Snap=0 FemtocellInd=0 EmergOnly=false IsDataRoamingFromRegistration=false subId=2147483643

03-03 02:20:13.990  4060  4060 D KeyguardUpdateMonitor: handleServiceStateChange(subId=2147483643, serviceState=1 1 voice home data home  UMTS Unknown CSS not supported -1 -1 RoamInd=-1 DefRoamInd=-1 VoiceRegType=0 ImsVoiceAvail=0 IsEbSupport=2 IsEaBarred=0 Snap=0 FemtocellInd=0 EmergOnly=false IsDataRoamingFromRegistration=false

03-03 02:20:13.990  4060  4286 D NetworkController: onReceive: intent=Intent { act=android.intent.action.SERVICE_STATE flg=0x10 bqHint=4 VirtualScreenParam=Params{mDisplayId=-1, null, mFlags=0x00000000)} (has extras) }

03-03 02:20:13.990  4060  4060 D KeyguardCarrierText: onRefreshCarrierInfo: 

03-03 02:20:13.990  4060  4060 D KeyguardCarrierText: updateAllSlot

03-03 02:20:14.000  4060  4060 D KeyguardCarrierText: updateIntentData(): isMultiSIMState: falsesubId: 2147483643 phoneId:0plmn: No serviceSPN: 

03-03 02:20:14.000  4444  4444 D PhoneApp: PhoneAppBroadcastReceiver onReceive android.intent.action.SERVICE_STATE

03-03 02:20:14.000  4444  4444 D PhoneMultiSimUtils: getPhoneBySubId: subId =2147483643

03-03 02:20:14.000  3549  3978 D SecContentProvider2: query(), uri = 15 selection = getLockScreenHiddenItems

03-03 02:20:14.000  5505  5571 D CellLocationSupport: onReceive ACTION = android.intent.action.SERVICE_STATE

03-03 02:20:14.000  5505  5571 I CellLocationSupport: onCellLocationChanged

03-03 02:20:14.010  4060  4060 D KeyguardCarrierText: updateCarrierText(): isMultiSIMState: false

03-03 02:20:14.010  4060  4060 D KeyguardCarrierText: updateDate All slot

03-03 02:20:14.010  4060  4060 D KeyguardCarrierText: mSimState[0]ABSENT

03-03 02:20:14.010  4444  4444 D NotificationMgr: updateNetworkSelection()...serviceState = 1 networkSelection:  subId: 2147483643 SimState:1

03-03 02:20:14.010  4060  4060 D KeyguardCarrierText: mSimState[1]ABSENT

03-03 02:20:14.010  4444  4444 D NotificationMgr: NO SIM

03-03 02:20:14.010  4060  4060 D KeyguardCarrierText: Getting plmn/spn sticky brdcst  mPlmn:No service / mSpn:  phoneId:0 subId:2147483643 showPlmn: true showSpn:false

03-03 02:20:14.010  4060  4060 D KeyguardCarrierText: getStatusForIccState :  SIM state = ABSENT

03-03 02:20:14.010  4444  4444 D NotificationMgr: cancelNetworkSelection() - subId:2147483643

03-03 02:20:14.010  4444  4444 D NotificationMgr: cancelNetworkSelection()...

03-03 02:20:14.010  4060  4060 D KeyguardCarrierText: makeCarrierStringOnEmergencyCapable :  mIsEmergencyCallCapable:  true

03-03 02:20:14.010  4060  4060 D KeyguardCarrierText: concatenate : plmn = No SIM card, spn = No service

03-03 02:20:14.010  4060  4060 D KeyguardCarrierText: getCarrierTextForSimState :  SIM state = SimMissingcarrierText: No SIM card | No service

03-03 02:20:14.010  4060  4060 D KeyguardCarrierText: Handling ABSENT , carrierTextForSimState = No SIM card | No service

03-03 02:20:14.020  4444  4444 D NotificationMgr: cancelNetworkSelection()...user:UserHandle{0}

03-03 02:20:14.020  5505  5571 I CellLocationSupport: Block to update PANI information in non VoWIFI

03-03 02:20:14.020  4060  4060 D KeyguardCarrierText: updateCarrierText insertedMultiSim = false

03-03 02:20:14.020  4060  4060 D KeyguardCarrierText: updateCarrierText State: Absent SIM Number = 0

03-03 02:20:14.020  4060  4060 D KeyguardCarrierText: Getting plmn/spn sticky brdcst for Absent case No service/showPlmn: trueshowSpn: false phoneId:0 subId:2147483643

03-03 02:20:14.020  4060  4060 D KeyguardCarrierText: concatenate : plmn = No service

03-03 02:20:14.020  3549  3629 V BroadcastQueue: [background] Process cur broadcast BroadcastRecord{554bc02 u-1 android.intent.action.SERVICE_STATE qIdx=4}, state= (APP_RECEIVE) DELIVERED for app ProcessRecord{9b6f90b 21678:com.samsung.android.SettingsReceiver/1000}

03-03 02:20:14.030  4060  4060 D KeyguardCarrierText: makeCarrierStringOnEmergencyCapable :  mIsEmergencyCallCapable:  true

03-03 02:20:14.030  4060  4060 D KeyguardCarrierText: concatenate : plmn = No SIM card, spn = No service

03-03 02:20:14.030  4060  4060 D KeyguardCarrierText: setText :  displayText = No SIM card | No service

03-03 02:20:14.030  4060  4060 D EmergencyButton: onRefreshCarrierInfo

03-03 02:20:14.040 21691 21691 D StatusChecker: onReceive : android.intent.action.SERVICE_STATE

03-03 02:20:14.040 21691 21691 D StatusChecker: onReceive : SIMChangeAlertOption disabled return

03-03 02:20:14.040  3549  4487 V BroadcastQueue: [background] Process cur broadcast BroadcastRecord{554bc02 u-1 android.intent.action.SERVICE_STATE qIdx=4}, state= (APP_RECEIVE) DELIVERED for app ProcessRecord{c4b93e8 21691:com.sec.android.app.mt/1000}

03-03 02:20:14.580  5470  5470 E audit   : type=1400 msg=audit(1583176814.580:439): avc:  denied  { getattr } for  pid=22312 comm="ps" path="/proc/2919" dev="proc" ino=8991 scontext=u:r:shell:s0 tcontext=u:r:logd:s0 tclass=dir permissive=0

03-03 02:20:14.580  5470  5470 E audit   :  SEPF_SECMOBILE_6.0.1_0004

03-03 02:20:14.580  5470  5470 E audit   : type=1300 msg=audit(1583176814.580:439): arch=c00000b7 syscall=79 success=no exit=-13 a0=ffffff9c a1=7febc9f6d8 a2=7febc9f628 a3=0 items=0 ppid=3152 pid=22312 auid=4294967295 uid=2000 gid=2000 euid=2000 suid=2000 fsuid=2000 egid=2000 sgid=2000 fsgid=2000 tty=pts0 ses=4294967295 comm="ps" exe="/system/bin/toolbox" subj=u:r:shell:s0 key=(null)

03-03 02:20:14.580  5470  5470 E audit   : type=1327 msg=audit(1583176814.580:439): proctitle="ps"

03-03 02:20:14.580  5470  5470 E audit   : type=1320 msg=audit(1583176814.580:439): 

03-03 02:20:15.520  3549  3941 V AlarmManager: Expired Alarm result :4

03-03 02:20:15.540  3549  3629 V BroadcastQueue: [background] Process cur broadcast BroadcastRecord{2f88d49 u0 com.google.android.gms.gcm.ACTION_CHECK_QUEUE qIdx=4}, state= (APP_RECEIVE) DELIVERED for app ProcessRecord{4f223b0 4197:com.google.android.gms.persistent/u0a19}

03-03 02:20:15.610  3549  4191 V AlarmManager:  remove PendingIntent] PendingIntent{673d068: PendingIntentRecord{a3ff5bd com.google.android.gms broadcastIntent}}

03-03 02:20:15.630 18730 18730 I Finsky  : [1] JobSchedulerEngine$PhoneskyJobSchedulerJobService.onStartJob(5): SCH: onJobSchedulerWakeup with jobId 9008

03-03 02:20:15.640  3549  3941 V AlarmManager: Expired Alarm result :8

03-03 02:20:15.670 18730 18730 I Finsky  : [1] tqm.a(5): Scheduling fallback in 43199964 (absolute: 43957345)

03-03 02:20:15.690  5470  5470 E audit   : type=1400 msg=audit(1583176815.690:440): avc:  denied  { getattr } for  pid=22332 comm="ps" path="/proc/2919" dev="proc" ino=8991 scontext=u:r:shell:s0 tcontext=u:r:logd:s0 tclass=dir permissive=0

03-03 02:20:15.690  5470  5470 E audit   :  SEPF_SECMOBILE_6.0.1_0004

03-03 02:20:15.690  5470  5470 E audit   : type=1300 msg=audit(1583176815.690:440): arch=c00000b7 syscall=79 success=no exit=-13 a0=ffffff9c a1=7fe5ce5348 a2=7fe5ce5298 a3=0 items=0 ppid=3152 pid=22332 auid=4294967295 uid=2000 gid=2000 euid=2000 suid=2000 fsuid=2000 egid=2000 sgid=2000 fsgid=2000 tty=pts0 ses=4294967295 comm="ps" exe="/system/bin/toolbox" subj=u:r:shell:s0 key=(null)

03-03 02:20:15.690  5470  5470 E audit   : type=1327 msg=audit(1583176815.690:440): proctitle="ps"

03-03 02:20:15.690  5470  5470 E audit   : type=1320 msg=audit(1583176815.690:440): 

03-03 02:20:15.690 18730 18730 I Finsky  : [1] tqm.a(5): Scheduling fallback in 64799979 (absolute: 65557382)

03-03 02:20:15.720 18730 18730 I Finsky  : [1] JobSchedulerEngine$PhoneskyJobSchedulerJobService.onStartJob(5): SCH: onJobSchedulerWakeup with jobId 9012

03-03 02:20:15.730 18730 18730 I Finsky  : [1] tqm.a(5): Scheduling fallback in 43199988 (absolute: 43957430)

03-03 02:20:15.730  9320  9320 V VRSetupWizard/VRSW: (null:-1) onStartJob() [[VRSW] onStartJob(), [Scenario:1][RunbyVRSVC:false][isManual:false][AutoUpdateEndabled:true][Wifi : true]]

03-03 02:20:15.740 18730 18730 I Finsky  : [1] tqm.a(5): Scheduling fallback in 64799993 (absolute: 65557442)

03-03 02:20:15.750 18730 18730 W Finsky  : [1] JobSchedulerEngine$PhoneskyJobSchedulerJobService.onStartJob(10): SCH: onJobSchedulerWakeup while already running

03-03 02:20:15.760 18730 21384 I System.out: (HTTPLog)-Static: isSBSettingEnabled false

03-03 02:20:15.760 18730 21384 I System.out: (HTTPLog)-Static: isSBSettingEnabled false

03-03 02:20:15.760  9320  9320 D VRSetupWizard/VRSW: (null:-1) h() [[UpdateJobService] startDownloadManager]

03-03 02:20:15.760  9320  9320 D VRSetupWizard/VRSW: (null:-1) a() [[DownloadInstallManager] initDownloadInstallManager]

03-03 02:20:15.800  3549  4508 V AlarmManager:  remove PendingIntent] PendingIntent{65e4480: PendingIntentRecord{a3ff5bd com.google.android.gms broadcastIntent}}

03-03 02:20:15.820  9320  9320 D VRSetupWizard/VRSW: (null:-1) a() [[DownloadInstallManager] addDownloadInstallCallback : [class com.samsung.android.app.vrsetupwizard.system.setupwizard.services.UpdateJobService]]

03-03 02:20:15.820  9320  9320 D VRSetupWizard/VRSW: (null:-1) a() [[DownloadInstallManager] getPackageListFromServer]

03-03 02:20:15.840 22336 22336 E Zygote  : v2

03-03 02:20:15.840 22336 22336 I libpersona: KNOX_SDCARD checking this for 10542

03-03 02:20:15.840 22336 22336 I libpersona: KNOX_SDCARD not a persona

03-03 02:20:15.850 22336 22336 W SELinux : Function: selinux_compare_spd_ram, index[1], priority [2], priority version is VE=SEPF_SECMOBILE_6.0.1_0004

03-03 02:20:15.850 22336 22336 E Zygote  : accessInfo : 0

03-03 02:20:15.850 22336 22336 W SELinux : SELinux: seapp_context_lookup: seinfo=default, level=s0:c512,c768, pkgname=com.reddit.frontpage 

03-03 02:20:15.850  3549  4191 I ActivityManager: Start proc 22336:com.reddit.frontpage/u0a542 for service com.reddit.frontpage/com.firebase.jobdispatcher.GooglePlayReceiver

03-03 02:20:15.860  9320  9320 D VRSetupWizard/VRSW: (null:-1) a() [[CheckSamsungPackages]checkSamsungPackages]

03-03 02:20:15.860 18730 18730 I Finsky  : [1] tqv.handleMessage(10): SCH: DeviceState: DeviceState{currentTime=1583176815837, isCharging=false, isIdle=false, netAny=true, netNotRoaming=true, netUnmetered=true, batteryPercent=69.0}

03-03 02:20:15.870 18730 22348 I Finsky  : [332] ttj.a(7): SCH: Jobs in database: 1-1337 12-1 26-1414141414 34-636 34-637 34-649 34-650 34-651 

03-03 02:20:15.880 22336 22336 D TimaKeyStoreProvider: TimaSignature is unavailable

03-03 02:20:15.880 22336 22336 D ActivityThread: Added TimaKeyStore provider

03-03 02:20:15.880 18730 18730 I Finsky  : [1] tqw.a(20): SCH: Running job: 12-1

03-03 02:20:15.890 18730 18730 I Finsky  : [1] ContentSyncJob.a(14): ContentSyncJob started

03-03 02:20:15.890 18730 18730 I Finsky  : [1] tqv.handleMessage(63): SCH: RunningQueue size: 1, PendingQueue size: 0

03-03 02:20:15.890 18730 18730 I Finsky  : [1] tqv.handleMessage(66): SCH: Running queue: 12-1 

03-03 02:20:15.900  3259  3752 D EnterpriseController: netId is 0

03-03 02:20:15.900  3259  3752 D Netd    : getNetworkForDns: using netid 502 for uid 10794

03-03 02:20:15.900 22336 22336 I InjectionManager: Inside getClassLibPath + mLibMap{0=, 1=}

03-03 02:20:15.900 22336 22336 W ResourcesManager: getTopLevelResources: /data/app/com.reddit.frontpage-1/base.apk / 1.0 running in com.reddit.frontpage rsrc of package com.reddit.frontpage

03-03 02:20:15.900  3549  3576 I InjectionManagerService -AppFeature: getCoreFeaturePkgList :[]

03-03 02:20:15.910 22336 22336 W ResourceType: ResTable_typeSpec entry count inconsistent: given 2422, previously 2458

03-03 02:20:15.910 22336 22336 W ResourceType: ResTable_typeSpec entry count inconsistent: given 860, previously 940

03-03 02:20:15.910 22336 22336 W ResourceType: ResTable_typeSpec entry count inconsistent: given 1000, previously 1016

03-03 02:20:15.910 22336 22336 W ResourceType: ResTable_typeSpec entry count inconsistent: given 173, previously 840

03-03 02:20:15.910 22336 22336 I InjectionManager: Inside getClassLibPath caller 

03-03 02:20:15.910 22336 22336 D ResourcesManager: For user 0 new overlays fetched Null

03-03 02:20:16.120 22336 22360 W f.l.a.c.h.i.v1: Application name is not set. Call Builder#setApplicationName.

03-03 02:20:16.120 22336 22336 W f.l.a.c.h.i.v1: Application name is not set. Call Builder#setApplicationName.

03-03 02:20:16.130 22336 22336 D isEnabled: No perf enable meta data found in manifest.

03-03 02:20:16.130 22336 22336 I FirebaseInitProvider: FirebaseApp initialization successful

03-03 02:20:16.130 22336 22336 I CrashlyticsInitProvider: CrashlyticsInitProvider skipping initialization

03-03 02:20:16.140 22336 22336 W ResourcesManager: getTopLevelResources: /data/app/com.reddit.frontpage-1/base.apk / 1.0 running in com.reddit.frontpage rsrc of package com.reddit.frontpage

03-03 02:20:16.160 22336 22336 D Minikin : FontFamily bestFont == NULL, so return vacant FakedFont

03-03 02:20:16.160 22336 22336 D Minikin : FontFamily bestFont == NULL, so return vacant FakedFont

03-03 02:20:16.160 22336 22336 D Minikin : FontFamily bestFont == NULL, so return vacant FakedFont

03-03 02:20:16.160 22336 22336 D Minikin : FontFamily bestFont == NULL, so return vacant FakedFont

03-03 02:20:16.160 22336 22336 D Minikin : FontFamily bestFont == NULL, so return vacant FakedFont

03-03 02:20:16.160 22336 22336 D Minikin : FontFamily bestFont == NULL, so return vacant FakedFont

03-03 02:20:16.170 18730 22351 I Finsky  : [334] eho.a(29): Completed 0 account content syncs with 0 successful.

03-03 02:20:16.170 18730 18730 I Finsky  : [1] ContentSyncJob.a(12): Installation state replication succeeded.

03-03 02:20:16.170 18730 18730 I Finsky  : [1] tsg.a(16): SCH: jobFinished: 12-1. TimeElapsed: 285ms.

03-03 02:20:16.170 18730 18730 I Finsky  : [1] tqw.a(37): SCH: Job 12-1 finished. Not rescheduling.

03-03 02:20:16.170 18730 18730 I Finsky  : [1] tqv.handleMessage(63): SCH: RunningQueue size: 0, PendingQueue size: 0

03-03 02:20:16.170 18730 18730 I Finsky  : [1] tqv.handleMessage(29): Executor finished

03-03 02:20:16.190 18730 18730 I Finsky  : [1] ttj.a(7): SCH: Jobs in database: 1-1337 26-1414141414 34-636 34-637 34-649 34-650 34-651 

