--------- beginning of main

03-03 02:20:06.350 22232 22232 I FIPS_bssl: FIPS approved mode (1) | 22232 | app_process

03-03 02:20:06.360 22232 22232 D AndroidRuntime: >>>>>> START com.android.internal.os.RuntimeInit uid 2000 <<<<<<

03-03 02:20:06.370 22232 22232 D AndroidRuntime: CheckJNI is OFF

03-03 02:20:06.370 22232 22232 D AndroidRuntime: readGMSProperty: start

03-03 02:20:06.370 22232 22232 D AndroidRuntime: readGMSProperty: already setted!!

03-03 02:20:06.370 22232 22232 D AndroidRuntime: propertySet: couldn't set property (it is from app)

03-03 02:20:06.370 22232 22232 D AndroidRuntime: readGMSProperty: could not set the property(default)!!

03-03 02:20:06.370 22232 22232 D AndroidRuntime: readGMSProperty: end

03-03 02:20:06.370 22232 22232 D AndroidRuntime: addProductProperty: start

03-03 02:20:06.400 22232 22232 D ICU     : No timezone override file found: /data/misc/zoneinfo/current/icu/icu_tzdata.dat

03-03 02:20:06.430 22232 22232 I Radio-JNI: register_android_hardware_Radio DONE

03-03 02:20:06.440 22232 22232 E AffinityControl: AffinityControl: registerfunction enter

03-03 02:20:06.450 22232 22232 D AndroidRuntime: Calling main entry com.android.commands.am.Am

03-03 02:20:06.480  3549  4413 D VirtualScreenPolicy: applyVirtualScreenAttrs attrs=VirtualScreenAttrs{mDisplayId=0, mBaseDisplayId=0, mBaseActivity=false}

--------- beginning of system

03-03 02:20:06.480  3549  4413 W ResourcesManager: getTopLevelResources: /data/app/com.YourCompany.AppTemplate-2/base.apk / 1.0 running in null rsrc of package com.YourCompany.AppTemplate

03-03 02:20:06.490  3549  4413 D ResourcesManager: For user 0 new overlays fetched Null

03-03 02:20:06.490  3549  4413 D GameManagerService: identifyGamePackage. com.YourCompany.AppTemplate

03-03 02:20:06.490  3549  4413 D MultiWindowPolicy: Gamemode - return 0,  when calling  identifyForegroundApp(com.YourCompany.AppTemplate)

03-03 02:20:06.490  3549  4413 D CustomFrequencyManagerService: acquireDVFSLockLocked : type : DVFS_MIN_LIMIT  frequency : 1872000  uid : 1000  pid : 3549  pkgName : ACTIVITY_RESUME_BOOSTER@3

03-03 02:20:06.490  3549  4413 D ActivityManager: mDVFSHelper.acquire()

03-03 02:20:06.490  3549  4413 V WindowManager: addAppToken: AppWindowToken{d04cdffb5 token=Token{b45afec ActivityRecord{ffb29f u0 com.YourCompany.AppTemplate/com.epicgames.ue4.SplashActivity t10}}} to stack=1 task=10 at 0

03-03 02:20:06.500  3549  3660 D ViewRootImpl: #1 mView = com.android.internal.policy.PhoneWindow$DecorView{e2be231 V.E...... R.....ID 0,0-0,0}

03-03 02:20:06.500  3549  3660 D ISSUE_DEBUG: InputChannelName : eef5697 Starting com.YourCompany.AppTemplate

03-03 02:20:06.500  3549  3660 D SecWifiDisplayUtil: Metadata value : SecSettings2

03-03 02:20:06.540  2994  2994 I SurfaceFlinger: id=105 createSurf (1x1),1 flag=404, BppTemplate

03-03 02:20:06.570  3549  3660 D ViewRootImpl: MSG_RESIZED_REPORT: ci=Rect(0, 0 - 0, 0) vi=Rect(0, 0 - 0, 0) or=1

03-03 02:20:06.570  3549  4413 D InputDispatcher: Focused application set to: xxxx

03-03 02:20:06.570  3549  4413 D InputDispatcher: Focus left window: 19438

03-03 02:20:06.570 22232 22232 D AndroidRuntime: Shutting down VM

03-03 02:20:06.600  3549  3660 V WindowStateAnimator: Finishing drawing window Window{eef5697 u0 d0 Starting com.YourCompany.AppTemplate}: mDrawState=DRAW_PENDING

03-03 02:20:06.600  3549  3660 D PointerIcon: setMouseIconStyle1 pointerType: 1001 iconType:101 flag:0 pid:3549 uid:1000

03-03 02:20:06.600  3549  3660 D PointerIcon: setMouseCustomIcon IconType is same.101

03-03 02:20:06.610  2994  2994 D libEGL  : eglInitialize EGLDisplay = 0x7fe02293e8

03-03 02:20:06.640 22241 22241 E Zygote  : v2

03-03 02:20:06.640 22241 22241 W SELinux : Function: selinux_compare_spd_ram, index[1], priority [2], priority version is VE=SEPF_SECMOBILE_6.0.1_0004

03-03 02:20:06.640 22241 22241 E Zygote  : accessInfo : 0

03-03 02:20:06.640 22241 22241 W SELinux : SELinux: seapp_context_lookup: seinfo=default, level=s0:c512,c768, pkgname=com.YourCompany.AppTemplate 

03-03 02:20:06.640 22241 22241 I libpersona: KNOX_SDCARD checking this for 10894

03-03 02:20:06.640 22241 22241 I libpersona: KNOX_SDCARD not a persona

03-03 02:20:06.650 22241 22241 I art     : Late-enabling -Xcheck:jni

03-03 02:20:06.650  3549  4194 I ActivityManager: Start proc 22241:com.YourCompany.AppTemplate/u0a894 for activity com.YourCompany.AppTemplate/com.epicgames.ue4.SplashActivity

03-03 02:20:06.690 22241 22241 D TimaKeyStoreProvider: TimaSignature is unavailable

03-03 02:20:06.690 22241 22241 D ActivityThread: Added TimaKeyStore provider

03-03 02:20:06.700  3549  4191 V WindowOrientationListener: setCurrentAppOrientation :0

03-03 02:20:06.700  3549  4191 V WindowManager: rotationForOrientationLw(orient=0, last=0); user=0 USER_ROTATION_LOCKED sensorRotation=-1 mLidState=-1 mDockMode=0 mHdmiPlugged=false mMobileKeyboardEnabled=false displayId=0

03-03 02:20:06.700  3549  4191 D SamsungWindowManager: setRotationLw() : rotation=1

03-03 02:20:06.700  3549  4191 D CustomFrequencyManagerService: acquireDVFSLockLocked : type : DVFS_MIN_LIMIT  frequency : 2600000  uid : 1000  pid : 3549  pkgName : ROTATION_BOOSTER@30

03-03 02:20:06.710  3549  4191 D InputDispatcher: setInputDispatchMode: enabled=1, frozen=1

03-03 02:20:06.710  2994  2994 I SurfaceFlinger: id=106 createSurf (1440x2560),2 flag=4, TcreenshotS

03-03 02:20:06.740  2994  2994 D libEGL  : eglInitialize EGLDisplay = 0x7fe02293e8

03-03 02:20:06.750  2994  2994 I SurfaceFlinger: Disp[0] Orientation 0=>1

03-03 02:20:06.800  3549  3954 I InputReader: Reconfiguring input devices.  changes=0x00000004

03-03 02:20:06.800  3549  3954 I InputReader: Device reconfigured: id=4, name='sec_touchscreen', size 1440x2560, orientation 1, mode 1, display id 0

03-03 02:20:06.800  3549  3954 D InputReader: Wrote command set_rotation_status,1

03-03 02:20:06.800  3549  4191 I ActivityManager: Config changes=480 {1 1.35 themeSeq = 0 showBtnBg = 0 ?mcc?mnc en_US ldltr sw360dp w640dp h336dp 640dpi nrml long land finger -keyb/v/h -nav/h mkbd/h s.14}

03-03 02:20:06.840  3549  3565 I art     : Background partial concurrent mark sweep GC freed 123129(7MB) AllocSpace objects, 20(484KB) LOS objects, 25% free, 47MB/63MB, paused 2.605ms total 320.704ms

03-03 02:20:06.990 18417 18417 D [WeatherWidget(1122)]  WeatherService: {[9766DBD5B6C289B8E78D0273630B76F2CD13DA38B36DA830D777A9288808F010CBF58A2D185F3122173D3F83A1E1F5F8]}

03-03 02:20:07.000 18417 18417 D [WeatherWidget(1122)]  WeatherAppWidget2x1: {[9C41A2EAFAAB2EF4F8363256C22FE8AD43BFD6CF03C71FF397F10FC4FDAB92E3AA5AD807F63F935949749B4CBC931DBB]}

03-03 02:20:07.000 18417 18417 D [WeatherWidget(1122)]  : {[2D2249969633C75048AFFA77018FC262A5406E6289C5CE5634F2319E6035ADCE]}

03-03 02:20:07.010 18417 18417 D [WeatherWidget(1122)]  : {[E6776F72600F716AFDE58BE9EACA2603EE37448FE3465F6ECA828B9DC69C336EB9077209E305C49AC6D5DBFE0E6E17B85D161795B39CA4B3DA1D171C3D3BF00F119B382EEA569F25868B710D95A4DD84]}

03-03 02:20:07.010 18417 18417 D [WeatherWidget(1122)]  : {[47102C2B5E96365183C82C0FE699D9F69D263DFE45CA6B041087307FE429666E8FBDE8E1B1D218CD66060B8075D070752CCD318DE2F0073D9CCB8769850F0B23]}

03-03 02:20:07.020 18417 18417 D [WeatherWidget(1122)]  : {[9B6D37A6E78957DEF2672BDBC8B21ECEF9CDAF8316F54FED797F46BF020B4C56B2E094615491C52132175E883F1BDE97CB1BFCF6743A3DE96B889AF50583DA043F4BABEB96DB336DAD94085C6936358B2B7A0DDE33732AEE20405CCFD520B4652226BE0FD927F6C467BEABEFF9860A7E8A835BFB37E50E035F53952306291129C3EBA3844198B10B77B2EC5DAC04F92FCFE84E13F215070D61B9E36BD357C39095A178E8E9E61E077381E32BECDACDA8AD24BFC546B2D511EE4FDA27449A10F0870F7490D641C0256D044DE029FBA4FABDE37C55AFB1BB4C80241A13BAB0CA5C89233946357A1612594F9C64D82AEEEA]}

03-03 02:20:07.030 18417 18417 D [WeatherWidget(1122)]  : {[D069733669198AE926FC9209496FFEA3A25EA136D7419DC12707996B165EF3AE9F27D4204AA632F9686AD4C453357488856473B8537D2C15A07F3F5865377AAD017D772577008ABC13ECFB385139633D]}

03-03 02:20:07.030 18417 18417 D [WeatherWidget(1122)]  : {[B3013D52B8165AFF78F5166C7D49662F6E1EC9FC9CAC17A3F71599AA0EC18667EE591A32E96C786884719403440F0CCF]}

03-03 02:20:07.030 18417 18417 D [WeatherWidget(1122)]  : {[D069733669198AE926FC9209496FFEA3A25EA136D7419DC12707996B165EF3AE9F27D4204AA632F9686AD4C453357488856473B8537D2C15A07F3F5865377AAD017D772577008ABC13ECFB385139633D]}

03-03 02:20:07.040  4894  4894 V SamsungIME: onConfigurationChanged

03-03 02:20:07.040  4894  4894 D SamsungIME: onConfigurationChanged- Configuration.MOBILEKEYBOARD_COVERED_NO 

03-03 02:20:07.040 18417 18417 D [WeatherWidget(1122)]  : {[201E96CE7DF5E5C0133ED26A75E4DF3DC49D60D90A71ABC4715DC80956DDBDE19A8CDF55C9519F3456BE51B097B6848CE4EE57363E1DCF394AECB6F18AF2F032]}

03-03 02:20:07.050 18417 18417 D [WeatherWidget(1122)]  : {[7E49FF3321088531596C9B7C60C6CB13F2F64C9F1E3D137D4745E449E85B3DA726071F716F8FE3D1AC7A2029E5B7D6F2]}

03-03 02:20:07.050 18417 18417 D [WeatherWidget(1122)]  : {[AEA5883A5C6E5D74CF98F0EA775AE416A582779E5869D605E4E941C1A0612A5A2120BEADC627A26DC44C5093A3D3AE4324E711F72074E57C85461037AE31A3CF]}

03-03 02:20:07.050 18417 18417 D [WeatherWidget(1122)]  : {[0805BAE31D5D15F011F92319A515102FED5261E61F518BED47148BB3DC1A0F5A83883FB400FFFCB55812BB1994A45A3A]}

03-03 02:20:07.050 18417 18417 D [WeatherWidget(1122)]  : {[7CD00A6EA04C2982C00DBEC9A361716A0C05CFD18A85FBEA8275CA1D4A75ADE4245C20C8828237C8655B502CF3B39689]}

03-03 02:20:07.050 18417 18417 D [WeatherWidget(1122)]  : {[E22DC61125A23EEE7F94D18B14CD51E34707823EB9ECEB0C6FB7392C7EED2739B1CEF505D62CF9FA1ADDEE2CBC8387AD]}

03-03 02:20:07.050 18417 18417 D [WeatherWidget(1122)]  : {[4C2ADF44AA29515B79D3CAE496F5F150D65697C01EF893E50B4ABB99F3B83DA12EF9E6EC7A1E5E22BE24A38416F23314]}

03-03 02:20:07.050 18417 18417 D [WeatherWidget(1122)]  : {[EF27E126263288DD748956BD5C59CC93058DD457DF29CB4D81FCBAC74E35737D2E6A44D6D8887D45D97BF15588606019]}

03-03 02:20:07.050 18417 18417 D [WeatherWidget(1122)]  : {[CDF4A303413346AFF07FCF162E7514E7BD0B0B4553C7BAC14F13DE674FA1F1AB8C9DF888DBD4FE7923B527C3C6E111AA]}

03-03 02:20:07.050 18417 18417 D [WeatherWidget(1122)]  : {[83E8B4AABF71847ED879BE78943CC90F19A4965A392EC94E783CB73441D27BDFE36EDB1F2B46F34EA0B780EBE1342998]}

03-03 02:20:07.050 18417 18417 D [WeatherWidget(1122)]  : {[861FACCFF30AB3E48D840ABEBC695D4A8C5CD96BEB58C5B534C7CB4D504F415E37C90C47FA39A921282686A2A5A29903]}

03-03 02:20:07.050  4894  4894 I SamsungIME: [Before] hardKeyboardHidden(2) keyboardType(1)

03-03 02:20:07.050  4894  4894 I SamsungIME:          mHwKeyboardShown [isHWKeyboardOpen()] = false --> false

03-03 02:20:07.050  4894  4894 E SamsungIME:          isHWKeyboardConnected() = false --> false

03-03 02:20:07.050 18417 18417 D [WeatherWidget(1122)]  : {[90263916D8D8F8488DAB63E20B286CA493BE786B6FA2CCCBF5E2122E57FF964587E4CA54F62D8AAD27B58D9AC226BCBC]}

03-03 02:20:07.050 18417 18417 D [WeatherWidget(1122)]  : {[004BBF6D85EC453F567C7E96E44820504B0684C6187F761B85FF43AE59F981524DDAE616C1A249E424A82419709243D2]}

03-03 02:20:07.060  4894  4894 I SamsungIME: [hasToCallSuper] true

03-03 02:20:07.060 18417 18417 D [WeatherWidget(1122)]  : {[368330E6744E6961A7DD367884B7E48367053B9F49C4DF88587743D8E162E6DC]}

03-03 02:20:07.060  4894  4894 D SamsungIME: onStartInput: No inputType, No imeOption, isInputViewShown = false, isExtractViewShown = false, isShowInputRequested = false, isConfigChanged = false

03-03 02:20:07.070 18417 18417 D [WeatherWidget(1122)]  DateTimeUtil: {[04598F923CD5394063C71C73750454BF91269387E69197FF1DA95CEF79005763870B6F5F9AE93CFB278B4DC4600142066C3EB8186220AA0F0A151827ABE33EDD38AB37A251318292A65D678ACBD3C4C91134031063B5ABDADFE021C1DD4A5B43]}

03-03 02:20:07.070 18417 18417 D [WeatherWidget(1122)]  : {[A71D5F702E8883A2681B3D2475E8FBD69BD016A54E9184AF44325173A2313E39]}

03-03 02:20:07.070 18417 18417 D [WeatherWidget(1122)]  : {[19DA81421E23EEE91D07213381494D6F6EF38DB017E0B427CB1E4734A683E9B8CFBFCE6D20FDBA40421EDF09C0C9B002]}

03-03 02:20:07.070  9635  9635 D ViewRootImpl: MSG_RESIZED_REPORT: ci=Rect(0, 0 - 0, 0) vi=Rect(0, 0 - 0, 0) or=2

03-03 02:20:07.090  3549  3577 V WindowStateAnimator: Finishing drawing window Window{d4485d3 u0 d0 com.urbandroid.lux}: mDrawState=DRAW_PENDING

03-03 02:20:07.090 18417 18417 E [WeatherWidget(1122)]  : {[A50089F313FE9CAE9E99A102FA8425935A44347C27D297E09E52D4804255804680FEB3F824775CD3449285F03AFF688714212A7FD81A9B1D95B50DED6A80DCC6664A126608EFF3C7B0254893640312F8]}

03-03 02:20:07.090  3549  4191 D ActivityManager:  Launching com.YourCompany.AppTemplate, updated priority

03-03 02:20:07.090  3549  3630 D StatusBarManagerService: manageDisableList userId=0 what=0x0 pkg=Window{eef5697 u0 d0 Starting com.YourCompany.AppTemplate}

03-03 02:20:07.090  3549  3630 W ContextImpl: Calling a method in the system process without a qualified user: android.app.ContextImpl.sendBroadcast:830 com.android.server.policy.PhoneWindowManager.notifyToSSRM:8587 com.android.server.policy.PhoneWindowManager.access$1500:304 com.android.server.policy.PhoneWindowManager$PolicyHandler.handleMessage:1206 android.os.Handler.dispatchMessage:102 

03-03 02:20:07.100  3549  3549 D Tethering: NAP Supported and not Wifi Model

03-03 02:20:07.110  3549  3549 E Tethering: No numeric data

03-03 02:20:07.110  4060  4173 D vol.VolumeDialogControl: onReceive ACTION_CONFIGURATION_CHANGED

03-03 02:20:07.110  4060  5988 D vol.VolumeDialogControl.VC: setLayoutDirection

03-03 02:20:07.110 22241 22241 W ResourcesManager: getTopLevelResources: /data/app/com.YourCompany.AppTemplate-2/base.apk / 1.0 running in com.YourCompany.AppTemplate rsrc of package com.YourCompany.AppTemplate

03-03 02:20:07.120 22241 22241 I InjectionManager: Inside getClassLibPath + mLibMap{0=, 1=}

03-03 02:20:07.120  3549  4191 I InjectionManagerService -AppFeature: getCoreFeaturePkgList :[]

03-03 02:20:07.120  3549  3629 V MARsPolicyManager: updatePackagesScore PackageInfo name -- com.YourCompany.AppTemplate

03-03 02:20:07.120  4060  4060 D Recents : handleProxyCall type=6

03-03 02:20:07.130 18417 18417 D [WeatherWidget(1122)]  : {[D00E10C2CECF092D4729C464111FCD9D21D37AD31CD5A40BF9EAEF7F690C4F989EDBED9682531DF62142FA46589FB4B4]}

03-03 02:20:07.130 18417 18417 D [WeatherWidget(1122)]  : {[B50FE9C978C0A16B59A9AF96D449FE7DFB4A87A204D15C5202711385DD96386034568F4E4886B12675C6F83566228EFD]}

03-03 02:20:07.130 19438 19438 D ViewRootImpl: MSG_RESIZED_REPORT: ci=Rect(0, 96 - 0, 0) vi=Rect(0, 96 - 0, 0) or=2

03-03 02:20:07.130 22241 22241 D ResourcesManager: For user 0 new overlays fetched Null

03-03 02:20:07.140  4060  4286 D NetworkController.MobileSignalController(0/2147483643): getMobileIconGroup(): 0

03-03 02:20:07.140  4060  4286 D NetworkController: updateCarrierText : No service

03-03 02:20:07.140  4060  4060 D ImageWallpaper: mNewKeyboard : 0 mLastKeyboard : 0

03-03 02:20:07.140  4060  4060 D ViewRootImpl: MSG_RESIZED_REPORT: ci=Rect(0, 0 - 0, 0) vi=Rect(0, 0 - 0, 0) or=2

03-03 02:20:07.140  4157  4157 D Recents : handleProxyCall type=6

03-03 02:20:07.150  4060  4060 D KeyguardCircleAffordanceView: setPreviewView: mRight=true,preview=android.widget.AbsoluteLayout{b229fc7 I.E...... ......ID 0,0-0,0}

03-03 02:20:07.150  4060  4060 D SecKeyguardClockView: onConfigurationChanged()

03-03 02:20:07.150  4060  4060 D SecKeyguardClockView: handleDelayedOnConfigurationChanged()

03-03 02:20:07.160 18417 18417 D [WeatherWidget(1122)]  : {[D069733669198AE926FC9209496FFEA3A25EA136D7419DC12707996B165EF3AE9F27D4204AA632F9686AD4C453357488856473B8537D2C15A07F3F5865377AAD017D772577008ABC13ECFB385139633D]}

03-03 02:20:07.160 18417 18417 D [WeatherWidget(1122)]  : {[33D601D4F806AF5753A7CC442C3234C793305DEA3F1A777E0F1FF6CA6D824B7B7A692BB870FD2B370B5442E2555E0CE3CEED14DDCF8409FE3E9482B0637E6920]}

03-03 02:20:07.160 22241 22241 I InjectionManager: Inside getClassLibPath caller 

03-03 02:20:07.160 18417 18417 D [WeatherWidget(1122)]  EasyWeatherAppWidget: {[48948B2BE5213A6D5B0C9B7747497512033E9607E79618DBC7A3529844BB4AE4860E10CBEEC737745AF9CF85B619E7A0]}

03-03 02:20:07.160 18417 18417 D [WeatherWidget(1122)]  : {[0D8BACA2DC34BD7CF347D72E41AD550BFB173F9E24853425F38D6204AA029D0090239290A380FB0C5601CEFBDBB631CC]}

03-03 02:20:07.160 18417 18417 D [WeatherWidget(1122)]  : {[0D8BACA2DC34BD7CF347D72E41AD550B1B500FA7302F2DD187E30A91C824BE508BD511366CCDA59A25FA73AC19D63ABE9128553B50D5791EA4E7D140F7D659F1]}

03-03 02:20:07.160 18417 18417 D [WeatherWidget(1122)]  : {[0D8BACA2DC34BD7CF347D72E41AD550B9B4FA33EF28B3CC8832D5761E14F00DBE43EA37B275BF63E60C27AF2430090C4]}

03-03 02:20:07.160 18417 18417 D [WeatherWidget(1122)]  : {[0D8BACA2DC34BD7CF347D72E41AD550B9C02BC92AC5D5AB17C7736882727243D5DCFC8E5C6566123C9B8F49A130F0B80]}

03-03 02:20:07.170 18417 18417 D [WeatherWidget(1122)]  : {[0D8BACA2DC34BD7CF347D72E41AD550B87C21DF10182E4F00E652CCD3D9BA0849B328B03DA3E9985B12CE92D6535726861C712E2B8651E632A3CFD0B196D9B0FC80FF82EF143D3367FA93E17D8D0BABF4724FC7CCD8D26E023F738A72F26CF7B]}

03-03 02:20:07.170 18417 18417 D [WeatherWidget(1122)]  : {[0D8BACA2DC34BD7CF347D72E41AD550BF91D7B4474A4F96D8DE88A164BBD44CE88A4A08822F761B08F969408C1269EB3037F4D863AC6D613EA92BCB32D1D67AD]}

03-03 02:20:07.170 18417 18417 D [WeatherWidget(1122)]  : {[0D8BACA2DC34BD7CF347D72E41AD550BD32F4AAC62947A3FC475D4DA119E8A5E64112D9ECEE9AC3FE2F8D632EAE2A9AE]}

03-03 02:20:07.170 18417 18417 D [WeatherWidget(1122)]  : {[0D8BACA2DC34BD7CF347D72E41AD550BDC9E4C4FFB4E0D87BFBF1441BE56F8E271EAD60D74F48C21F4C05D945ACE036F6785B97CCB3B8E762498DB8C16F65F28]}

03-03 02:20:07.170 18417 18417 D [WeatherWidget(1122)]  : {[0D8BACA2DC34BD7CF347D72E41AD550B9C152F392C73EBF9138DB95A5CB83BCE4CA21F4D03DA051135E2EBC93C6BE914F40C2292E68EA6236F8C679C2A411853]}

03-03 02:20:07.170 18417 18417 D [WeatherWidget(1122)]  : {[0D8BACA2DC34BD7CF347D72E41AD550BF8C08314DAECFA0828B2DE6314F7E5DB9FF3038A48979A711A52860CF83E9430]}

03-03 02:20:07.170 18417 18417 D [WeatherWidget(1122)]  : {[0D8BACA2DC34BD7CF347D72E41AD550BD77F0B311156C1117825193FA4EDC7E1926A77123796BBD463221417F9412A9F275B19D8DBAE3F8C0AB74C682E185CB744A2DA50A4084583CA30F5A4A26D1C63]}

03-03 02:20:07.170 18417 18417 D [WeatherWidget(1122)]  : {[0D8BACA2DC34BD7CF347D72E41AD550B1C5F8235450D2D9062BF329F5EF8015918E2FC4588EAF32C6E77EEE7CA5464F5]}

03-03 02:20:07.170 18417 18417 D [WeatherWidget(1122)]  : {[0D8BACA2DC34BD7CF347D72E41AD550B72B60427581219D70334AF5CB69D28CAB1C409A17B85D815498CA72AB192B98F5F8586E317A1FBADE822E78A06861CF1957992C4456D85AED945B8FC233A301B]}

03-03 02:20:07.170 18417 18417 D [WeatherWidget(1122)]  : {[0D8BACA2DC34BD7CF347D72E41AD550BAF46147A16ABD9B674D667EFEA73AC92E28D8E702D63D7099F789A6C6B79EC073E4FDEF048366028848D3DA52FC612BEDA13D55A0BE4784B1B3AE408D4E0C290]}

03-03 02:20:07.170 18417 18417 D [WeatherWidget(1122)]  : {[0D8BACA2DC34BD7CF347D72E41AD550BD08D0E1A5DFFF706598676EAE8F0BE3B4F1991FD491D7C2219E37A4B3BB0E41F3B94B860C96A570A73F92D264367A293]}

03-03 02:20:07.170  3549  3629 V BroadcastQueue: [background] Process cur broadcast BroadcastRecord{8141084 u0 com.samsung.android.providers.context.log.action.REPORT_APP_STATUS_SURVEY qIdx=4}, state= (APP_RECEIVE) DELIVERED for app ProcessRecord{14c1847 5493:com.samsung.android.providers.context/u0a7}

03-03 02:20:07.180  4060  4060 D KeyguardCarrierText: onConfigurationChanged: 

03-03 02:20:07.180  3549  4194 D SecContentProvider2: query(), uri = 15 selection = getLockScreenHiddenItems

03-03 02:20:07.190  2994  3956 D libEGL  : eglTerminate EGLDisplay = 0x7f997fee78

03-03 02:20:07.190 18417 18417 E [WeatherWidget(1122)]  : {[A50089F313FE9CAE9E99A102FA8425935A44347C27D297E09E52D4804255804680FEB3F824775CD3449285F03AFF688714212A7FD81A9B1D95B50DED6A80DCC6664A126608EFF3C7B0254893640312F8]}

03-03 02:20:07.190  2994  3956 D libEGL  : eglTerminate EGLDisplay = 0x7f997fee78

03-03 02:20:07.190 18417 18417 D [WeatherWidget(1122)]  DateTimeUtil: {[04598F923CD5394063C71C73750454BF91269387E69197FF1DA95CEF79005763870B6F5F9AE93CFB278B4DC4600142066C3EB8186220AA0F0A151827ABE33EDD38AB37A251318292A65D678ACBD3C4C91134031063B5ABDADFE021C1DD4A5B43]}

03-03 02:20:07.190  4060  4060 D KeyguardCarrierText: updateCarrierText(): isMultiSIMState: false

03-03 02:20:07.190  4060  4060 D KeyguardCarrierText: updateDate slot by SubID

03-03 02:20:07.190 18417 18417 D [WeatherWidget(1122)]  DateTimeUtil: {[04598F923CD5394063C71C73750454BF91269387E69197FF1DA95CEF79005763870B6F5F9AE93CFB278B4DC4600142066C3EB8186220AA0F0A151827ABE33EDD38AB37A251318292A65D678ACBD3C4C91134031063B5ABDADFE021C1DD4A5B43]}

03-03 02:20:07.190 22241 22241 D Minikin : FontFamily bestFont == NULL, so return vacant FakedFont

03-03 02:20:07.190 22241 22241 D Minikin : FontFamily bestFont == NULL, so return vacant FakedFont

03-03 02:20:07.190 22241 22241 D Minikin : FontFamily bestFont == NULL, so return vacant FakedFont

03-03 02:20:07.190 18417 18417 D [WeatherWidget(1122)]  DateTimeUtil: {[04598F923CD5394063C71C73750454BF91269387E69197FF1DA95CEF79005763870B6F5F9AE93CFB278B4DC4600142066C3EB8186220AA0F0A151827ABE33EDD38AB37A251318292A65D678ACBD3C4C91134031063B5ABDADFE021C1DD4A5B43]}

03-03 02:20:07.200 22241 22241 D Minikin : FontFamily bestFont == NULL, so return vacant FakedFont

03-03 02:20:07.200 22241 22241 D Minikin : FontFamily bestFont == NULL, so return vacant FakedFont

03-03 02:20:07.200 22241 22241 D Minikin : FontFamily bestFont == NULL, so return vacant FakedFont

03-03 02:20:07.200  2994  3004 I SurfaceFlinger: id=92 Removed UotalComman (4/10)

03-03 02:20:07.200  2994  4551 I SurfaceFlinger: id=92 Removed UotalComman (-2/10)

03-03 02:20:07.200  2994  2994 D libEGL  : eglTerminate EGLDisplay = 0x7fe0229508

03-03 02:20:07.200  4060  4060 D KeyguardCarrierText: updateIntentData(): isMultiSIMState: falsesubId: 2147483643 phoneId:0plmn: No serviceSPN: 

03-03 02:20:07.210 22241 22241 D ConnectivityManager: requestNetwork; getAppId(CallingUid) : 10894, CallingPid : 22241

03-03 02:20:07.210  4060  4060 D KeyguardCarrierText: mSimState[0]ABSENT

03-03 02:20:07.210  4060  4060 D KeyguardCarrierText: mSimState[1]ABSENT

03-03 02:20:07.210  4060  4060 D KeyguardCarrierText: Getting plmn/spn sticky brdcst  mPlmn:No service / mSpn:  phoneId:0 subId:2147483643 showPlmn: true showSpn:false

03-03 02:20:07.210  4060  4060 D KeyguardCarrierText: getStatusForIccState :  SIM state = ABSENT

03-03 02:20:07.210  4060  4060 D KeyguardCarrierText: makeCarrierStringOnEmergencyCapable :  mIsEmergencyCallCapable:  true

03-03 02:20:07.210  4060  4060 D KeyguardCarrierText: concatenate : plmn = No SIM card, spn = No service

03-03 02:20:07.210  4060  4060 D KeyguardCarrierText: getCarrierTextForSimState :  SIM state = SimMissingcarrierText: No SIM card | No service

03-03 02:20:07.210  4060  4060 D KeyguardCarrierText: Handling ABSENT , carrierTextForSimState = No SIM card | No service

03-03 02:20:07.210 22241 22241 D InjectionManager: InjectionManager

03-03 02:20:07.210 22241 22241 D InjectionManager: fillFeatureStoreMap com.YourCompany.AppTemplate

03-03 02:20:07.210  3549  3978 D ConnectivityService: listenForNetwork for Listen from uid/pid:10894/22241 for NetworkRequest [ id=37, legacyType=-1, [ Capabilities: NOT_RESTRICTED&TRUSTED&NOT_VPN] ]

03-03 02:20:07.210  3549  3991 D ConnectivityService: rematching NetworkAgentInfo [WIFI () - 502]

03-03 02:20:07.210  3549  3991 D ConnectivityService:  network has: NetworkAgentInfo{ ni{[type: WIFI[] - WIFI, state: CONNECTED/CONNECTED, reason: (unspecified), extra: "RT-GPON-3262", roaming: false, failover: false, isAvailable: true]}  network{502}  lp{{InterfaceName: wlan0 LinkAddresses: [fe80::ae5f:3eff:fe2f:f390/64,192.168.0.2/24,]  Routes: [fe80::/64 -> :: wlan0,192.168.0.0/24 -> 0.0.0.0 wlan0,0.0.0.0/0 -> 192.168.0.1 wlan0,] DnsAddresses: [192.168.0.1,] Domains:  MTU: 0 TcpBufferSizes: 524288,1048576,2097120,524288,1048576,4194240}}  nc{[ Transports: WIFI Capabilities: INTERNET&NOT_RESTRICTED&TRUSTED&NOT_VPN&VALIDATED LinkUpBandwidth>=1048576Kbps LinkDnBandwidth>=1048576Kbps SignalStrength: -60]}  Score{60}  everValidated{true}  lastValidated{true}  created{true} lingering{false} explicitlySelected{false} acceptUnvalidated{false} everCaptivePortalDetected{false} lastCaptivePortalDetected{false} }

03-03 02:20:07.210  3549  3991 D ConnectivityService: Network NetworkAgentInfo [WIFI () - 502] was already satisfying request 1. No change.

03-03 02:20:07.210  3549  3991 D ConnectivityService:   checking if request is: NetworkRequest [ id=3, legacyType=-1, [] ] satisfies: true nri.isRequest: false

03-03 02:20:07.210  3549  3991 D ConnectivityService:   checking if request is: NetworkRequest [ id=8, legacyType=-1, [ Capabilities: NOT_RESTRICTED] ] satisfies: true nri.isRequest: false

03-03 02:20:07.210  3549  3991 D ConnectivityService:   checking if request is: NetworkRequest [ id=4, legacyType=-1, [ Transports: CELLULAR Capabilities: INTERNET&NOT_RESTRICTED&TRUSTED&NOT_VPN] ] satisfies: false nri.isRequest: false

03-03 02:20:07.210  3549  3991 D ConnectivityService:   checking if request is: NetworkRequest [ id=30, legacyType=-1, [ Capabilities: INTERNET&NOT_RESTRICTED&TRUSTED] ] satisfies: true nri.isRequest: false

03-03 02:20:07.210  3549  3991 D ConnectivityService:   checking if request is: NetworkRequest [ id=35, legacyType=-1, [ Capabilities: INTERNET&NOT_RESTRICTED&TRUSTED] ] satisfies: true nri.isRequest: false

03-03 02:20:07.210  3549  3991 D ConnectivityService:   checking if request is: NetworkRequest [ id=36, legacyType=-1, [ Capabilities: INTERNET&NOT_RESTRICTED&TRUSTED&NOT_VPN] ] satisfies: true nri.isRequest: false

03-03 02:20:07.210  3549  3991 D ConnectivityService:   checking if request is: NetworkRequest [ id=37, legacyType=-1, [ Capabilities: NOT_RESTRICTED&TRUSTED&NOT_VPN] ] satisfies: true nri.isRequest: false

03-03 02:20:07.210  3549  3991 D ConnectivityService:   checking if request is: NetworkRequest [ id=5, legacyType=-1, [ Transports: WIFI Capabilities: INTERNET&NOT_RESTRICTED&TRUSTED&NOT_VPN] ] satisfies: true nri.isRequest: false

03-03 02:20:07.210  3549  3991 D ConnectivityService: sending notification AVAILABLE for NetworkRequest [ id=37, legacyType=-1, [ Capabilities: NOT_RESTRICTED&TRUSTED&NOT_VPN] ]

03-03 02:20:07.220  4060  4060 D KeyguardCarrierText: updateCarrierText insertedMultiSim = false

03-03 02:20:07.220 22241 22254 V UE4     : [NetworkChangedManager] Network Available

03-03 02:20:07.220  4060  4060 D KeyguardCarrierText: updateCarrierText State: Absent SIM Number = 0

03-03 02:20:07.220 22241 22241 I InjectionManager: Constructor com.YourCompany.AppTemplate, Feature store :{}

03-03 02:20:07.220 22241 22241 I InjectionManager: featureStore :{}

03-03 02:20:07.220  4060  4060 D KeyguardCarrierText: Getting plmn/spn sticky brdcst for Absent case No service/showPlmn: trueshowSpn: false phoneId:0 subId:2147483643

03-03 02:20:07.220  4060  4060 D KeyguardCarrierText: concatenate : plmn = No service

03-03 02:20:07.220  4060  4060 D KeyguardCarrierText: makeCarrierStringOnEmergencyCapable :  mIsEmergencyCallCapable:  true

03-03 02:20:07.220  4060  4060 D KeyguardCarrierText: concatenate : plmn = No SIM card, spn = No service

03-03 02:20:07.220  4060  4060 D KeyguardCarrierText: setText :  displayText = No SIM card | No service

03-03 02:20:07.230 22241 22241 D RelationGraph: garbageCollect()

03-03 02:20:07.230 22241 22241 W ResourcesManager: getTopLevelResources: /data/app/com.YourCompany.AppTemplate-2/base.apk / 1.0 running in com.YourCompany.AppTemplate rsrc of package com.YourCompany.AppTemplate

03-03 02:20:07.230 22241 22241 D ContextRelationManager: ContextRelationManager() : FEATURE_ENABLED=true

03-03 02:20:07.230 22241 22241 W ResourcesManager: getTopLevelResources: /data/app/com.YourCompany.AppTemplate-2/base.apk / 1.0 running in com.YourCompany.AppTemplate rsrc of package com.YourCompany.AppTemplate

03-03 02:20:07.240  4060  4060 D PhoneStatusBar: setSystemUiVisibility vis=8000 mask=ffffffff oldVal=8600 newVal=8000 diff=600

03-03 02:20:07.240  4060  4060 D vol.SecVolumeDialog: updateWindowWidth lp.width=1624

03-03 02:20:07.240  4060  4060 D Clock   : received broadcast android.intent.action.CONFIGURATION_CHANGED

03-03 02:20:07.260 22241 22241 I Timeline: Timeline: Activity_launch_request id:com.YourCompany.AppTemplate time:746242

03-03 02:20:07.270  3549  3978 D VirtualScreenPolicy: applyVirtualScreenAttrs attrs=VirtualScreenAttrs{mDisplayId=0, mBaseDisplayId=0, mBaseActivity=false}

03-03 02:20:07.270  3549  3978 D GameManagerService: identifyGamePackage. com.YourCompany.AppTemplate

03-03 02:20:07.270  3549  3978 D MultiWindowPolicy: Gamemode - return 0,  when calling  identifyForegroundApp(com.YourCompany.AppTemplate)

03-03 02:20:07.270  3549  3978 D CustomFrequencyManagerService: releaseDVFSLockLocked : Getting Lock type frm List : DVFS_MIN_LIMIT  frequency : 1872000  uid : 1000  pid : 3549  tag : ACTIVITY_RESUME_BOOSTER@3

03-03 02:20:07.270  3549  3978 D CustomFrequencyManagerService: acquireDVFSLockLocked : type : DVFS_MIN_LIMIT  frequency : 1872000  uid : 1000  pid : 3549  pkgName : ACTIVITY_RESUME_BOOSTER@3

03-03 02:20:07.270  3549  3978 D ActivityManager: mDVFSHelper.acquire()

03-03 02:20:07.280  2994  4551 D libEGL  : eglTerminate EGLDisplay = 0x7f99600e78

03-03 02:20:07.280  2994  4551 D libEGL  : eglTerminate EGLDisplay = 0x7f99600e78

03-03 02:20:07.280  3549  3660 D ViewRootImpl: MSG_RESIZED_REPORT: ci=Rect(0, 0 - 0, 0) vi=Rect(0, 0 - 0, 0) or=2

03-03 02:20:07.280  3549  3978 V WindowManager: addAppToken: AppWindowToken{d09c8c533 token=Token{18e44a2 ActivityRecord{7ab706d u0 com.YourCompany.AppTemplate/com.epicgames.ue4.GameActivity t10}}} to stack=1 task=10 at 1

03-03 02:20:07.280  3549  6628 D ConnectivityService: returning getNetworkInfo for network type 1 : [type: WIFI[] - WIFI, state: CONNECTED/CONNECTED, reason: (unspecified), extra: "RT-GPON-3262", roaming: false, failover: false, isAvailable: true]

03-03 02:20:07.280  3549  3630 D StatusBarManagerService: manageDisableList userId=0 what=0x0 pkg=Window{eef5697 u0 d0 Starting com.YourCompany.AppTemplate}

03-03 02:20:07.290  4060  4283 D mali_winsys: new_window_surface returns 0x3000,  [2560x96]-format:1

03-03 02:20:07.290  4060  4315 D BluetoothTile: handleUpdateState :  supported = true, enabled = false, enabling = false, connected = false, connecting = false, mController.getLastDeviceName() = null

03-03 02:20:07.300  4060  4315 D AirplaneModeTile: getQSTileMultiState 2

03-03 02:20:07.300  3549  3978 D InputDispatcher: Focused application set to: xxxx

03-03 02:20:07.300  4060  4060 W View    : requestLayout() improperly called by com.android.systemui.qs.QSContainer{190af90 V.E...... ......ID 0,464-2560,1196 #7f0e01b8 app:id/quick_settings_container} during layout: running second layout pass

03-03 02:20:07.300  4060  4060 I ViewRootImpl: requestLayout is already in process

03-03 02:20:07.300  4060  4315 D FlashlightTile: handleUpdateState :  MultiState[visible=true,icon=ResourceIcon[resId=0x7f020360],label=Flashlight,contentDescription=Flashlight Button Off.,dualLabelContentDescription=null,autoMirrorDrawable=false,secondaryLabel=null,textTruncate=true,value=2,bgValue=0] arg : null

03-03 02:20:07.310  3549  4194 W VirtualScreenManagerService: moveTaskBackToDisplayIfNeeded(): The task has more than one activity

03-03 02:20:07.310 22241 22241 D Activity: performCreate Call Injection manager

03-03 02:20:07.310  4060  4315 D HotspotTile: handleUpdateState :mState.value =  2, 2

03-03 02:20:07.310  3549  3660 V WindowStateAnimator: Finishing drawing window Window{eef5697 u0 d0 Starting com.YourCompany.AppTemplate}: mDrawState=DRAW_PENDING

03-03 02:20:07.310  4060  4315 D PersonalModeTile: getMState state = 2

03-03 02:20:07.310  4060  4315 D AodTile :  ExclusiveFeature getCount = 0

03-03 02:20:07.310  3549  6628 D ConnectivityService: returning getNetworkInfo for network type 1 : [type: WIFI[] - WIFI, state: CONNECTED/CONNECTED, reason: (unspecified), extra: "RT-GPON-3262", roaming: false, failover: false, isAvailable: true]

03-03 02:20:07.320  4060  4315 D AodTile : handleUpdateState :  MultiState[visible=true,icon=ResourceIcon[resId=0x7f020364],label=Always On

03-03 02:20:07.320  4060  4315 D AodTile : Display,contentDescription=Always On Display Button Off.,dualLabelContentDescription=null,autoMirrorDrawable=false,secondaryLabel=null,textTruncate=false,value=2,bgValue=0] arg : null

03-03 02:20:07.320  2994  2994 D libEGL  : eglInitialize EGLDisplay = 0x7fe02293e8

03-03 02:20:07.320  3549  4099 V WindowStateAnimator: Finishing drawing window Window{29931a5 u0 d0 StatusBar}: mDrawState=DRAW_PENDING

03-03 02:20:07.320  4060  4060 D SecKeyguardClockView: isDualClockSetting, isHomeTimeZoneExist, isEasyUxOn, mIsNetworkRoaming: true, true, false, false

03-03 02:20:07.320  4060  4060 D SecKeyguardClockView: handleUpdateClock() >> START >> Text Single Clock will be inflated.

03-03 02:20:07.320  4060  4060 V KeyguardUpdateMonitor: *** unregister callback for com.android.keyguard.status.KeyguardDateView$3@956b957

03-03 02:20:07.320  4060  4060 V KeyguardUpdateMonitor: *** unregister callback for com.android.keyguard.status.SecKeyguardClockSingleView$2@bfa2e98

03-03 02:20:07.330  4060  4060 D Minikin : FontFamily bestFont == NULL, so return vacant FakedFont

03-03 02:20:07.330  4060  4060 D Minikin : FontFamily bestFont == NULL, so return vacant FakedFont

03-03 02:20:07.330  4060  4060 D Minikin : FontFamily bestFont == NULL, so return vacant FakedFont

03-03 02:20:07.340  2994  2994 D libEGL  : eglInitialize EGLDisplay = 0x7fe02293e8

03-03 02:20:07.340  2994  2994 D libEGL  : eglTerminate EGLDisplay = 0x7fe0229478

03-03 02:20:07.340  4060  4060 D SecKeyguardClockSingleView: font effect info: null

03-03 02:20:07.340  4060  4060 V KeyguardUpdateMonitor: *** register callback for com.android.keyguard.status.SecKeyguardClockSingleView$2@7a31767

03-03 02:20:07.340  4060  4060 V KeyguardUpdateMonitor: *** unregister callback for null

03-03 02:20:07.340  4060  4060 V KeyguardUpdateMonitor: *** register callback for com.android.keyguard.status.KeyguardDateView$3@fce57b2

03-03 02:20:07.340  4060  4060 V KeyguardUpdateMonitor: *** unregister callback for null

03-03 02:20:07.340  4060  4060 D SecKeyguardClockView: handleUpdateClock() << END << Clock is inflated.

03-03 02:20:07.350  2994  2994 D libEGL  : eglInitialize EGLDisplay = 0x7fe02293e8

03-03 02:20:07.370  2994  2994 D libEGL  : eglInitialize EGLDisplay = 0x7fe02293e8

03-03 02:20:07.380  2994  2994 I SurfaceFlinger: id=107 createSurf (2880x2560),-1 flag=20004, ClackSurfac

03-03 02:20:07.380  2994  2994 I SurfaceFlinger: id=108 createSurf (1440x5120),-1 flag=20004, ClackSurfac

03-03 02:20:07.380  2994  2994 I SurfaceFlinger: id=109 createSurf (2880x2560),-1 flag=20004, ClackSurfac

03-03 02:20:07.380  2994  2994 I SurfaceFlinger: id=110 createSurf (1440x5120),-1 flag=20004, ClackSurfac

03-03 02:20:07.380  3549  4639 D InputDispatcher: setInputDispatchMode: enabled=1, frozen=0

03-03 02:20:07.380  3549  4003 D MdnieScenarioControlService:  packageName : com.YourCompany.AppTemplate    className : com.epicgames.ue4.GameActivity

03-03 02:20:07.380  3549  4639 I WindowManager: Screen frozen for +674ms due to AppWindowToken{d04cdffb5 token=Token{b45afec ActivityRecord{ffb29f u0 com.YourCompany.AppTemplate/com.epicgames.ue4.SplashActivity t10}}}

03-03 02:20:07.390  3549  3629 V MARsPolicyManager: updatePackagesScore PackageInfo name -- com.YourCompany.AppTemplate

03-03 02:20:07.400  4060  4060 D PanelView: updateQsState

03-03 02:20:07.400  4060  4060 D KeyguardCircleAffordanceView: setPreviewView: mRight=true,preview=null

03-03 02:20:07.400  4060  4060 D KeyguardSwipeHelper: reset()

03-03 02:20:07.400  4060  4060 D KeyguardUnlockEventHandler: reset()

03-03 02:20:07.400  4060  4060 D KeyguardSwipeHelper: resetChildViewVI()

03-03 02:20:07.400  2994  4551 I SurfaceFlinger: id=106 Removed TcreenshotS (9/13)

03-03 02:20:07.400  2994  4284 I SurfaceFlinger: id=106 Removed TcreenshotS (-2/13)

03-03 02:20:07.400  2994  3956 I SurfaceFlinger: id=107 Removed ClackSurfac (9/12)

03-03 02:20:07.400  2994  4551 I SurfaceFlinger: id=108 Removed ClackSurfac (9/11)

03-03 02:20:07.400  2994  3004 I SurfaceFlinger: id=107 Removed ClackSurfac (-2/11)

03-03 02:20:07.400  2994  4284 I SurfaceFlinger: id=108 Removed ClackSurfac (-2/11)

03-03 02:20:07.400  2994  3002 I SurfaceFlinger: id=109 Removed ClackSurfac (9/10)

03-03 02:20:07.400  2994  3004 I SurfaceFlinger: id=109 Removed ClackSurfac (-2/10)

03-03 02:20:07.400  2994  3956 I SurfaceFlinger: id=110 Removed ClackSurfac (9/9)

03-03 02:20:07.400  2994  4284 I SurfaceFlinger: id=110 Removed ClackSurfac (-2/9)

03-03 02:20:07.410  3549  3660 V WindowManager: rotationForOrientationLw(orient=0, last=1); user=0 USER_ROTATION_LOCKED sensorRotation=-1 mLidState=-1 mDockMode=0 mHdmiPlugged=false mMobileKeyboardEnabled=false displayId=0

03-03 02:20:07.420  2994  2994 D libEGL  : eglTerminate EGLDisplay = 0x7fe02294d8

03-03 02:20:07.480  3549  4003 I MdnieScenarioControlService: mGameModeLauncher : false

03-03 02:20:07.480  3549  4003 I MdnieScenarioControlService: setUIMode

03-03 02:20:07.490 22241 22241 D UE4     : Used memory before allocating anything was 145.61MB

03-03 02:20:07.730 22241 22241 D UE4     : In the JNI_OnLoad function

03-03 02:20:07.730 22241 22241 D UE4     : [JNI] - Failed to determine if app purchasing is enabled!

03-03 02:20:07.730 22241 22241 D UE4     : Path found as '/storage/emulated/0'

03-03 02:20:07.730 22241 22241 D UE4     : Font Path found as '/system/fonts/'

03-03 02:20:07.730 22241 22241 D UE4     : In the JNI_OnLoad function 5

03-03 02:20:07.730 22241 22241 D RelationGraph: garbageCollect()

03-03 02:20:07.730 22241 22241 W ResourcesManager: getTopLevelResources: /data/app/com.YourCompany.AppTemplate-2/base.apk / 1.0 running in com.YourCompany.AppTemplate rsrc of package com.YourCompany.AppTemplate

03-03 02:20:07.740  3549  4210 D VoldConnector: SND -> {16 volume mkdirs /storage/B250-8522/Android/obb/com.YourCompany.AppTemplate/}

03-03 02:20:07.750  2922  3086 D VoldCmdListener: volume mkdirs /storage/B250-8522/Android/obb/com.YourCompany.AppTemplate/

03-03 02:20:07.750  2922  3086 D VoldCmdListener: CommandListener::runCommand() cmd:mkdirs

03-03 02:20:08.130  3549  6634 W ResourcesManager: getTopLevelResources: /data/app/com.YourCompany.AppTemplate-2/base.apk / 1.0 running in null rsrc of package com.YourCompany.AppTemplate

03-03 02:20:08.200  3549  3549 D CustomFrequencyManagerService: releaseDVFSLockLocked : Getting Lock type frm List : DVFS_MIN_LIMIT  frequency : 2600000  uid : 1000  pid : 3549  tag : ROTATION_BOOSTER@30

03-03 02:20:08.320 22259 22259 I rpmbd   : *************** start rpmb daemon *************** 

03-03 02:20:08.320 22259 22259 I rpmbd   : Socket has name /data/app/rpmbd

03-03 02:20:08.330 22259 22259 E rpmbd   : <device open> fail

03-03 02:20:08.400  4157  4157 D Recents : onTaskStackChanged

03-03 02:20:08.400  4157  4157 W ResourcesManager: getTopLevelResources: /data/app/com.ghisler.android.TotalCommander-1/base.apk / 1.0 running in com.android.systemui rsrc of package com.ghisler.android.TotalCommander

03-03 02:20:08.410  4157  4157 W ResourcesManager: getTopLevelResources: /data/app/com.YourCompany.AppTemplate-2/base.apk / 1.0 running in com.android.systemui rsrc of package com.YourCompany.AppTemplate

03-03 02:20:08.410  4157  4157 D ResourcesManager: For user 0 new overlays fetched Null

03-03 02:20:08.410  4157  4157 W ResourcesManager: getTopLevelResources: /data/app/com.ghisler.android.TotalCommander-1/base.apk / 1.0 running in com.android.systemui rsrc of package com.ghisler.android.TotalCommander

03-03 02:20:08.420  3549  4639 D PackageManager: getComponentMetadataForIconTray : com.ghisler.android.TotalCommander.TotalCommander does not exist in mServices

03-03 02:20:08.420  3549  4639 D PackageManager: getComponentMetadataForIconTray : com.ghisler.android.TotalCommander.TotalCommander does not exist in mProviders

03-03 02:20:08.420  3549  4639 D PackageManager: getComponentMetadataForIconTray : com.ghisler.android.TotalCommander.TotalCommander does not exist in mReceivers

03-03 02:20:08.870  5470  5470 E audit   : type=1400 msg=audit(1583176808.870:434): avc:  denied  { getattr } for  pid=22260 comm="ps" path="/proc/2919" dev="proc" ino=8991 scontext=u:r:shell:s0 tcontext=u:r:logd:s0 tclass=dir permissive=0

03-03 02:20:08.880  5470  5470 E audit   :  SEPF_SECMOBILE_6.0.1_0004

03-03 02:20:08.880  5470  5470 E audit   : type=1300 msg=audit(1583176808.870:434): arch=c00000b7 syscall=79 success=no exit=-13 a0=ffffff9c a1=7feb595828 a2=7feb595778 a3=0 items=0 ppid=3152 pid=22260 auid=4294967295 uid=2000 gid=2000 euid=2000 suid=2000 fsuid=2000 egid=2000 sgid=2000 fsgid=2000 tty=pts0 ses=4294967295 comm="ps" exe="/system/bin/toolbox" subj=u:r:shell:s0 key=(null)

03-03 02:20:08.880  5470  5470 E audit   : type=1327 msg=audit(1583176808.870:434): proctitle="ps"

03-03 02:20:08.880  5470  5470 E audit   : type=1320 msg=audit(1583176808.870:434): 

03-03 02:20:09.050  3549  6628 D SSRM:n  : SIOP:: AP = 380, PST = 382 (W:14), CP = 317, CUR = 159, LCD = 70

03-03 02:20:09.060  3549  6628 D ConnectivityService: returning getNetworkInfo for network type 1 : [type: WIFI[] - WIFI, state: CONNECTED/CONNECTED, reason: (unspecified), extra: "RT-GPON-3262", roaming: false, failover: false, isAvailable: true]

03-03 02:20:09.380  3549  3986 D WifiController: ApOrStaEnabledState  msg.what= 155652

03-03 02:20:09.380  4060  4060 D KeyguardUpdateMonitor: received broadcast android.intent.action.BATTERY_CHANGED

03-03 02:20:09.380  4060  4060 D KeyguardUpdateMonitor: handleBatteryUpdate

03-03 02:20:09.380  3549  4194 D BatteryService: !@BatteryListener : batteryPropertiesChanged!

03-03 02:20:09.380  3549  4194 D BatteryService: level:69, scale:100, status:2, health:2, present:true, voltage: 4046, temperature: 317, technology: Li-ion, AC powered:false, USB powered:true, POGO powered:false, Wireless powered:false, icon:17303412, invalid charger:0, maxChargingCurrent:0

03-03 02:20:09.380  3549  4194 D BatteryService: online:4, current avg:192, charge type:1, power sharing:false, high voltage charger:false, capacity:280000, batterySWSelfDischarging:false, current_now:272

03-03 02:20:09.380  3549  3549 D BatteryService: Sending ACTION_BATTERY_CHANGED.

03-03 02:20:09.380  3549  3549 I MotionRecognitionService: Plugged

03-03 02:20:09.380  3549  3549 D MotionRecognitionService:   cableConnection= 1

03-03 02:20:09.380  3549  3549 D MotionRecognitionService: setPowerConnected | current backoffstate  = 1024 , state =1024

03-03 02:20:09.380  3549  3549 D MotionRecognitionService: skip setTransmitPower. 

03-03 02:20:09.380  4060  4060 D PowerUI : priorPlugType = 2 mPlugType =  2

03-03 02:20:09.380  4060  4060 D PowerUI.Notification: showChargingNotice oldChargingType : 1 currentChargingType : 1 oldChargingTime : 7030000 mChargingTime : 7008000

03-03 02:20:09.380  4060  4060 D PowerUI.Notification: showChargingNotification()

03-03 02:20:09.390  3549  3660 I art     : Starting a blocking GC Explicit

03-03 02:20:09.390  3549  4099 D ApplicationPolicy: isStatusBarNotificationAllowedAsUser: packageName = com.android.systemui,userId = -1

03-03 02:20:09.400  5505  5505 D CommonServiceConfiguration: getStringValueSetting

03-03 02:20:09.400  5505  5505 D BatteryMonitor: new battery level: 69

03-03 02:20:09.400  4060  4060 D BatteryMeterView: ACTION_BATTERY_CHANGED : level:69 status:2 health:2

03-03 02:20:09.400  4060  4060 D BatteryMeterView: ACTION_BATTERY_CHANGED : level:69 status:2 health:2

03-03 02:20:09.400  3549  3549 W ResourcesManager: getTopLevelResources: /system/priv-app/SystemUI/SystemUI.apk / 1.0 running in null rsrc of package com.android.systemui

03-03 02:20:09.410  3549  3629 D ApplicationPolicy: isStatusBarNotificationAllowedAsUser: packageName = com.slash.batterychargelimit,userId = 0

03-03 02:20:09.410  3549  3549 D ResourcesManager: For user 0 new overlays fetched Null

03-03 02:20:09.410  3549  3549 D MARsPolicyManager: NotificationListenerService OngoingNotificationPosted : com.android.systemui

03-03 02:20:09.420  3549  3549 D MARsPolicyManager: NotificationListenerService OngoingNotificationPosted : com.slash.batterychargelimit

03-03 02:20:09.420  4060  4060 W ResourcesManager: getTopLevelResources: /system/priv-app/SystemUI/SystemUI.apk / 1.0 running in com.android.systemui rsrc of package com.android.systemui

03-03 02:20:09.430  4060  4060 D PhoneStatusBar: setAreThereNotifications: N=5 any=true clearable=true

03-03 02:20:09.430  4060  4060 W ResourcesManager: getTopLevelResources: /data/app/com.slash.batterychargelimit-2/base.apk / 1.0 running in com.android.systemui rsrc of package com.slash.batterychargelimit

03-03 02:20:09.440  4060  4060 W ResourceType: No package identifier when getting value for resource number 0x00000000

03-03 02:20:09.440  4060  4060 E Icon    : Unable to load resource 0x00000000 from pkg=

03-03 02:20:09.440  4060  4060 E Icon    : android.content.res.Resources$NotFoundException: Resource ID #0x0

03-03 02:20:09.440  4060  4060 E Icon    : 	at android.content.res.Resources.getValue(Resources.java:2558)

03-03 02:20:09.440  4060  4060 E Icon    : 	at android.content.res.Resources.getDrawable(Resources.java:2001)

03-03 02:20:09.440  4060  4060 E Icon    : 	at android.content.res.Resources.getDrawable(Resources.java:1987)

03-03 02:20:09.440  4060  4060 E Icon    : 	at android.graphics.drawable.Icon.loadDrawableInner(Icon.java:313)

03-03 02:20:09.440  4060  4060 E Icon    : 	at android.graphics.drawable.Icon.loadDrawable(Icon.java:269)

03-03 02:20:09.440  4060  4060 E Icon    : 	at android.widget.RemoteViews$TextViewDrawableAction.apply(RemoteViews.java:1659)

03-03 02:20:09.440  4060  4060 E Icon    : 	at android.widget.RemoteViews.performApply(RemoteViews.java:3418)

03-03 02:20:09.440  4060  4060 E Icon    : 	at android.widget.RemoteViews.apply(RemoteViews.java:3378)

03-03 02:20:09.440  4060  4060 E Icon    : 	at android.widget.RemoteViews$ViewGroupAction.apply(RemoteViews.java:1530)

03-03 02:20:09.440  4060  4060 E Icon    : 	at android.widget.RemoteViews.performApply(RemoteViews.java:3418)

03-03 02:20:09.440  4060  4060 E Icon    : 	at android.widget.RemoteViews.reapply(RemoteViews.java:3409)

03-03 02:20:09.440  4060  4060 E Icon    : 	at com.android.systemui.statusbar.BaseStatusBar.updateNotificationViews(BaseStatusBar.java:3701)

03-03 02:20:09.440  4060  4060 E Icon    : 	at com.android.systemui.statusbar.BaseStatusBar.updateNotification(BaseStatusBar.java:3535)

03-03 02:20:09.440  4060  4060 E Icon    : 	at com.android.systemui.statusbar.BaseStatusBar$8$2.run(BaseStatusBar.java:1228)

03-03 02:20:09.440  4060  4060 E Icon    : 	at android.os.Handler.handleCallback(Handler.java:739)

03-03 02:20:09.440  4060  4060 E Icon    : 	at android.os.Handler.dispatchMessage(Handler.java:95)

03-03 02:20:09.440  4060  4060 E Icon    : 	at android.os.Looper.loop(Looper.java:158)

03-03 02:20:09.440  4060  4060 E Icon    : 	at android.app.ActivityThread.main(ActivityThread.java:7224)

03-03 02:20:09.440  4060  4060 E Icon    : 	at java.lang.reflect.Method.invoke(Native Method)

03-03 02:20:09.440  4060  4060 E Icon    : 	at com.android.internal.os.ZygoteInit$MethodAndArgsCaller.run(ZygoteInit.java:1230)

03-03 02:20:09.440  4060  4060 E Icon    : 	at com.android.internal.os.ZygoteInit.main(ZygoteInit.java:1120)

03-03 02:20:09.440  4060  4060 W ResourceType: No package identifier when getting value for resource number 0x00000000

03-03 02:20:09.440  4060  4060 E Icon    : Unable to load resource 0x00000000 from pkg=

03-03 02:20:09.440  4060  4060 E Icon    : android.content.res.Resources$NotFoundException: Resource ID #0x0

03-03 02:20:09.440  4060  4060 E Icon    : 	at android.content.res.Resources.getValue(Resources.java:2558)

03-03 02:20:09.440  4060  4060 E Icon    : 	at android.content.res.Resources.getDrawable(Resources.java:2001)

03-03 02:20:09.440  4060  4060 E Icon    : 	at android.content.res.Resources.getDrawable(Resources.java:1987)

03-03 02:20:09.440  4060  4060 E Icon    : 	at android.graphics.drawable.Icon.loadDrawableInner(Icon.java:313)

03-03 02:20:09.440  4060  4060 E Icon    : 	at android.graphics.drawable.Icon.loadDrawable(Icon.java:269)

03-03 02:20:09.440  4060  4060 E Icon    : 	at android.widget.RemoteViews$TextViewDrawableAction.apply(RemoteViews.java:1659)

03-03 02:20:09.440  4060  4060 E Icon    : 	at android.widget.RemoteViews.performApply(RemoteViews.java:3418)

03-03 02:20:09.440  4060  4060 E Icon    : 	at android.widget.RemoteViews.apply(RemoteViews.java:3378)

03-03 02:20:09.440  4060  4060 E Icon    : 	at android.widget.RemoteViews$ViewGroupAction.apply(RemoteViews.java:1530)

03-03 02:20:09.440  4060  4060 E Icon    : 	at android.widget.RemoteViews.performApply(RemoteViews.java:3418)

03-03 02:20:09.440  4060  4060 E Icon    : 	at android.widget.RemoteViews.reapply(RemoteViews.java:3409)

03-03 02:20:09.440  4060  4060 E Icon    : 	at com.android.systemui.statusbar.BaseStatusBar.updateNotificationViews(BaseStatusBar.java:3701)

03-03 02:20:09.440  4060  4060 E Icon    : 	at com.android.systemui.statusbar.BaseStatusBar.updateNotification(BaseStatusBar.java:3535)

03-03 02:20:09.440  4060  4060 E Icon    : 	at com.android.systemui.statusbar.BaseStatusBar$8$2.run(BaseStatusBar.java:1228)

03-03 02:20:09.440  4060  4060 E Icon    : 	at android.os.Handler.handleCallback(Handler.java:739)

03-03 02:20:09.440  4060  4060 E Icon    : 	at android.os.Handler.dispatchMessage(Handler.java:95)

03-03 02:20:09.440  4060  4060 E Icon    : 	at android.os.Looper.loop(Looper.java:158)

03-03 02:20:09.440  4060  4060 E Icon    : 	at android.app.ActivityThread.main(ActivityThread.java:7224)

03-03 02:20:09.440  4060  4060 E Icon    : 	at java.lang.reflect.Method.invoke(Native Method)

