03-03 02:20:23.040  3549  3660 D PointerIcon: setMouseCustomIcon IconType is same.101

03-03 02:20:23.040  4060  4060 D KeyguardCarrierText: Getting plmn/spn sticky brdcst for Absent case No service/showPlmn: trueshowSpn: false phoneId:0 subId:2147483643

03-03 02:20:23.040  4060  4060 D KeyguardCarrierText: concatenate : plmn = No service

03-03 02:20:23.040  4060  4060 D KeyguardCarrierText: makeCarrierStringOnEmergencyCapable :  mIsEmergencyCallCapable:  true

03-03 02:20:23.040  4060  4060 D KeyguardCarrierText: concatenate : plmn = No SIM card, spn = No service

03-03 02:20:23.040  4060  4060 D KeyguardCarrierText: setText :  displayText = No SIM card | No service

03-03 02:20:23.040 18417 18417 D [WeatherWidget(1122)]  DateTimeUtil: {[04598F923CD5394063C71C73750454BF91269387E69197FF1DA95CEF79005763870B6F5F9AE93CFB278B4DC4600142066C3EB8186220AA0F0A151827ABE33EDD38AB37A251318292A65D678ACBD3C4C91134031063B5ABDADFE021C1DD4A5B43]}

03-03 02:20:23.040  3549  3630 D StatusBarManagerService: manageDisableList userId=0 what=0x0 pkg=Window{8b2f1f0 u0 d0 com.ghisler.android.TotalCommander/com.ghisler.android.TotalCommander.TotalCommander}

03-03 02:20:23.040  3549  6628 D ConnectivityService: returning getNetworkInfo for network type 1 : [type: WIFI[] - WIFI, state: CONNECTED/CONNECTED, reason: (unspecified), extra: "RT-GPON-3262", roaming: false, failover: false, isAvailable: true]

03-03 02:20:23.050  4060  4315 D BluetoothTile: handleUpdateState :  supported = true, enabled = false, enabling = false, connected = false, connecting = false, mController.getLastDeviceName() = null

03-03 02:20:23.050 18417 18417 D [WeatherWidget(1122)]  DateTimeUtil: {[04598F923CD5394063C71C73750454BF91269387E69197FF1DA95CEF79005763870B6F5F9AE93CFB278B4DC4600142066C3EB8186220AA0F0A151827ABE33EDD38AB37A251318292A65D678ACBD3C4C91134031063B5ABDADFE021C1DD4A5B43]}

03-03 02:20:23.050  4060  4315 D AirplaneModeTile: getQSTileMultiState 2

03-03 02:20:23.050  4060  4315 D FlashlightTile: handleUpdateState :  MultiState[visible=true,icon=ResourceIcon[resId=0x7f020360],label=Flashlight,contentDescription=Flashlight Button Off.,dualLabelContentDescription=null,autoMirrorDrawable=false,secondaryLabel=null,textTruncate=true,value=2,bgValue=0] arg : null

03-03 02:20:23.050  4060  4315 D HotspotTile: handleUpdateState :mState.value =  2, 2

03-03 02:20:23.050  4060  4315 D PersonalModeTile: getMState state = 2

03-03 02:20:23.050 19438 19460 D mali_winsys: new_window_surface returns 0x3000,  [1440x2560]-format:1

03-03 02:20:23.050  4060  4315 D AodTile :  ExclusiveFeature getCount = 0

03-03 02:20:23.050  4060  4315 D AodTile : handleUpdateState :  MultiState[visible=true,icon=ResourceIcon[resId=0x7f020364],label=Always On

03-03 02:20:23.050  4060  4315 D AodTile : Display,contentDescription=Always On Display Button Off.,dualLabelContentDescription=null,autoMirrorDrawable=false,secondaryLabel=null,textTruncate=false,value=2,bgValue=0] arg : null

03-03 02:20:23.050  4060  4060 D vol.SecVolumeDialog: updateWindowWidth lp.width=1400

03-03 02:20:23.050  4060  4060 D Clock   : received broadcast android.intent.action.CONFIGURATION_CHANGED

03-03 02:20:23.050  3549  6628 D ConnectivityService: returning getNetworkInfo for network type 1 : [type: WIFI[] - WIFI, state: CONNECTED/CONNECTED, reason: (unspecified), extra: "RT-GPON-3262", roaming: false, failover: false, isAvailable: true]

03-03 02:20:23.060 22529 22529 I rpmbd   : *************** start rpmb daemon *************** 

03-03 02:20:23.060 22529 22529 I rpmbd   : Socket has name /data/app/rpmbd

03-03 02:20:23.060 22529 22529 E rpmbd   : <device open> fail

03-03 02:20:23.090  2994  4284 D libEGL  : eglTerminate EGLDisplay = 0x7f996ffe78

03-03 02:20:23.090  2994  4284 D libEGL  : eglTerminate EGLDisplay = 0x7f996ffe78

03-03 02:20:23.100  4060  4283 D mali_winsys: new_window_surface returns 0x3000,  [1440x96]-format:1

03-03 02:20:23.100  4060  4060 W View    : requestLayout() improperly called by com.android.systemui.qs.QSContainer{190af90 V.E...... ......ID 0,464-1440,1212 #7f0e01b8 app:id/quick_settings_container} during layout: running second layout pass

03-03 02:20:23.100  4060  4060 I ViewRootImpl: requestLayout is already in process

03-03 02:20:23.110  3549  4099 V WindowStateAnimator: Finishing drawing window Window{29931a5 u0 d0 StatusBar}: mDrawState=DRAW_PENDING

03-03 02:20:23.110  4060  4060 D SecKeyguardClockView: isDualClockSetting, isHomeTimeZoneExist, isEasyUxOn, mIsNetworkRoaming: true, true, false, false

03-03 02:20:23.110  4060  4060 D SecKeyguardClockView: handleUpdateClock() >> START >> Text Single Clock will be inflated.

03-03 02:20:23.120  4060  4060 V KeyguardUpdateMonitor: *** unregister callback for com.android.keyguard.status.KeyguardDateView$3@fce57b2

03-03 02:20:23.120  4060  4060 V KeyguardUpdateMonitor: *** unregister callback for com.android.keyguard.status.SecKeyguardClockSingleView$2@7a31767

03-03 02:20:23.120  4060  4060 D Minikin : FontFamily bestFont == NULL, so return vacant FakedFont

03-03 02:20:23.120  4060  4060 D Minikin : FontFamily bestFont == NULL, so return vacant FakedFont

03-03 02:20:23.120  4060  4060 D Minikin : FontFamily bestFont == NULL, so return vacant FakedFont

03-03 02:20:23.120  4060  4060 D SecKeyguardClockSingleView: font effect info: null

03-03 02:20:23.120  4060  4060 V KeyguardUpdateMonitor: *** register callback for com.android.keyguard.status.SecKeyguardClockSingleView$2@5cc8f7b

03-03 02:20:23.120  4060  4060 V KeyguardUpdateMonitor: *** unregister callback for null

03-03 02:20:23.120  2994  2994 D libEGL  : eglInitialize EGLDisplay = 0x7fe02293e8

03-03 02:20:23.130  2994  2994 D libEGL  : eglTerminate EGLDisplay = 0x7fe0229478

03-03 02:20:23.130  4060  4060 V KeyguardUpdateMonitor: *** register callback for com.android.keyguard.status.KeyguardDateView$3@912edd6

03-03 02:20:23.130  4060  4060 V KeyguardUpdateMonitor: *** unregister callback for null

03-03 02:20:23.130  4060  4060 D SecKeyguardClockView: handleUpdateClock() << END << Clock is inflated.

03-03 02:20:23.130  4060  4060 D PhoneStatusBar: setSystemUiVisibility vis=8600 mask=ffffffff oldVal=8000 newVal=8600 diff=600

03-03 02:20:23.130  3549  4636 V WindowStateAnimator: Finishing drawing window Window{8b2f1f0 u0 d0 com.ghisler.android.TotalCommander/com.ghisler.android.TotalCommander.TotalCommander}: mDrawState=DRAW_PENDING

03-03 02:20:23.130 19438 19438 D ViewRootImpl: MSG_RESIZED_REPORT: ci=Rect(0, 96 - 0, 0) vi=Rect(0, 96 - 0, 0) or=1

03-03 02:20:23.130  3549  4191 D InputMethodManagerService: windowGainedFocus mCurrentFocusedUserId - 0 and mSecureKeypadEnabled-false

03-03 02:20:23.140  2994  2994 D libEGL  : eglInitialize EGLDisplay = 0x7fe02293e8

03-03 02:20:23.140  2994  2994 D libEGL  : eglInitialize EGLDisplay = 0x7fe02293e8

03-03 02:20:23.150  3549  3660 D KnoxTimeoutHandler: notifyActivityDrawn [MsgParam] userId: 0 fullscreen is true showWhenlocked is false

03-03 02:20:23.150  3549  3549 D KnoxTimeoutHandler: activityDrawn [MsgParam] userId: 0 fullscreen is true showWhenlocked is false

03-03 02:20:23.150  3549  3660 I ActivityManager: Displayed com.ghisler.android.TotalCommander/.TotalCommander: +344ms

03-03 02:20:23.150  3549  3660 I Timeline: Timeline: Activity_windows_visible id: ActivityRecord{afa73ea u0 com.ghisler.android.TotalCommander/.TotalCommander t9} time:762136

03-03 02:20:23.150  3549  3549 I KnoxTimeoutHandler: SD activityfalse

03-03 02:20:23.150  2994  2994 I SurfaceFlinger: id=117 createSurf (5120x1440),-1 flag=20004, ClackSurfac

03-03 02:20:23.150  3549  3660 D CustomFrequencyManagerService: releaseDVFSLockLocked : Getting Lock type frm List : DVFS_MIN_LIMIT  frequency : 1872000  uid : 1000  pid : 3549  tag : ACTIVITY_RESUME_BOOSTER@3

03-03 02:20:23.150  3549  3660 D ActivityManager: mDVFSHelper.release()

03-03 02:20:23.150  3549  3629 D CustomFrequencyManagerService: acquireDVFSLockLocked : type : DVFS_MIN_LIMIT  frequency : 1872000  uid : 1000  pid : 3549  pkgName : ACTIVITY_RESUME_BOOSTER@9

03-03 02:20:23.150  3549  3660 I WindowManager: Screen frozen for +340ms due to Window{8b2f1f0 u0 d0 com.ghisler.android.TotalCommander/com.ghisler.android.TotalCommander.TotalCommander}

03-03 02:20:23.150  3549  4191 W InputMethodManagerService: Got RemoteException sending setActive(false) notification to pid 22241 uid 10894

03-03 02:20:23.160  2994  2994 I SurfaceFlinger: id=118 createSurf (2560x2880),-1 flag=20004, ClackSurfac

03-03 02:20:23.160  2994  2994 I SurfaceFlinger: id=119 createSurf (5120x1440),-1 flag=20004, ClackSurfac

03-03 02:20:23.160  4894  4894 D SamsungIME: IMPL finishInput

03-03 02:20:23.160  4894  4894 D SamsungIME: SwiftKeyWrapper writeDBdataToFileOnFinishInput

03-03 02:20:23.160  4894  4894 D SamsungIME: saveAndClear +

03-03 02:20:23.160  4894  4894 D SamsungIME: saveAndClear -

03-03 02:20:23.160  2994  2994 I SurfaceFlinger: id=120 createSurf (2560x2880),-1 flag=20004, ClackSurfac

03-03 02:20:23.160  3549  3660 D InputDispatcher: setInputDispatchMode: enabled=1, frozen=0

03-03 02:20:23.160  4894  4894 D SamsungIME: onStartInput: No inputType, No imeOption, isInputViewShown = false, isExtractViewShown = false, isShowInputRequested = false, isConfigChanged = false

03-03 02:20:23.170  3549  4101 V WindowStateAnimator: Finishing drawing window Window{8b2f1f0 u0 d0 com.ghisler.android.TotalCommander/com.ghisler.android.TotalCommander.TotalCommander}: mDrawState=HAS_DRAWN

03-03 02:20:23.170 19438 19438 I Timeline: Timeline: Activity_idle id: android.os.BinderProxy@a483e9a time:762156

03-03 02:20:23.180  2994  2994 D libEGL  : eglInitialize EGLDisplay = 0x7fe02293e8

03-03 02:20:23.180  2994  3956 I SurfaceFlinger: id=115 Removed TcreenshotS (9/13)

03-03 02:20:23.180  2994  3002 I SurfaceFlinger: id=117 Removed ClackSurfac (9/12)

03-03 02:20:23.180  2994  3004 I SurfaceFlinger: id=115 Removed TcreenshotS (-2/12)

03-03 02:20:23.180  2994  4551 I SurfaceFlinger: id=118 Removed ClackSurfac (9/11)

03-03 02:20:23.180  2994  3004 I SurfaceFlinger: id=117 Removed ClackSurfac (-2/11)

03-03 02:20:23.180  2994  3002 I SurfaceFlinger: id=119 Removed ClackSurfac (9/10)

03-03 02:20:23.180  2994  4284 I SurfaceFlinger: id=120 Removed ClackSurfac (9/9)

03-03 02:20:23.180  2994  3004 I SurfaceFlinger: id=118 Removed ClackSurfac (-2/9)

03-03 02:20:23.180  2994  4551 I SurfaceFlinger: id=119 Removed ClackSurfac (-2/9)

03-03 02:20:23.180  2994  3004 I SurfaceFlinger: id=120 Removed ClackSurfac (-2/9)

03-03 02:20:23.180  3549  3660 V WindowManager: rotationForOrientationLw(orient=-1, last=0); user=0 USER_ROTATION_LOCKED sensorRotation=-1 mLidState=-1 mDockMode=0 mHdmiPlugged=false mMobileKeyboardEnabled=false displayId=0

03-03 02:20:23.190  2994  2994 D libEGL  : eglTerminate EGLDisplay = 0x7fe02294d8

03-03 02:20:23.250  3549  4003 D MdnieScenarioControlService:  packageName : com.ghisler.android.TotalCommander    className : com.ghisler.android.TotalCommander.TotalCommander

03-03 02:20:23.350  3549  4003 I MdnieScenarioControlService: mGameModeLauncher : false

03-03 02:20:23.350  3549  4003 I MdnieScenarioControlService: setUIMode

03-03 02:20:23.450  3549  3549 D CustomFrequencyManagerService: releaseDVFSLockLocked : Getting Lock type frm List : DVFS_MIN_LIMIT  frequency : 1872000  uid : 1000  pid : 3549  tag : ACTIVITY_RESUME_BOOSTER@9

03-03 02:20:23.590  5470  5470 E audit   : type=1400 msg=audit(1583176823.590:447): avc:  denied  { getattr } for  pid=22532 comm="ps" path="/proc/2919" dev="proc" ino=8991 scontext=u:r:shell:s0 tcontext=u:r:logd:s0 tclass=dir permissive=0

03-03 02:20:23.590  5470  5470 E audit   :  SEPF_SECMOBILE_6.0.1_0004

03-03 02:20:23.590  5470  5470 E audit   : type=1300 msg=audit(1583176823.590:447): arch=c00000b7 syscall=79 success=no exit=-13 a0=ffffff9c a1=7ff84c9d78 a2=7ff84c9cc8 a3=0 items=0 ppid=3152 pid=22532 auid=4294967295 uid=2000 gid=2000 euid=2000 suid=2000 fsuid=2000 egid=2000 sgid=2000 fsgid=2000 tty=pts0 ses=4294967295 comm="ps" exe="/system/bin/toolbox" subj=u:r:shell:s0 key=(null)

03-03 02:20:23.590  5470  5470 E audit   : type=1327 msg=audit(1583176823.590:447): proctitle="ps"

03-03 02:20:23.590  5470  5470 E audit   : type=1320 msg=audit(1583176823.590:447): 

03-03 02:20:23.600  3259  3752 D EnterpriseController: netId is 0

03-03 02:20:23.600  3259  3752 D Netd    : getNetworkForDns: using netid 502 for uid 10794

03-03 02:20:24.000  3549  6634 W ResourcesManager: getTopLevelResources: /data/app/com.ghisler.android.TotalCommander-1/base.apk / 1.0 running in null rsrc of package com.ghisler.android.TotalCommander

03-03 02:20:24.000  3549  6634 D ResourcesManager: For user 0 new overlays fetched Null

03-03 02:20:24.010  3549  3954 D InputReader: Input event(7): value=1 when=762997019000

03-03 02:20:24.010  3549  3954 V Vibrator: Called vibrate(int, int, AudioAttributes, MagnitudeTypes) API - PUID: 1000, repeat: -1, PackageName: android, MagnitudeType: TouchMagnitude

03-03 02:20:24.010  3549  3954 V Vibrator: vibrate - PUID: 1000, PackageName: android, type: 50026, repeat: -1, mag: 6000, AudioAttr : null

03-03 02:20:24.010  3549  3954 V VibratorService: vibratePatternMagnitude - package: android, repeat: -1, token: android.os.Binder@d066869, mag: 6000

03-03 02:20:24.020  3549  4022 D lights  : button : 1 +

03-03 02:20:24.020  3549  3954 D VibratorService: Turning vibrator off

03-03 02:20:24.020  3549 22536 D VibratorService: vibratorOn() : 30ms, magnitude :6000

03-03 02:20:24.020  3549  3953 W ContextImpl: Calling a method in the system process without a qualified user: android.app.ContextImpl.sendBroadcast:830 com.android.server.policy.multiwindow.MultiPhoneWindowManager.stopDragDropService:1161 com.android.server.policy.PhoneWindowManager.interceptKeyBeforeDispatching:5400 com.android.server.wm.InputMonitor.interceptKeyBeforeDispatching:589 com.android.server.input.InputManagerService.interceptKeyBeforeDispatching:2729 

03-03 02:20:24.020  4060  4060 D Recents : handleProxyCall type=5

03-03 02:20:24.020  4157  4157 D Recents : handleProxyCall type=5

03-03 02:20:24.030  4157  4157 W ResourcesManager: getTopLevelResources: /data/app/com.ghisler.android.TotalCommander-1/base.apk / 1.0 running in com.android.systemui rsrc of package com.ghisler.android.TotalCommander

03-03 02:20:24.030  4157  4157 D ResourcesManager: For user 0 new overlays fetched Null

03-03 02:20:24.030  4157  4157 W ResourcesManager: getTopLevelResources: /data/app/com.ghisler.android.TotalCommander-1/base.apk / 1.0 running in com.android.systemui rsrc of package com.ghisler.android.TotalCommander

03-03 02:20:24.040  3549  3577 D PackageManager: getComponentMetadataForIconTray : com.ghisler.android.TotalCommander.TotalCommander does not exist in mServices

03-03 02:20:24.040  3549  3577 D PackageManager: getComponentMetadataForIconTray : com.ghisler.android.TotalCommander.TotalCommander does not exist in mProviders

03-03 02:20:24.040  3549  3577 D PackageManager: getComponentMetadataForIconTray : com.ghisler.android.TotalCommander.TotalCommander does not exist in mReceivers

03-03 02:20:24.060  3549  4022 D lights  : button : 1 -

03-03 02:20:24.070  9320  9320 D VRSetupWizard/VRSW: (null:-1) a() [[CheckOculusPackages][OculusInfoCheck] onResponse : Response{protocol=h2, code=200, message=, url=https://www.oculus.com/gear-vr/oculus_initial_app.xml}]

03-03 02:20:24.070  9320  9320 D VRSetupWizard/VRSW: (null:-1) a() [[CheckOculusPackages] PackageInfo: [1][com.facebook.appmanager]]

03-03 02:20:24.070  9320  9320 D VRSetupWizard/VRSW: (null:-1) a() [[CheckOculusPackages] PackageInfo: [1][com.oculus.systemdriver]]

03-03 02:20:24.080  9320  9320 D VRSetupWizard/VRSW: (null:-1) a() [[CheckOculusPackages] PackageInfo: [1][com.oculus.systemactivities]]

03-03 02:20:24.080  9320  9320 D VRSetupWizard/VRSW: (null:-1) a() [[CheckOculusPackages] PackageInfo: [1][com.oculus.horizon]]

03-03 02:20:24.080  9320  9320 D VRSetupWizard/VRSW: (null:-1) a() [[CheckOculusPackages] PackageInfo: [1][com.oculus.home]]

03-03 02:20:24.080  9320  9320 D VRSetupWizard/VRSW: (null:-1) a() [[CheckOculusPackages] PackageInfo: [1][com.oculus.vrshell.home]]

03-03 02:20:24.080  9320  9320 D VRSetupWizard/VRSW: (null:-1) a() [[CheckOculusPackages] PackageInfo: [1][com.oculus.vrshell]]

03-03 02:20:24.080  9320  9320 D VRSetupWizard/VRSW: (null:-1) a() [[CheckOculusPackages] PackageInfo: [1][com.oculus.mediaplayer]]

03-03 02:20:24.080  9320  9320 D VRSetupWizard/VRSW: (null:-1) a() [[CheckOculusPackages] PackageInfo: [1][com.oculus.browser]]

03-03 02:20:24.080  9320  9320 D VRSetupWizard/VRSW: (null:-1) a() [[CheckOculusPackages] PackageInfo: [1][com.oculus.ocms]]

03-03 02:20:24.080  9320  9320 D VRSetupWizard/VRSW: (null:-1) a() [[CheckOculusPackages] PackageInfo: [1][com.oculus.systemutilities]]

03-03 02:20:24.080  9320  9320 D VRSetupWizard/VRSW: (null:-1) a() [[DownloadInstallManager] onFinishCheckOculusPackages]

03-03 02:20:24.080  9320  9320 D VRSetupWizard/VRSW: (null:-1) a() [[UpdateJobService] Updates : 0]

03-03 02:20:24.080  9320  9320 D VRSetupWizard/VRSW: (null:-1) a() [[UpdateJobService] No updates available]

03-03 02:20:24.080  9320  9320 D VRSetupWizard/VRSW: (null:-1) i() [[UpdateJobService] stopSilentUpdate()]

03-03 02:20:24.080  3549  3577 D PackageManager: setEnabledSetting : userId = 0 packageName = com.samsung.android.app.vrsetupwizard cmp = com.samsung.android.app.vrsetupwizard.ui.IconActivity newState = 2 callingPackage = 10794

03-03 02:20:24.090  9320  9320 D VRSetupWizard/VRSW: (null:-1) b() [[DownloadInstallManager] removeDownloadInstallCallback : [class com.samsung.android.app.vrsetupwizard.system.setupwizard.services.UpdateJobService]]

03-03 02:20:24.090  9320  9320 D VRSetupWizard/VRSW: (null:-1) a() [[Utils]Delete All files in : /data/user/0/com.samsung.android.app.vrsetupwizard/files]

03-03 02:20:24.090  9320  9320 V VRSetupWizard/VRSW: (null:-1) a() [[VRSW] Add JobScheduler by VRSW]

03-03 02:20:24.100  3549  3954 D InputReader: Input event(7): value=0 when=763085767000

03-03 02:20:24.100  3549  3953 D PowerManagerService: [api] [s] userActivity : event: 0 flags: 0 (uid: 1000 pid: 3549) eventTime = 763087

03-03 02:20:24.110  4060  4173 D vol.VolumeDialogControl: onReceive ACTION_CLOSE_SYSTEM_DIALOGS

03-03 02:20:24.110  4060  4060 D LocationTile: onReceive : android.intent.action.CLOSE_SYSTEM_DIALOGS

03-03 02:20:24.110  4060  4060 D vol.SecVolumeDialog: dismissH reason: 2

03-03 02:20:24.110  4060  4060 D vol.SecVolumeDialog: dismissH : false

03-03 02:20:24.110  4060  4060 D MobileDataTile: action:android.intent.action.CLOSE_SYSTEM_DIALOGS

03-03 02:20:24.110  4060  4060 D AirplaneModeTile: onReceive : android.intent.action.CLOSE_SYSTEM_DIALOGS

03-03 02:20:24.110  4060  4060 D HotspotTile: onReceive : android.intent.action.CLOSE_SYSTEM_DIALOGS

03-03 02:20:24.110  4060  4060 D AodTile : onReceive : android.intent.action.CLOSE_SYSTEM_DIALOGS

03-03 02:20:24.110  4060  4060 D PhoneStatusBar: animateCollapsePanels, state: 0, QSexpanded: false, QSdetailsShowing: false

03-03 02:20:24.110  4060  4060 D PhoneStatusBar: animateCollapse(): mExpandedVisible=false flags=2

03-03 02:20:24.110  4060  4060 D StatusBar-Window: fnf=true sanc=false, kni=false, sbf=false

03-03 02:20:24.110  4060  4060 D CoverUI : applyFocusableFlag() : Remove SAMSUNG_FLAG_SVIEW_COVER

03-03 02:20:24.110  4060  4060 D StatusBarWindowManager: forceCollapsed : false isKeyguardShowingAndNotOccluded() : false panelVisible : false keyguardFadingAway : false bouncerShowing : false headsUpShowing : false

03-03 02:20:24.110  4060  4060 D CoverUI : applyHeight h = 96, oc = false, fa = false, ac = false, sc = false

03-03 02:20:24.110  4060  4060 D PanelView: updateQsState

03-03 02:20:24.110  4060  4060 D KeyguardCircleAffordanceView: setPreviewView: mRight=true,preview=null

03-03 02:20:24.110  4060  4060 D KeyguardSwipeHelper: reset()

03-03 02:20:24.110  4060  4060 D KeyguardUnlockEventHandler: reset()

03-03 02:20:24.110  4060  4060 D KeyguardSwipeHelper: resetChildViewVI()

03-03 02:20:24.110  4060  4060 D Recents : handleProxyCall type=4

03-03 02:20:24.120  3549  4101 D VirtualScreenPolicy: applyVirtualScreenAttrs attrs=VirtualScreenAttrs{mDisplayId=0, mBaseDisplayId=0, mBaseActivity=false}

03-03 02:20:24.120  3549  3629 V BroadcastQueue: [background] Process cur broadcast BroadcastRecord{d85e521 u-1 com.samsung.settings.action.directaccess.CLOSE_DIALOG qIdx=4}, state= (APP_RECEIVE) DELIVERED for app ProcessRecord{9b6f90b 21678:com.samsung.android.SettingsReceiver/1000}

03-03 02:20:24.120  4157  4157 D Recents : handleProxyCall type=4

03-03 02:20:24.120  4157  4157 D Recents : startRecentsActivity() : isTopTaskHome=false, displayId=0

03-03 02:20:24.120  4157  4157 D Recents : getThumbnailTransitionActivityOptions is getting called

03-03 02:20:24.120  3549  4101 W ResourcesManager: getTopLevelResources: /system/priv-app/SystemUI/SystemUI.apk / 1.0 running in null rsrc of package com.android.systemui

03-03 02:20:24.130  3549  4101 D InputDispatcher: Focused application set to: xxxx

03-03 02:20:24.130  3549  4101 D ResourcesManager: For user 0 new overlays fetched Null

03-03 02:20:24.130  3549  4101 D GameManagerService: identifyGamePackage. com.android.systemui

03-03 02:20:24.130  3549  4101 D MultiWindowPolicy: Gamemode - return 0,  when calling  identifyForegroundApp(com.android.systemui)

03-03 02:20:24.130  3549  4101 D CustomFrequencyManagerService: acquireDVFSLockLocked : type : DVFS_MIN_LIMIT  frequency : 1872000  uid : 1000  pid : 3549  pkgName : ACTIVITY_RESUME_BOOSTER@3

03-03 02:20:24.130  3549  4101 D ActivityManager: mDVFSHelper.acquire()

03-03 02:20:24.130  3549  4101 D FocusedStackFrame: Set to : 0

03-03 02:20:24.140  3549  4101 D InputDispatcher: Focus left window: 19438

03-03 02:20:24.140  3549  3660 D PointerIcon: setMouseIconStyle1 pointerType: 1001 iconType:101 flag:0 pid:3549 uid:1000

03-03 02:20:24.140  3549  3660 D PointerIcon: setMouseCustomIcon IconType is same.101

03-03 02:20:24.160  3549  4101 D ActivityManager:  Launching com.android.systemui, updated priority

03-03 02:20:24.170  2994  2994 D libEGL  : eglInitialize EGLDisplay = 0x7fe02293e8

03-03 02:20:24.170  4157  4157 D Recents_RecentsActivity: onDestroy

03-03 02:20:24.180 19438 19438 V ActivityThread: updateVisibility : ActivityRecord{ffc540f token=android.os.BinderProxy@a483e9a {com.ghisler.android.TotalCommander/com.ghisler.android.TotalCommander.TotalCommander}} show : false

03-03 02:20:24.180  3549  3629 V MARsPolicyManager: updatePackagesScore PackageInfo name -- com.android.systemui

03-03 02:20:24.190  4157  4157 D MultiPhoneWindow: performUpdateVisibility, same visibility false

03-03 02:20:24.190  4157  4157 D ViewRootImpl: #3 mView = null

03-03 02:20:24.190  4157  4157 D RelationGraph: garbageCollect()

03-03 02:20:24.190  2994  3956 D libEGL  : eglTerminate EGLDisplay = 0x7f997fee78

03-03 02:20:24.190  2994  3956 D libEGL  : eglTerminate EGLDisplay = 0x7f997fee78

03-03 02:20:24.190  4157  4157 W ResourcesManager: getTopLevelResources: /system/priv-app/SystemUI/SystemUI.apk / 1.0 running in com.android.systemui rsrc of package com.android.systemui

03-03 02:20:24.200  4157  4157 W ResourcesManager: getTopLevelResources: /system/priv-app/SystemUI/SystemUI.apk / 1.0 running in com.android.systemui rsrc of package com.android.systemui

03-03 02:20:24.210  4157  4157 D Recents_RecentsActivity: onCreate

03-03 02:20:24.240  4157  4157 D Activity: performCreate Call Injection manager

03-03 02:20:24.240  4157  4157 D Recents_RecentsActivity: onStart

03-03 02:20:24.240  4157  4157 D Recents_RecentsActivity: updateRecentsTasks

03-03 02:20:24.240  4157  4157 W ResourcesManager: getTopLevelResources: /data/app/com.YourCompany.AppTemplate-2/base.apk / 1.0 running in com.android.systemui rsrc of package com.YourCompany.AppTemplate

03-03 02:20:24.250  3549  4413 D PackageManager: getComponentMetadataForIconTray : com.epicgames.ue4.SplashActivity does not exist in mServices

03-03 02:20:24.250  3549  4413 D PackageManager: getComponentMetadataForIconTray : com.epicgames.ue4.SplashActivity does not exist in mProviders

03-03 02:20:24.250  3549  4413 D PackageManager: getComponentMetadataForIconTray : com.epicgames.ue4.SplashActivity does not exist in mReceivers

03-03 02:20:24.250  4157  4157 D ResourcesManager: For user 0 new overlays fetched Null

03-03 02:20:24.260  4157  4157 I InjectionManager: dispatchOnViewCreated > Target : com.android.systemui.recents.SeparatedRecentsActivity isFragment :false

03-03 02:20:24.260  4157  4157 D ScoverManager: registerListener

03-03 02:20:24.260  3549  4637 D CoverManagerWhiteLists: isAllowedToUse : SIGNATURE_MATCH

03-03 02:20:24.260  3549  3577 D CoverManagerWhiteLists: isAllowedToUse : SIGNATURE_MATCH

03-03 02:20:24.260  3549  3577 D CoverManager.StateNotifier: registerListenerCallback : binder = android.os.BinderProxy@46e111b, pid : 4157, uid : 10063, type : 1

03-03 02:20:24.260  4157  4157 D ViewRootImpl: #1 mView = com.android.internal.policy.MultiPhoneWindow$MultiPhoneDecorView{3f7dcd1 I.E...... R.....I. 0,0-0,0}

03-03 02:20:24.260  3549  4210 D ISSUE_DEBUG: InputChannelName : 4615891 com.android.systemui/com.android.systemui.recents.SeparatedRecentsActivity

03-03 02:20:24.260  4157  4157 D Recents_RecentsActivity: onResume

03-03 02:20:24.260  4157  4157 D SecWifiDisplayUtil: Metadata value : SecSettings2

03-03 02:20:24.270  3549  3978 D ActivityManager: post active user change for 0 fullscreen true isFloatingActivity() false isHomeActivity() false

03-03 02:20:24.270  3549  3978 D KnoxTimeoutHandler: postActiveUserChange [MsgParam] userId: 0 fullscreen is true showWhenlocked is false

03-03 02:20:24.270  3549  3549 D KnoxTimeoutHandler: handleActiveUserChange [MsgParam] userId: 0 fullscreen is true showWhenlocked is false

03-03 02:20:24.270  4157  4157 D ScoverManager: unregisterListener

03-03 02:20:24.270  3549  4413 D CoverManagerWhiteLists: isAllowedToUse : SIGNATURE_MATCH

03-03 02:20:24.270  3549  4636 D CoverManagerWhiteLists: isAllowedToUse : SIGNATURE_MATCH

03-03 02:20:24.270  3549  4636 D CoverManager.StateNotifier: unregisterCallback : binder = android.os.BinderProxy@46e111b, pid : 4157, uid : 10063

03-03 02:20:24.270  3549  3549 I KnoxTimeoutHandler: Shared devices show user statefalse

03-03 02:20:24.270  4157  4157 D ScoverManager: registerListener

03-03 02:20:24.270  3549  4637 D CoverManagerWhiteLists: isAllowedToUse : SIGNATURE_MATCH

03-03 02:20:24.270  3549  3577 D CoverManagerWhiteLists: isAllowedToUse : SIGNATURE_MATCH

03-03 02:20:24.270  3549  3577 D CoverManager.StateNotifier: registerListenerCallback : binder = android.os.BinderProxy@79513f6, pid : 4157, uid : 10063, type : 1

03-03 02:20:24.270  4157  4157 D View    : mTwDrawDuringWindowsAnimating=true

03-03 02:20:24.270  4157  4157 D MultiPhoneWindow: performUpdateVisibility, same visibility false

03-03 02:20:24.270  4157  4157 D Recents_RecentsActivity: onPause

03-03 02:20:24.270  4157  4157 D Recents_RecentsActivity: onNewIntent

03-03 02:20:24.270  4157  4157 D Recents_RecentsActivity: onResume

03-03 02:20:24.300  2994  2994 I SurfaceFlinger: id=121 createSurf (1x1),1 flag=4, TeparatedRe

03-03 02:20:24.300  4060  4060 D PhoneStatusBar: setSystemUiVisibility vis=8700 mask=ffffffff oldVal=c600 newVal=8700 diff=4100

03-03 02:20:24.300  3549  3630 D StatusBarManagerService: manageDisableList userId=0 what=0x0 pkg=Window{4615891 u0 d0 com.android.systemui/com.android.systemui.recents.SeparatedRecentsActivity}

03-03 02:20:24.310  3549  4210 D InputDispatcher: Focus entered window: 4157

03-03 02:20:24.310  3549  3660 D PointerIcon: setMouseIconStyle1 pointerType: 1001 iconType:101 flag:0 pid:3549 uid:1000

03-03 02:20:24.310  3549  3660 D PointerIcon: setMouseCustomIcon IconType is same.101

03-03 02:20:24.310  4157 16644 D libEGL  : eglInitialize EGLDisplay = 0x7f7a619178

03-03 02:20:24.310  4157 16644 I OpenGLRenderer: Initialized EGL, version 1.4

03-03 02:20:24.310  4157 16644 D         : ro.exynos.dss isEnabled: 0

03-03 02:20:24.310  3549  3549 D CustomFrequencyManagerService: releaseDVFSLockLocked : Getting Lock type frm List : DVFS_MIN_LIMIT  frequency : 2600000  uid : 1000  pid : 3549  tag : ROTATION_BOOSTER@30

03-03 02:20:24.320  4157 16644 D mali_winsys: new_window_surface returns 0x3000,  [1440x2560]-format:1

03-03 02:20:24.330  4157  4157 D Recents_TaskView: prepareEnterRecentsAnimation()

03-03 02:20:24.330  4157  4157 D Recents_TaskView: prepareEnterRecentsAnimation()

03-03 02:20:24.330  4157  4157 D Recents_TaskView: prepareEnterRecentsAnimation()

03-03 02:20:24.340  4157  4157 W DisplayListCanvas: DisplayListCanvas is started on unbinded RenderNode (without mOwningView)

03-03 02:20:24.390  3549  3565 I art     : Background partial concurrent mark sweep GC freed 119509(7MB) AllocSpace objects, 32(880KB) LOS objects, 25% free, 46MB/62MB, paused 1.914ms total 242.941ms

03-03 02:20:24.400  3549  4414 V WindowStateAnimator: Finishing drawing window Window{4615891 u0 d0 com.android.systemui/com.android.systemui.recents.SeparatedRecentsActivity}: mDrawState=DRAW_PENDING

03-03 02:20:24.410  4060  4060 D WallpaperService: updateSurface

03-03 02:20:24.410  4157  4157 D ViewRootImpl: MSG_RESIZED_REPORT: ci=Rect(0, 0 - 0, 0) vi=Rect(0, 0 - 0, 0) or=1

03-03 02:20:24.410  4060  4060 D WallpaperService: MSG_WINDOW_RESIZED

03-03 02:20:24.410  4060  4060 D WallpaperService: updateSurface

03-03 02:20:24.410  4060  4060 V WallpaperService: Changes: creating=false format=false size=false

03-03 02:20:24.410  4060  4060 V WallpaperService: mWidth:1440 SurfaceWidth:1440 mHeight:2560 SurfaceHeigh:2560

03-03 02:20:24.410  2994  2994 D libEGL  : eglInitialize EGLDisplay = 0x7fe02293e8

03-03 02:20:24.410  3549  4481 D InputMethodManagerService: windowGainedFocus mCurrentFocusedUserId - 0 and mSecureKeypadEnabled-false

03-03 02:20:24.410  3549  3660 D KnoxTimeoutHandler: notifyActivityDrawn [MsgParam] userId: 0 fullscreen is true showWhenlocked is false

03-03 02:20:24.410  3549  3549 D KnoxTimeoutHandler: activityDrawn [MsgParam] userId: 0 fullscreen is true showWhenlocked is false

03-03 02:20:24.410  4060  4060 V WallpaperService: Wallpaper size has changed: (1440, 2560)

03-03 02:20:24.410  4060  4060 D ImageWallpaper: onSurfaceRedrawNeeded: newRotation:1

03-03 02:20:24.420  3549  3549 I KnoxTimeoutHandler: SD activityfalse

03-03 02:20:24.420  4894  4894 D SamsungIME: IMPL finishInput

03-03 02:20:24.420  4894  4894 D SamsungIME: SwiftKeyWrapper writeDBdataToFileOnFinishInput

03-03 02:20:24.420  4894  4894 D SamsungIME: saveAndClear +

03-03 02:20:24.420  4894  4894 D SamsungIME: saveAndClear -

03-03 02:20:24.420  4894  4894 D SamsungIME: onStartInput: No inputType, No imeOption, isInputViewShown = false, isExtractViewShown = false, isShowInputRequested = false, isConfigChanged = false

03-03 02:20:24.420  3549  4637 V WindowStateAnimator: Finishing drawing window Window{7481e22 u0 d0 com.android.systemui.ImageWallpaper}: mDrawState=DRAW_PENDING

03-03 02:20:24.420  2994  2994 I SurfaceFlinger: id=122 createSurf (1274x199),1 flag=4, uhumbnail a

03-03 02:20:24.430  3549  3660 I ActivityManager: Displayed com.android.systemui/.recents.SeparatedRecentsActivity: +276ms

03-03 02:20:24.430  3549  4099 V WindowStateAnimator: Finishing drawing window Window{4615891 u0 d0 com.android.systemui/com.android.systemui.recents.SeparatedRecentsActivity}: mDrawState=HAS_DRAWN

03-03 02:20:24.430  4157  4157 I Timeline: Timeline: Activity_idle id: android.os.BinderProxy@66c6709 time:763418

03-03 02:20:24.430  3549  3630 W ContextImpl: Calling a method in the system process without a qualified user: android.app.ContextImpl.sendBroadcast:830 com.android.server.policy.PhoneWindowManager.notifyToSSRM:8587 com.android.server.policy.PhoneWindowManager.access$1500:304 com.android.server.policy.PhoneWindowManager$PolicyHandler.handleMessage:1206 android.os.Handler.dispatchMessage:102 

03-03 02:20:24.440  4060  4060 D PanelView: updateQsState

03-03 02:20:24.440  4060  4060 D KeyguardSwipeHelper: reset()

03-03 02:20:24.440  4060  4060 D KeyguardUnlockEventHandler: reset()

03-03 02:20:24.440  4060  4060 D KeyguardSwipeHelper: resetChildViewVI()

03-03 02:20:24.440  2994  2994 D libEGL  : eglInitialize EGLDisplay = 0x7fe02293e8

03-03 02:20:24.440  2994  2994 D libEGL  : eglInitialize EGLDisplay = 0x7fe02293e8

03-03 02:20:24.440  2994  3956 I SurfaceFlinger: id=116 Removed UotalComman (7/10)

03-03 02:20:24.440  2994  4551 I SurfaceFlinger: id=116 Removed UotalComman (-2/10)

03-03 02:20:24.440  4157  4157 D Recents_TaskView: startEnterRecentsAnimation()

03-03 02:20:24.440  4157  4157 D Recents_TaskView: startEnterRecentsAnimation()

03-03 02:20:24.440  4157  4157 D Recents_TaskView: startEnterRecentsAnimation()

03-03 02:20:24.460  2994  2994 D libEGL  : eglTerminate EGLDisplay = 0x7fe0229508

03-03 02:20:24.460  2994  4284 I SurfaceFlinger: id=122 Removed uhumbnail a (7/9)

03-03 02:20:24.460  2994  2994 D libEGL  : eglInitialize EGLDisplay = 0x7fe02293e8

03-03 02:20:24.460  2994  3004 I SurfaceFlinger: id=122 Removed uhumbnail a (-2/9)

03-03 02:20:24.460  3549  3660 I Timeline: Timeline: Activity_windows_visible id: ActivityRecord{72cbb4e u0 com.android.systemui/.recents.SeparatedRecentsActivity t4} time:763448

03-03 02:20:24.460  3549  4003 D MdnieScenarioControlService:  packageName : com.android.systemui    className : com.android.systemui.recents.SeparatedRecentsActivity

03-03 02:20:24.460  3549  3660 D CustomFrequencyManagerService: releaseDVFSLockLocked : Getting Lock type frm List : DVFS_MIN_LIMIT  frequency : 1872000  uid : 1000  pid : 3549  tag : ACTIVITY_RESUME_BOOSTER@3

03-03 02:20:24.460  3549  3660 D ActivityManager: mDVFSHelper.release()

03-03 02:20:24.460  3549  3629 D CustomFrequencyManagerService: acquireDVFSLockLocked : type : DVFS_MIN_LIMIT  frequency : 1872000  uid : 1000  pid : 3549  pkgName : ACTIVITY_RESUME_BOOSTER@9

03-03 02:20:24.470  3549  3660 D KnoxTimeoutHandler: notifyActivityDrawn [MsgParam] userId: 0 fullscreen is true showWhenlocked is false

03-03 02:20:24.470  3549  3549 D KnoxTimeoutHandler: activityDrawn [MsgParam] userId: 0 fullscreen is true showWhenlocked is false

03-03 02:20:24.470  3549  3549 I KnoxTimeoutHandler: SD activityfalse

03-03 02:20:24.470  2994  2994 D libEGL  : eglTerminate EGLDisplay = 0x7fe0229508

03-03 02:20:24.560  3549  4003 I MdnieScenarioControlService: mGameModeLauncher : false

03-03 02:20:24.560  3549  4003 I MdnieScenarioControlService: setUIMode

03-03 02:20:24.770  3549  3549 D CustomFrequencyManagerService: releaseDVFSLockLocked : Getting Lock type frm List : DVFS_MIN_LIMIT  frequency : 1872000  uid : 1000  pid : 3549  tag : ACTIVITY_RESUME_BOOSTER@9

