03-03 02:20:16.190 18730 18730 I Finsky  : [1] tpg.a(58): SCH: ConstraintMapping: 1-1337,  -> L: 31440806ms, D: 74640806ms, C: false, I: false, N: 1

03-03 02:20:16.190 18730 18730 I Finsky  : [1] tpg.a(58): SCH: ConstraintMapping: 34-649, 34-651, 34-650, 34-637, 34-636,  -> L: 77154885ms, D: 1373154885ms, C: false, I: true, N: 2

03-03 02:20:16.190 18730 18730 I Finsky  : [1] tpg.a(58): SCH: ConstraintMapping: 34-649, 34-651, 34-650, 34-637, 34-636,  -> L: 77154885ms, D: 1373154885ms, C: true, I: true, N: 2

03-03 02:20:16.190 18730 18730 I Finsky  : [1] tpg.a(58): SCH: ConstraintMapping: 26-1414141414,  -> L: 39169178ms, D: 40069178ms, C: false, I: false, N: 0

03-03 02:20:16.200 22336 22336 W ResourcesManager: getTopLevelResources: /data/app/com.reddit.frontpage-1/base.apk / 1.0 running in com.reddit.frontpage rsrc of package com.reddit.frontpage

03-03 02:20:16.220 22336 22336 I CrashlyticsCore: Initializing Crashlytics Core 2.7.0.33

03-03 02:20:16.240 18730 18730 I Finsky  : [1] trt.a(37): Cancelling existing jobscheduler jobs: 9013 9011 9014 9009 9010 9015 

03-03 02:20:16.240 18730 18730 I Finsky  : [1] trt.a(30): Scheduling job Id: 9000, L: 31440806, D: 74640806, C: false, I: false, N: 1

03-03 02:20:16.250 18730 18730 I Finsky  : [1] trt.a(30): Scheduling job Id: 9001, L: 77154885, D: 1373154885, C: false, I: true, N: 2

03-03 02:20:16.250 18730 18730 I Finsky  : [1] trt.a(30): Scheduling job Id: 9002, L: 77154885, D: 1373154885, C: true, I: true, N: 2

03-03 02:20:16.250 18730 18730 I Finsky  : [1] trt.a(30): Scheduling job Id: 9003, L: 39169178, D: 40069178, C: false, I: false, N: 0

03-03 02:20:16.260 22336 22382 W ResourcesManager: getTopLevelResources: /data/app/com.google.android.gms-1/base.apk / 1.0 running in com.reddit.frontpage rsrc of package com.google.android.gms

03-03 02:20:16.270 18730 18730 I Finsky  : [1] trt.a(30): Scheduling job Id: 9004, L: 31440806, D: 74640806, C: false, I: false, N: 1

03-03 02:20:16.270 18730 18730 I Finsky  : [1] trt.a(30): Scheduling job Id: 9005, L: 77154885, D: 1373154885, C: false, I: true, N: 2

03-03 02:20:16.270 18730 18730 I Finsky  : [1] trt.a(30): Scheduling job Id: 9006, L: 77154885, D: 1373154885, C: true, I: true, N: 2

03-03 02:20:16.270 18730 18730 I Finsky  : [1] trt.a(30): Scheduling job Id: 9007, L: 39169178, D: 40069178, C: false, I: false, N: 0

03-03 02:20:16.270 22336 22382 D ResourcesManager: For user 0 new overlays fetched Null

03-03 02:20:16.450 22336 22358 I FA      : App measurement is starting up, version: 16250

03-03 02:20:16.450 22336 22358 I FA      : To enable debug logging run: adb shell setprop log.tag.FA VERBOSE

03-03 02:20:16.450 22336 22358 I FA      : To enable faster debug mode event logging run:

03-03 02:20:16.450 22336 22358 I FA      :   adb shell setprop debug.firebase.analytics.app com.reddit.frontpage

03-03 02:20:16.570  3549  4636 D PackageManager: setEnabledSetting : userId = 0 packageName = com.reddit.frontpage cmp = androidx.work.impl.background.systemjob.SystemJobService newState = 1 callingPackage = 10542

03-03 02:20:16.600 22336 22336 W ResourceType: No package identifier when getting value for resource number 0x00000000

03-03 02:20:16.630 22336 22336 D ContextRelationManager: ContextRelationManager() : FEATURE_ENABLED=true

03-03 02:20:16.630 22336 22409 W ResourcesManager: getTopLevelResources: /data/app/com.google.android.gms-1/base.apk / 1.0 running in com.reddit.frontpage rsrc of package com.google.android.gms

03-03 02:20:16.630  3549  4487 D ConnectivityService: returning getNetworkInfo for network type 1 : [type: WIFI[] - WIFI, state: CONNECTED/CONNECTED, reason: (unspecified), extra: "RT-GPON-3262", roaming: false, failover: false, isAvailable: true]

03-03 02:20:16.640 22336 22409 D ResourcesManager: For user 0 new overlays fetched Null

03-03 02:20:16.650  9320  9320 D VRSetupWizard/VRSW: (null:-1) a() [[CheckSamsungPackages]Response{protocol=http/1.1, code=200, message=OK, url=https://vas.samsungapps.com/mars/stub/stubUpdateCheck.as?mnc=00&deviceId=SM-G930F&callerId=com.samsung.android.app.vrsetupwizard&csc=XEO&sdkVer=23&pd=0&appId=com.samsung.android.app.vrsetupwizard@320309000:com.samsung.android.hmt.vrsvc@320315100:com.samsung.android.hmt.vrsystem@320303000:com.facebook.system@15330205&mcc=250}]

03-03 02:20:16.650  9320  9320 D VRSetupWizard/VRSW: (null:-1) a() [[CheckSamsungPackages] PackageInfo: [1][com.samsung.android.app.vrsetupwizard][320309000]]

03-03 02:20:16.650  9320  9320 D VRSetupWizard/VRSW: (null:-1) a() [[CheckSamsungPackages] PackageInfo: [1][com.samsung.android.hmt.vrsvc][320315100]]

03-03 02:20:16.650  9320  9320 D VRSetupWizard/VRSW: (null:-1) a() [[CheckSamsungPackages] PackageInfo: [1][com.samsung.android.hmt.vrsystem][320303000]]

03-03 02:20:16.650  9320  9320 D VRSetupWizard/VRSW: (null:-1) a() [[CheckSamsungPackages] PackageInfo: [2][com.facebook.system][63328846]]

03-03 02:20:16.650  9320  9320 D VRSetupWizard/VRSW: (null:-1) b() [[CheckSamsungPackages]getDownloadInfo]

03-03 02:20:16.650  3549  4101 D PackageManager: setEnabledSetting : userId = 0 packageName = com.reddit.frontpage cmp = androidx.work.impl.background.systemalarm.RescheduleReceiver newState = 1 callingPackage = 10542

03-03 02:20:16.680  3549  3680 D PackageManager: [MSG] WRITE_PACKAGE_RESTRICTIONS

03-03 02:20:16.690 22336 22399 D AppsFlyer_4.8.17: Initializing AppsFlyer SDK: (v4.8.17.410)

03-03 02:20:16.720  3549  3680 W System.err: remove failed: ENOENT (No such file or directory) : /data/system/users/0/package-restrictions.xml.bak

03-03 02:20:16.810 22336 22336 D ConnectivityManager: requestNetwork; getAppId(CallingUid) : 10542, CallingPid : 22336

03-03 02:20:16.810  5470  5470 E audit   : type=1400 msg=audit(1583176816.800:441): avc:  denied  { getattr } for  pid=22416 comm="ps" path="/proc/2919" dev="proc" ino=8991 scontext=u:r:shell:s0 tcontext=u:r:logd:s0 tclass=dir permissive=0

03-03 02:20:16.810  5470  5470 E audit   :  SEPF_SECMOBILE_6.0.1_0004

03-03 02:20:16.810  5470  5470 E audit   : type=1300 msg=audit(1583176816.800:441): arch=c00000b7 syscall=79 success=no exit=-13 a0=ffffff9c a1=7fe10040e8 a2=7fe1004038 a3=0 items=0 ppid=3152 pid=22416 auid=4294967295 uid=2000 gid=2000 euid=2000 suid=2000 fsuid=2000 egid=2000 sgid=2000 fsgid=2000 tty=pts0 ses=4294967295 comm="ps" exe="/system/bin/toolbox" subj=u:r:shell:s0 key=(null)

03-03 02:20:16.810  5470  5470 E audit   : type=1327 msg=audit(1583176816.800:441): proctitle="ps"

03-03 02:20:16.810  5470  5470 E audit   : type=1320 msg=audit(1583176816.800:441): 

03-03 02:20:16.810  3549  4191 D ConnectivityService: listenForNetwork for Listen from uid/pid:10542/22336 for NetworkRequest [ id=38, legacyType=-1, [ Capabilities: INTERNET&NOT_RESTRICTED&TRUSTED&NOT_VPN] ]

03-03 02:20:16.810  3549  3991 D ConnectivityService: rematching NetworkAgentInfo [WIFI () - 502]

03-03 02:20:16.810  3549  3991 D ConnectivityService:  network has: NetworkAgentInfo{ ni{[type: WIFI[] - WIFI, state: CONNECTED/CONNECTED, reason: (unspecified), extra: "RT-GPON-3262", roaming: false, failover: false, isAvailable: true]}  network{502}  lp{{InterfaceName: wlan0 LinkAddresses: [fe80::ae5f:3eff:fe2f:f390/64,192.168.0.2/24,]  Routes: [fe80::/64 -> :: wlan0,192.168.0.0/24 -> 0.0.0.0 wlan0,0.0.0.0/0 -> 192.168.0.1 wlan0,] DnsAddresses: [192.168.0.1,] Domains:  MTU: 0 TcpBufferSizes: 524288,1048576,2097120,524288,1048576,4194240}}  nc{[ Transports: WIFI Capabilities: INTERNET&NOT_RESTRICTED&TRUSTED&NOT_VPN&VALIDATED LinkUpBandwidth>=1048576Kbps LinkDnBandwidth>=1048576Kbps SignalStrength: -60]}  Score{60}  everValidated{true}  lastValidated{true}  created{true} lingering{false} explicitlySelected{false} acceptUnvalidated{false} everCaptivePortalDetected{false} lastCaptivePortalDetected{false} }

03-03 02:20:16.810  3549  3991 D ConnectivityService: Network NetworkAgentInfo [WIFI () - 502] was already satisfying request 1. No change.

03-03 02:20:16.810  3549  3991 D ConnectivityService:   checking if request is: NetworkRequest [ id=3, legacyType=-1, [] ] satisfies: true nri.isRequest: false

03-03 02:20:16.810  3549  3991 D ConnectivityService:   checking if request is: NetworkRequest [ id=8, legacyType=-1, [ Capabilities: NOT_RESTRICTED] ] satisfies: true nri.isRequest: false

03-03 02:20:16.810  3549  3991 D ConnectivityService:   checking if request is: NetworkRequest [ id=4, legacyType=-1, [ Transports: CELLULAR Capabilities: INTERNET&NOT_RESTRICTED&TRUSTED&NOT_VPN] ] satisfies: false nri.isRequest: false

03-03 02:20:16.810  3549  3991 D ConnectivityService:   checking if request is: NetworkRequest [ id=30, legacyType=-1, [ Capabilities: INTERNET&NOT_RESTRICTED&TRUSTED] ] satisfies: true nri.isRequest: false

03-03 02:20:16.810  3549  3991 D ConnectivityService:   checking if request is: NetworkRequest [ id=35, legacyType=-1, [ Capabilities: INTERNET&NOT_RESTRICTED&TRUSTED] ] satisfies: true nri.isRequest: false

03-03 02:20:16.810  3549  3991 D ConnectivityService:   checking if request is: NetworkRequest [ id=38, legacyType=-1, [ Capabilities: INTERNET&NOT_RESTRICTED&TRUSTED&NOT_VPN] ] satisfies: true nri.isRequest: false

03-03 02:20:16.810  3549  3991 D ConnectivityService:   checking if request is: NetworkRequest [ id=36, legacyType=-1, [ Capabilities: INTERNET&NOT_RESTRICTED&TRUSTED&NOT_VPN] ] satisfies: true nri.isRequest: false

03-03 02:20:16.810  3549  3991 D ConnectivityService:   checking if request is: NetworkRequest [ id=37, legacyType=-1, [ Capabilities: NOT_RESTRICTED&TRUSTED&NOT_VPN] ] satisfies: true nri.isRequest: false

03-03 02:20:16.810  3549  3991 D ConnectivityService:   checking if request is: NetworkRequest [ id=5, legacyType=-1, [ Transports: WIFI Capabilities: INTERNET&NOT_RESTRICTED&TRUSTED&NOT_VPN] ] satisfies: true nri.isRequest: false

03-03 02:20:16.810  3549  3991 D ConnectivityService: sending notification AVAILABLE for NetworkRequest [ id=38, legacyType=-1, [ Capabilities: INTERNET&NOT_RESTRICTED&TRUSTED&NOT_VPN] ]

03-03 02:20:16.820 22336 22399 W ResourcesManager: getTopLevelResources: /data/app/com.google.android.gms-1/base.apk / 1.0 running in com.reddit.frontpage rsrc of package com.google.android.gms

03-03 02:20:16.830 22336 22399 D ResourcesManager: For user 0 new overlays fetched Null

03-03 02:20:16.850 22336 22336 W WM-WorkSpec: Interval duration lesser than minimum allowed value; Changed to 900000

03-03 02:20:16.870 22336 22424 W FirebaseRemoteConfig: No value of type 'String' exists for parameter key 'trace_flimit_time'.

03-03 02:20:16.870 22336 22424 W FirebaseRemoteConfig: No value of type 'String' exists for parameter key 'trace_flimit_events'.

03-03 02:20:16.870 22336 22424 W FirebaseRemoteConfig: No value of type 'String' exists for parameter key 'trace_blimit_time'.

03-03 02:20:16.870 22336 22424 W FirebaseRemoteConfig: No value of type 'String' exists for parameter key 'trace_blimit_events'.

03-03 02:20:16.870 22336 22424 W FirebaseRemoteConfig: No value of type 'String' exists for parameter key 'network_flimit_time'.

03-03 02:20:16.870 22336 22424 W FirebaseRemoteConfig: No value of type 'String' exists for parameter key 'network_flimit_events'.

03-03 02:20:16.870 22336 22424 W FirebaseRemoteConfig: No value of type 'String' exists for parameter key 'network_blimit_time'.

03-03 02:20:16.870 22336 22424 W FirebaseRemoteConfig: No value of type 'String' exists for parameter key 'network_blimit_events'.

03-03 02:20:16.890  3549  3978 D PackageManager: setEnabledSetting : userId = 0 packageName = com.reddit.frontpage cmp = androidx.work.impl.background.systemalarm.RescheduleReceiver newState = 1 callingPackage = 10542

03-03 02:20:16.900 22336 22364 I FirebaseRemoteConfig: Fetch succeeded!

03-03 02:20:16.920 22336 22336 D InjectionManager: InjectionManager

03-03 02:20:16.920 22336 22336 D InjectionManager: fillFeatureStoreMap com.reddit.frontpage

03-03 02:20:16.920 22336 22336 I InjectionManager: Constructor com.reddit.frontpage, Feature store :{}

03-03 02:20:16.920 22336 22336 I InjectionManager: featureStore :{}

03-03 02:20:16.940 18393 19058 I FontsContentProvider: Received query Noto Color Emoji Compat, URI content://com.google.android.gms.fonts

03-03 02:20:16.940 18393 19058 I FontsContentProvider: Query [Noto Color Emoji Compat] resolved to {Noto Color Emoji Compat, wdth 100.0, wght 400, ital 0.0, bestEffort false}

03-03 02:20:16.950 18393 19058 I FontsContentProvider: Fetch {Noto Color Emoji Compat, wdth 100.0, wght 400, ital 0.0, bestEffort false} end status Status{statusCode=SUCCESS, resolution=null}

03-03 02:20:16.990 18393 18403 I FontsContentProvider: Pulling font file for id = 2, cache size = 1

03-03 02:20:17.030 22336 22428 D Minikin : FontFamily bestFont == NULL, so return vacant FakedFont

03-03 02:20:17.030 22336 22428 D Minikin : FontFamily bestFont == NULL, so return vacant FakedFont

03-03 02:20:17.030 22336 22428 D Minikin : FontFamily bestFont == NULL, so return vacant FakedFont

03-03 02:20:17.040 18393 19059 I FontsContentProvider: Pulling font file for id = 2, cache size = 1

03-03 02:20:17.050 22336 22345 I art     : Background sticky concurrent mark sweep GC freed 30462(2MB) AllocSpace objects, 23(460KB) LOS objects, 16% free, 13MB/16MB, paused 6.382ms total 45.003ms

03-03 02:20:17.090 22336 22438 W System.err: remove failed: ENOENT (No such file or directory) : /data/user/0/com.reddit.frontpage/cache/reddit/journal.tmp

03-03 02:20:17.100  3259  3752 D EnterpriseController: netId is 0

03-03 02:20:17.100  3259  3752 D Netd    : getNetworkForDns: using netid 502 for uid 10542

03-03 02:20:17.160 22336 22438 I qtaguid : Tagging socket 43 with tag 70eb7ea800000000{1894481576,0} uid -1, pid: 22336, getuid(): 10542

03-03 02:20:17.390 22336 22398 I System.out: (HTTPLog)-Static: isSBSettingEnabled false

03-03 02:20:17.390 22336 22398 I System.out: (HTTPLog)-Static: isSBSettingEnabled false

03-03 02:20:17.390 22336 22398 W ActivityThread: ClassLoader.loadClass: The class loader returned by Thread.getContextClassLoader() may fail for processes that host multiple applications. You should explicitly specify a context class loader. For example: Thread.setContextClassLoader(getClass().getClassLoader());

03-03 02:20:17.400  3259  3752 D EnterpriseController: netId is 0

03-03 02:20:17.400  3259  3752 D Netd    : getNetworkForDns: using netid 502 for uid 10542

03-03 02:20:17.560 22336 22438 I qtaguid : Tagging socket 59 with tag 70eb7ea800000000{1894481576,0} uid -1, pid: 22336, getuid(): 10542

03-03 02:20:17.930  5470  5470 E audit   : type=1400 msg=audit(1583176817.930:442): avc:  denied  { getattr } for  pid=22452 comm="ps" path="/proc/2919" dev="proc" ino=8991 scontext=u:r:shell:s0 tcontext=u:r:logd:s0 tclass=dir permissive=0

03-03 02:20:17.930  5470  5470 E audit   :  SEPF_SECMOBILE_6.0.1_0004

03-03 02:20:17.930  5470  5470 E audit   : type=1300 msg=audit(1583176817.930:442): arch=c00000b7 syscall=79 success=no exit=-13 a0=ffffff9c a1=7fd4727598 a2=7fd47274e8 a3=0 items=0 ppid=3152 pid=22452 auid=4294967295 uid=2000 gid=2000 euid=2000 suid=2000 fsuid=2000 egid=2000 sgid=2000 fsgid=2000 tty=pts0 ses=4294967295 comm="ps" exe="/system/bin/toolbox" subj=u:r:shell:s0 key=(null)

03-03 02:20:17.930  5470  5470 E audit   : type=1327 msg=audit(1583176817.930:442): proctitle="ps"

03-03 02:20:17.930  5470  5470 E audit   : type=1320 msg=audit(1583176817.930:442): 

03-03 02:20:17.960  9320  9320 D VRSetupWizard/VRSW: (null:-1) a() [[CheckSamsungPackages]Response{protocol=http/1.1, code=200, message=OK, url=https://vas.samsungapps.com/mars/stub/stubDownload.as?mnc=00&deviceId=SM-G930F&callerId=com.samsung.android.app.vrsetupwizard&csc=XEO&sdkVer=23&pd=0&appId=com.samsung.android.app.vrsetupwizard@com.samsung.android.hmt.vrsvc@com.samsung.android.hmt.vrsystem@com.facebook.system&encImei=UoQEf0%252F7TgSCSi%252FR0fDNYg%253D%253D%250A&mcc=250}]

03-03 02:20:17.970  9320  9320 D VRSetupWizard/VRSW: (null:-1) a() [[DownloadInstallManager] onFinishCheckSamsungPackages]

03-03 02:20:17.970  9320  9320 D VRSetupWizard/VRSW: (null:-1) d() [[DownloadInstallManager] startGettingOculusPackageInfo]

03-03 02:20:17.980 22336 22438 W FirebaseRemoteConfig: No value of type 'String' exists for parameter key 'sessions_feature_enabled'.

03-03 02:20:17.980 22336 22438 D FirebasePerformance: Creating a new Non Verbose Session: e4d97ba5cb4748c1ada8d6fca2aafa92

03-03 02:20:17.990  9320 22454 D VRSetupWizard/VRSW: (null:-1) a() [[CheckOculusPackages] User Agent : SM-G930F;Galaxy S7;6.0.1;23]

03-03 02:20:17.990  3259  3752 D EnterpriseController: netId is 0

03-03 02:20:17.990  3259  3752 D Netd    : getNetworkForDns: using netid 502 for uid 10794

03-03 02:20:17.990 22336 22438 W FirebaseRemoteConfig: No value of type 'String' exists for parameter key 'sessions_max_length_minutes'.

03-03 02:20:17.990 22336 22424 W FirebaseRemoteConfig: No value of type 'String' exists for parameter key 'sessions_feature_enabled'.

03-03 02:20:18.020  3259  3752 D EnterpriseController: netId is 0

03-03 02:20:18.020  3259  3752 D Netd    : getNetworkForDns: using netid 502 for uid 10542

03-03 02:20:18.030  3259  3752 D EnterpriseController: netId is 0

03-03 02:20:18.030  3259  3752 D Netd    : getNetworkForDns: using netid 502 for uid 10542

03-03 02:20:18.050  3259  3752 D EnterpriseController: netId is 0

03-03 02:20:18.050  3259  3752 D Netd    : getNetworkForDns: using netid 502 for uid 10542

03-03 02:20:18.070  3259  3752 D EnterpriseController: netId is 0

03-03 02:20:18.070  3259  3752 D Netd    : getNetworkForDns: using netid 502 for uid 10542

03-03 02:20:18.630 22336 22398 I CrashlyticsCore: Crashlytics report upload complete: 5E5D5B820225-0001-4AFD-1590B1BF27E7

03-03 02:20:18.660  3259  3752 D EnterpriseController: netId is 0

03-03 02:20:18.660  3259  3752 D Netd    : getNetworkForDns: using netid 502 for uid 10794

03-03 02:20:18.680 22336 22422 W FirebaseRemoteConfig: No value of type 'String' exists for parameter key 'sessions_max_length_minutes'.

03-03 02:20:18.680 22336 22424 W FirebaseRemoteConfig: No value of type 'String' exists for parameter key 'sessions_feature_enabled'.

03-03 02:20:18.740 22336 22430 W FirebaseRemoteConfig: No value of type 'String' exists for parameter key 'sessions_max_length_minutes'.

03-03 02:20:18.740 22336 22424 W FirebaseRemoteConfig: No value of type 'String' exists for parameter key 'sessions_feature_enabled'.

03-03 02:20:18.830 22336 22424 W FirebaseRemoteConfig: No value of type 'String' exists for parameter key 'sessions_feature_enabled'.

03-03 02:20:18.830 22336 22421 W FirebaseRemoteConfig: No value of type 'String' exists for parameter key 'sessions_max_length_minutes'.

03-03 02:20:18.840 22469 22469 E Zygote  : v2

03-03 02:20:18.840 22469 22469 W SELinux : Function: selinux_compare_spd_ram, index[1], priority [2], priority version is VE=SEPF_SECMOBILE_6.0.1_0004

03-03 02:20:18.840 22469 22469 E Zygote  : accessInfo : 0

03-03 02:20:18.840 22469 22469 W SELinux : SELinux: seapp_context_lookup: seinfo=platform, level=s0:c512,c768, pkgname=com.sec.android.provider.badge 

03-03 02:20:18.840 22469 22469 I libpersona: KNOX_SDCARD checking this for 10003

03-03 02:20:18.840 22469 22469 I libpersona: KNOX_SDCARD not a persona

03-03 02:20:18.840  3549  3629 I ActivityManager: Start proc 22469:com.sec.android.provider.badge/u0a3 for broadcast-3 com.sec.android.provider.badge/.BadgeCountReceiver

03-03 02:20:18.870 18730 21384 I System.out: (HTTPLog)-Static: isSBSettingEnabled false

03-03 02:20:18.870 18730 21384 I System.out: (HTTPLog)-Static: isSBSettingEnabled false

03-03 02:20:18.880 22469 22469 D TimaKeyStoreProvider: TimaSignature is unavailable

03-03 02:20:18.880 22469 22469 D ActivityThread: Added TimaKeyStore provider

03-03 02:20:18.900  3549  3576 V BroadcastQueue: [background] Process cur broadcast BroadcastRecord{b614c3 u0 android.intent.action.BADGE_COUNT_UPDATE qIdx=4}, state= (APP_RECEIVE) DELIVERED for app ProcessRecord{9ac7140 22469:com.sec.android.provider.badge/u0a3}

03-03 02:20:18.910 22481 22481 I rpmbd   : *************** start rpmb daemon *************** 

03-03 02:20:18.910 22481 22481 I rpmbd   : Socket has name /data/app/rpmbd

03-03 02:20:18.910 22481 22481 E rpmbd   : <device open> fail

03-03 02:20:18.910 22469 22469 W ResourcesManager: getTopLevelResources: /system/priv-app/BadgeProvider_M/BadgeProvider_M.apk / 1.0 running in com.sec.android.provider.badge rsrc of package com.sec.android.provider.badge

03-03 02:20:18.920 22469 22469 I InjectionManager: Inside getClassLibPath + mLibMap{0=, 1=}

03-03 02:20:18.920  3549  3577 I InjectionManagerService -AppFeature: getCoreFeaturePkgList :[]

03-03 02:20:18.920 22469 22469 D ResourcesManager: For user 0 new overlays fetched Null

03-03 02:20:18.930 22469 22469 I InjectionManager: Inside getClassLibPath caller 

03-03 02:20:18.940 22469 22469 W System  : ClassLoader referenced unknown path: /system/priv-app/BadgeProvider_M/lib/arm64

03-03 02:20:18.950 22469 22469 D BadgeProvider: onCreate

03-03 02:20:18.950 22469 22469 D BadgeProvider: DatabaseHelper

03-03 02:20:18.950 22469 22469 D Minikin : FontFamily bestFont == NULL, so return vacant FakedFont

03-03 02:20:18.950 22469 22469 D Minikin : FontFamily bestFont == NULL, so return vacant FakedFont

03-03 02:20:18.950 22469 22469 D Minikin : FontFamily bestFont == NULL, so return vacant FakedFont

03-03 02:20:18.960 22469 22469 D Minikin : FontFamily bestFont == NULL, so return vacant FakedFont

03-03 02:20:18.960 22469 22469 D Minikin : FontFamily bestFont == NULL, so return vacant FakedFont

03-03 02:20:18.960 22469 22469 D Minikin : FontFamily bestFont == NULL, so return vacant FakedFont

03-03 02:20:18.960 22469 22469 D InjectionManager: InjectionManager

03-03 02:20:18.960 22469 22469 D InjectionManager: fillFeatureStoreMap com.sec.android.provider.badge

03-03 02:20:18.960 22469 22469 I InjectionManager: Constructor com.sec.android.provider.badge, Feature store :{}

03-03 02:20:18.960 22469 22469 I InjectionManager: featureStore :{}

03-03 02:20:18.960 22469 22469 D Badge::BadgeCountReceiver: badge intent : Intent { act=android.intent.action.BADGE_COUNT_UPDATE flg=0x10 cmp=com.sec.android.provider.badge/.BadgeCountReceiver bqHint=4 VirtualScreenParam=Params{mDisplayId=-1, null, mFlags=0x00000000)} (has extras) }

03-03 02:20:18.960 22469 22469 D Badge::BadgeCountReceiver: packageName: com.reddit.frontpage, className: com.reddit.frontpage.StartActivity, count: 0

03-03 02:20:18.980 22469 22469 D BaseReflect: null getOwnClass TEST

03-03 02:20:18.980 22469 22469 D MethodReflector: android.content.ContentResolver getClass TEST

03-03 02:20:18.980 22469 22469 D BaseReflect: class android.content.ContentResolver isSupportClass TEST

03-03 02:20:18.980 22469 22469 D BaseReflect: class android.content.ContentResolver getOwnClass TEST

03-03 02:20:18.980 22469 22469 D MethodReflector: notifyChange is called

03-03 02:20:18.990  4461  4461 D Launcher.Model: reloadBadges entered.

03-03 02:20:18.990  4461  4461 D Launcher.Model: reloadBadges entered.

03-03 02:20:18.990 22469 22469 D BadgeProvider: sendNotify entered. [uri] : content://com.sec.badge/apps

03-03 02:20:18.990 22469 22469 D BadgeProvider: sendNotify, [notify] : null

03-03 02:20:18.990 22469 22469 D BadgeProvider: update, getCallingPackage() : com.sec.android.provider.badge

03-03 02:20:18.990 22469 22469 D BadgeProvider: update, [uri] : content://com.sec.badge/apps

03-03 02:20:18.990 22469 22469 D BadgeProvider: update, [uri.query] : null

03-03 02:20:18.990 22469 22469 D BadgeProvider: update, [BadgeCount] : badgecount=0

03-03 02:20:18.990 22469 22469 D BadgeProvider: update, [UpdateCount] : 1

03-03 02:20:18.990  4060  4060 D MobileDataTile: onServiceStateChanged : 1

03-03 02:20:18.990  3549  4210 I ActivityManager: Killing 21629:com.android.externalstorage/u0a11 (adj 15): DHA:empty #33

03-03 02:20:19.000  4060  4286 D NetworkController.MobileSignalController(0/2147483643): onServiceStateChanged voiceState=1 dataState=1

03-03 02:20:19.000  4060  4286 D NetworkController.MobileSignalController(0/2147483643): onServiceStateChanged mDataNetType=0

03-03 02:20:19.000  4060  4286 D NetworkController.MobileSignalController(0/2147483643): getMobileIconGroup(): 0

03-03 02:20:19.000  3549  3549 I CLocInfoService: Slot : -1 Service State Changed : 1

03-03 02:20:19.000  3549  3549 I CLocInfoCtrl: cur pol mccmnc null

03-03 02:20:19.000  3549  3549 I CLocInfoCtrl: cur pol mccmnc null

03-03 02:20:19.010  5505  5505 D SlickSSConfigHandler: data regstate is1, network type is0

03-03 02:20:19.010  5505  5505 D CellLocationSupport: onServiceStateChanged() : serviceState  : 1

03-03 02:20:19.010  5505  5571 I CellLocationSupport: onCellLocationChanged

03-03 02:20:19.020  5505  5505 D RegistrationManager: onServiceStateChanged(1 1 voice home data home  GSM Unknown CSS not supported -1 -1 RoamInd=-1 DefRoamInd=-1 VoiceRegType=0 ImsVoiceAvail=0 IsEbSupport=2 IsEaBarred=0 Snap=0 FemtocellInd=0 EmergOnly=false IsDataRoamingFromRegistration=false)

03-03 02:20:19.030  3549  3992 D ConnectivityManager: getMobileDataEnabled()+ subId=2147483643

03-03 02:20:19.040  4444  4459 D PhoneInterfaceManager: [PhoneIntfMgr] getDataEnabled: subId=2147483643 phoneId=0

03-03 02:20:19.040  4444  4459 D PhoneInterfaceManager: [PhoneIntfMgr] getDataEnabled: subId=2147483643 retVal=true

03-03 02:20:19.040 22469 22479 D BadgeProvider: query, [selection] : null

03-03 02:20:19.040  3549  3992 D ConnectivityManager: getMobileDataEnabled()- subId=2147483643 retVal=true

03-03 02:20:19.040  3549  3576 D ActivityManager: isAutoRunBlockedApp:: com.android.externalstorage, Auto Run ON

03-03 02:20:19.050  4060  4060 D DeviceState: getMobileDataEnabled() ret=false SimState 1

03-03 02:20:19.050  9320  9320 D VRSetupWizard/VRSW: (null:-1) a() [[CheckOculusPackages][OculusInfoCheck] onResponse : Response{protocol=h2, code=200, message=, url=https://www.oculus.com/gear-vr/oculus_initial_app.xml}]

03-03 02:20:19.050  9320  9320 D VRSetupWizard/VRSW: (null:-1) a() [[CheckOculusPackages] PackageInfo: [1][com.facebook.appmanager]]

03-03 02:20:19.060  5505  5571 I CellLocationSupport: Block to update PANI information in non VoWIFI

03-03 02:20:19.060  5505  5571 D RegistrationManager: handleMessage(): 50

03-03 02:20:19.060  5505  5571 D RegistrationManager: handleServiceStateChange(1 1 voice home data home  GSM Unknown CSS not supported -1 -1 RoamInd=-1 DefRoamInd=-1 VoiceRegType=0 ImsVoiceAvail=0 IsEbSupport=2 IsEaBarred=0 Snap=0 FemtocellInd=0 EmergOnly=false IsDataRoamingFromRegistration=false)

03-03 02:20:19.060  5505  5571 D RegistrationManager: No roaming type founded [DATA_ROAMING]

03-03 02:20:19.060  5505  5571 D RegistrationManager: No roaming type founded [VOICE_ROAMING]

03-03 02:20:19.060  5505  5571 D RegistrationManager: getServiceState [1]

03-03 02:20:19.060  5505  5571 D RegistrationManager: notifyServiceStateChange : New State [1] Old State [1] Force to run [false]

03-03 02:20:19.060  5505  5571 D RegistrationManager: handleMessage(): 37

03-03 02:20:19.060  5505  5571 D RegistrationManager: getNetworkType [0]

03-03 02:20:19.060  4461  4583 D BadgeCache: 1. updateBadgeCounts: com.samsung.android.email.provider = 0

03-03 02:20:19.060  4461  4583 D BadgeCache: 1. updateBadgeCounts: com.android.mms = 0

03-03 02:20:19.060  4461  4583 D BadgeCache: 1. updateBadgeCounts: com.android.contacts = 0

03-03 02:20:19.060  4461  4583 D BadgeCache: 1. updateBadgeCounts: com.android.vending = 0

03-03 02:20:19.060  4461  4583 D BadgeCache: 1. updateBadgeCounts: com.facebook.katana = 34

03-03 02:20:19.060  4461  4583 D BadgeCache: 2. updateBadgeCounts: com.facebook.katana/.LoginActivity = 34

03-03 02:20:19.060  4461  4583 D BadgeCache: 1. updateBadgeCounts: com.sec.android.app.shealth = 1

03-03 02:20:19.060  4461  4583 D BadgeCache: 2. updateBadgeCounts: com.sec.android.app.shealth/com.samsung.android.app.shealth.home.HomeMainActivity = 1

03-03 02:20:19.060  4461  4583 D BadgeCache: 1. updateBadgeCounts: com.samsung.android.sm = 0

03-03 02:20:19.060  4461  4583 D BadgeCache: 1. updateBadgeCounts: com.oculus.horizon = 0

03-03 02:20:19.060  4461  4583 D BadgeCache: 1. updateBadgeCounts: com.mackmedia.coastialitygearvr = 0

03-03 02:20:19.060  4461  4583 D BadgeCache: 1. updateBadgeCounts: com.samsung.android.voc = 0

03-03 02:20:19.060  4461  4583 D BadgeCache: 1. updateBadgeCounts: com.shakingearthdigital.vrse = 0

03-03 02:20:19.060  4461  4583 D BadgeCache: 1. updateBadgeCounts: com.softwarelint.darkops = 0

03-03 02:20:19.060  4461  4583 D BadgeCache: 1. updateBadgeCounts: org.telegram.messenger = 0

03-03 02:20:19.060  4461  4583 D BadgeCache: 1. updateBadgeCounts: com.cootek.smartinputv5 = 0

03-03 02:20:19.060  4461  4583 D BadgeCache: 1. updateBadgeCounts: com.herzick.houseparty = 0

03-03 02:20:19.060  4461  4583 D BadgeCache: 1. updateBadgeCounts: com.nimses = 3

03-03 02:20:19.060  4461  4583 D BadgeCache: 2. updateBadgeCounts: com.nimses/.ui.SplashActivity = 3

03-03 02:20:19.060  4461  4583 D BadgeCache: 1. updateBadgeCounts: de.softan.brainstorm = 0

03-03 02:20:19.060  4461  4583 D BadgeCache: 1. updateBadgeCounts: com.instagram.android = 0

03-03 02:20:19.060  4461  4583 D BadgeCache: 1. updateBadgeCounts: com.facebook.orca = 1

03-03 02:20:19.060  4461  4583 D BadgeCache: 2. updateBadgeCounts: com.facebook.orca/.auth.StartScreenActivity = 1

03-03 02:20:19.060  4461  4583 D BadgeCache: 1. updateBadgeCounts: com.pinterest = 0

03-03 02:20:19.060  4461  4583 D BadgeCache: 1. updateBadgeCounts: com.whatsapp = 0

03-03 02:20:19.060  4461  4583 D BadgeCache: 1. updateBadgeCounts: com.twitter.android = 0

03-03 02:20:19.060  4461  4583 D BadgeCache: 1. updateBadgeCounts: com.in.w3d = 0

03-03 02:20:19.060  4461  4583 D BadgeCache: 1. updateBadgeCounts: com.google.android.youtube = 0

03-03 02:20:19.060  4461  4583 D BadgeCache: 1. updateBadgeCounts: com.sec.android.app.sbrowser = 1

03-03 02:20:19.060  4461  4583 D BadgeCache: 2. updateBadgeCounts: com.sec.android.app.sbrowser/.SBrowserMainActivity = 1

03-03 02:20:19.060  4461  4583 D BadgeCache: 1. updateBadgeCounts: com.sec.android.app.voicenote = 0

03-03 02:20:19.060  4461  4583 D BadgeCache: 1. updateBadgeCounts: com.sec.android.easyMover = 0

03-03 02:20:19.060  4461  4583 D BadgeCache: 1. updateBadgeCounts: com.vkontakte.android = 0

03-03 02:20:19.060  4461  4583 D BadgeCache: 1. updateBadgeCounts: com.narvii.amino.x6 = 1

03-03 02:20:19.060  4461  4583 D BadgeCache: 2. updateBadgeCounts: com.narvii.amino.x6/com.narvii.amino.MainActivity = 1

03-03 02:20:19.060  4461  4583 D BadgeCache: 1. updateBadgeCounts: com.narvii.amino.master = 0

03-03 02:20:19.060  4461  4583 D BadgeCache: 1. updateBadgeCounts: ru.ok.android = 0

03-03 02:20:19.060  4461  4583 D BadgeCache: 1. updateBadgeCounts: com.cyberlink.powerdirector.DRA140225_01 = 0

03-03 02:20:19.060  4461  4583 D BadgeCache: 1. updateBadgeCounts: com.quora.android = 1

03-03 02:20:19.060  4461  4583 D BadgeCache: 2. updateBadgeCounts: com.quora.android/.LauncherActivity = 1

03-03 02:20:19.060  4461  4583 D BadgeCache: 1. updateBadgeCounts: com.samsung.android.app.watchmanager = 0

03-03 02:20:19.060  4461  4583 D BadgeCache: 1. updateBadgeCounts: com.quora.android = 1

03-03 02:20:19.060  4461  4583 D BadgeCache: 2. updateBadgeCounts: com.quora.android/.components.activities.LauncherActivity = 1

03-03 02:20:19.060  4461  4583 D BadgeCache: 1. updateBadgeCounts: com.samsung.android.game.gamehome = 0

03-03 02:20:19.060  4461  4583 D BadgeCache: 1. updateBadgeCounts: com.reddit.frontpage = 0

03-03 02:20:19.060  4461  4583 D BadgeCache: 1. updateBadgeCounts: info.flowersoft.theotown.theotown = 0

03-03 02:20:19.060  4461  4583 D BadgeCache: 1. updateBadgeCounts: com.zhiliaoapp.musically = 0

03-03 02:20:19.060  4461  4583 D BadgeCache: 1. updateBadgeCounts: com.struckd.game = 0

03-03 02:20:19.060  4461  4583 D BadgeCache: 1. updateBadgeCounts: com.sec.android.app.samsungapps = 0

03-03 02:20:19.060  4461  4583 D BadgeCache: 1. updateBadgeCounts: com.sololearn = 0

03-03 02:20:19.060  4461  4583 D BadgeCache: 1. updateBadgeCounts: com.learnprogramming.codecamp = 0

03-03 02:20:19.060  4461  4583 D BadgeCache: 1. updateBadgeCounts: org.thunderdog.challegram = 1

03-03 02:20:19.060  4461  4583 D BadgeCache: 2. updateBadgeCounts: org.thunderdog.challegram/.MainActivity = 1

03-03 02:20:19.060  4461  4583 D BadgeCache: 1. updateBadgeCounts: com.facebook.lite = 1

03-03 02:20:19.060  4461  4583 D BadgeCache: 2. updateBadgeCounts: com.facebook.lite/.MainActivity = 1

03-03 02:20:19.060  4461  4583 D BadgeCache: 1. updateBadgeCounts: com.liberty.jaxx = 0

03-03 02:20:19.060  4461  4583 D BadgeCache: 1. updateBadgeCounts: com.okbros.yesichat = 0

03-03 02:20:19.060  4461  4583 D BadgeCache: 1. updateBadgeCounts: org.thoughtcrime.securesms = 0

03-03 02:20:19.070  4060  4060 D KeyguardUpdateMonitor: received broadcast android.intent.action.SERVICE_STATE

03-03 02:20:19.070  4060  4060 V KeyguardUpdateMonitor: action android.intent.action.SERVICE_STATE serviceState=1 1 voice home data home  GSM Unknown CSS not supported -1 -1 RoamInd=-1 DefRoamInd=-1 VoiceRegType=0 ImsVoiceAvail=0 IsEbSupport=2 IsEaBarred=0 Snap=0 FemtocellInd=0 EmergOnly=false IsDataRoamingFromRegistration=false subId=2147483643

03-03 02:20:19.070  4060  4060 D KeyguardUpdateMonitor: handleServiceStateChange(subId=2147483643, serviceState=1 1 voice home data home  GSM Unknown CSS not supported -1 -1 RoamInd=-1 DefRoamInd=-1 VoiceRegType=0 ImsVoiceAvail=0 IsEbSupport=2 IsEaBarred=0 Snap=0 FemtocellInd=0 EmergOnly=false IsDataRoamingFromRegistration=false

03-03 02:20:19.080  4060  4286 D NetworkController: onReceive: intent=Intent { act=android.intent.action.SERVICE_STATE flg=0x10 bqHint=4 VirtualScreenParam=Params{mDisplayId=-1, null, mFlags=0x00000000)} (has extras) }

03-03 02:20:19.080  5470  5470 E audit   : type=1400 msg=audit(1583176819.080:443): avc:  denied  { getattr } for  pid=22482 comm="ps" path="/proc/2919" dev="proc" ino=8991 scontext=u:r:shell:s0 tcontext=u:r:logd:s0 tclass=dir permissive=0

03-03 02:20:19.080  5470  5470 E audit   :  SEPF_SECMOBILE_6.0.1_0004

03-03 02:20:19.080  5470  5470 E audit   : type=1300 msg=audit(1583176819.080:443): arch=c00000b7 syscall=79 success=no exit=-13 a0=ffffff9c a1=7ff14d1aa8 a2=7ff14d19f8 a3=0 items=0 ppid=3152 pid=22482 auid=4294967295 uid=2000 gid=2000 euid=2000 suid=2000 fsuid=2000 egid=2000 sgid=2000 fsgid=2000 tty=pts0 ses=4294967295 comm="ps" exe="/system/bin/toolbox" subj=u:r:shell:s0 key=(null)

03-03 02:20:19.080  5470  5470 E audit   : type=1327 msg=audit(1583176819.080:443): proctitle="ps"

03-03 02:20:19.080  5470  5470 E audit   : type=1320 msg=audit(1583176819.080:443): 

03-03 02:20:19.080  4060  4060 D KeyguardCarrierText: onRefreshCarrierInfo: 

03-03 02:20:19.080  4060  4060 D KeyguardCarrierText: updateAllSlot

03-03 02:20:19.080  3549  6628 D SSRM:n  : SIOP:: AP = 370, PST = 383 (W:14), CP = 315, CUR = 192, LCD = 70

03-03 02:20:19.100  4060  4060 D KeyguardCarrierText: updateIntentData(): isMultiSIMState: falsesubId: 2147483643 phoneId:0plmn: No serviceSPN: 

03-03 02:20:19.100  4444  4444 D PhoneApp: PhoneAppBroadcastReceiver onReceive android.intent.action.SERVICE_STATE

03-03 02:20:19.100  4444  4444 D PhoneMultiSimUtils: getPhoneBySubId: subId =2147483643

03-03 02:20:19.110  5505  5571 D CellLocationSupport: onReceive ACTION = android.intent.action.SERVICE_STATE

03-03 02:20:19.110  5505  5571 I CellLocationSupport: onCellLocationChanged

03-03 02:20:19.110  3549  4413 D SecContentProvider2: query(), uri = 15 selection = getLockScreenHiddenItems

03-03 02:20:19.120  3549  3629 V BroadcastQueue: [background] Process cur broadcast BroadcastRecord{6de879 u-1 android.intent.action.SERVICE_STATE qIdx=4}, state= (APP_RECEIVE) DELIVERED for app ProcessRecord{9b6f90b 21678:com.samsung.android.SettingsReceiver/1000}

03-03 02:20:19.130  4444  4444 D NotificationMgr: updateNetworkSelection()...serviceState = 1 networkSelection:  subId: 2147483643 SimState:1

03-03 02:20:19.130  4444  4444 D NotificationMgr: NO SIM

03-03 02:20:19.130  4060  4060 D KeyguardCarrierText: updateCarrierText(): isMultiSIMState: false

03-03 02:20:19.130  4060  4060 D KeyguardCarrierText: updateDate All slot

03-03 02:20:19.130  4444  4444 D NotificationMgr: cancelNetworkSelection() - subId:2147483643

03-03 02:20:19.130  4444  4444 D NotificationMgr: cancelNetworkSelection()...

03-03 02:20:19.130  4444  4444 D NotificationMgr: cancelNetworkSelection()...user:UserHandle{0}

03-03 02:20:19.130  4060  4060 D KeyguardCarrierText: mSimState[0]ABSENT

03-03 02:20:19.130  4060  4060 D KeyguardCarrierText: mSimState[1]ABSENT

03-03 02:20:19.130  5505  5571 I CellLocationSupport: Block to update PANI information in non VoWIFI

03-03 02:20:19.130  4060  4060 D KeyguardCarrierText: Getting plmn/spn sticky brdcst  mPlmn:No service / mSpn:  phoneId:0 subId:2147483643 showPlmn: true showSpn:false

03-03 02:20:19.130  4060  4060 D KeyguardCarrierText: getStatusForIccState :  SIM state = ABSENT

03-03 02:20:19.130  4060  4060 D KeyguardCarrierText: makeCarrierStringOnEmergencyCapable :  mIsEmergencyCallCapable:  true

03-03 02:20:19.130  4060  4060 D KeyguardCarrierText: concatenate : plmn = No SIM card, spn = No service

03-03 02:20:19.130  4060  4060 D KeyguardCarrierText: getCarrierTextForSimState :  SIM state = SimMissingcarrierText: No SIM card | No service

03-03 02:20:19.130  4060  4060 D KeyguardCarrierText: Handling ABSENT , carrierTextForSimState = No SIM card | No service

03-03 02:20:19.130  4060  4060 D KeyguardCarrierText: updateCarrierText insertedMultiSim = false

03-03 02:20:19.130  4060  4060 D KeyguardCarrierText: updateCarrierText State: Absent SIM Number = 0

03-03 02:20:19.130 21691 21691 D StatusChecker: onReceive : android.intent.action.SERVICE_STATE

03-03 02:20:19.130 21691 21691 D StatusChecker: onReceive : SIMChangeAlertOption disabled return

03-03 02:20:19.130  3549  4508 V BroadcastQueue: [background] Process cur broadcast BroadcastRecord{6de879 u-1 android.intent.action.SERVICE_STATE qIdx=4}, state= (APP_RECEIVE) DELIVERED for app ProcessRecord{c4b93e8 21691:com.sec.android.app.mt/1000}

03-03 02:20:19.140  3549  6628 D ConnectivityService: returning getNetworkInfo for network type 1 : [type: WIFI[] - WIFI, state: CONNECTED/CONNECTED, reason: (unspecified), extra: "RT-GPON-3262", roaming: false, failover: false, isAvailable: true]

03-03 02:20:19.150  4060  4060 D KeyguardCarrierText: Getting plmn/spn sticky brdcst for Absent case No service/showPlmn: trueshowSpn: false phoneId:0 subId:2147483643

03-03 02:20:19.150  4060  4060 D KeyguardCarrierText: concatenate : plmn = No service

03-03 02:20:19.150  4060  4060 D KeyguardCarrierText: makeCarrierStringOnEmergencyCapable :  mIsEmergencyCallCapable:  true

03-03 02:20:19.150  4060  4060 D KeyguardCarrierText: concatenate : plmn = No SIM card, spn = No service

03-03 02:20:19.150  4060  4060 D KeyguardCarrierText: setText :  displayText = No SIM card | No service

03-03 02:20:19.150  4060  4060 D EmergencyButton: onRefreshCarrierInfo

03-03 02:20:19.150 22469 22479 D BadgeProvider: query, [selection] : null

03-03 02:20:19.160  4461  4583 D BadgeCache: 1. updateBadgeCounts: com.samsung.android.email.provider = 0

03-03 02:20:19.160  4461  4583 D BadgeCache: 1. updateBadgeCounts: com.android.mms = 0

03-03 02:20:19.160  4461  4583 D BadgeCache: 1. updateBadgeCounts: com.android.contacts = 0

03-03 02:20:19.160  4461  4583 D BadgeCache: 1. updateBadgeCounts: com.android.vending = 0

03-03 02:20:19.160  4461  4583 D BadgeCache: 1. updateBadgeCounts: com.facebook.katana = 34

03-03 02:20:19.160  4461  4583 D BadgeCache: 2. updateBadgeCounts: com.facebook.katana/.LoginActivity = 34

03-03 02:20:19.160  4461  4583 D BadgeCache: 1. updateBadgeCounts: com.sec.android.app.shealth = 1

03-03 02:20:19.160  4461  4583 D BadgeCache: 2. updateBadgeCounts: com.sec.android.app.shealth/com.samsung.android.app.shealth.home.HomeMainActivity = 1

03-03 02:20:19.160  4461  4583 D BadgeCache: 1. updateBadgeCounts: com.samsung.android.sm = 0

03-03 02:20:19.160  4461  4583 D BadgeCache: 1. updateBadgeCounts: com.oculus.horizon = 0

03-03 02:20:19.160  4461  4583 D BadgeCache: 1. updateBadgeCounts: com.mackmedia.coastialitygearvr = 0

03-03 02:20:19.160  4461  4583 D BadgeCache: 1. updateBadgeCounts: com.samsung.android.voc = 0

03-03 02:20:19.160  4461  4583 D BadgeCache: 1. updateBadgeCounts: com.shakingearthdigital.vrse = 0

03-03 02:20:19.160  4461  4583 D BadgeCache: 1. updateBadgeCounts: com.softwarelint.darkops = 0

03-03 02:20:19.160  4461  4583 D BadgeCache: 1. updateBadgeCounts: org.telegram.messenger = 0

03-03 02:20:19.160  4461  4583 D BadgeCache: 1. updateBadgeCounts: com.cootek.smartinputv5 = 0

03-03 02:20:19.160  4461  4583 D BadgeCache: 1. updateBadgeCounts: com.herzick.houseparty = 0

03-03 02:20:19.160  4461  4583 D BadgeCache: 1. updateBadgeCounts: com.nimses = 3

03-03 02:20:19.160  4461  4583 D BadgeCache: 2. updateBadgeCounts: com.nimses/.ui.SplashActivity = 3

03-03 02:20:19.160  4461  4583 D BadgeCache: 1. updateBadgeCounts: de.softan.brainstorm = 0

03-03 02:20:19.160  4461  4583 D BadgeCache: 1. updateBadgeCounts: com.instagram.android = 0

03-03 02:20:19.160  4461  4583 D BadgeCache: 1. updateBadgeCounts: com.facebook.orca = 1

03-03 02:20:19.160  4461  4583 D BadgeCache: 2. updateBadgeCounts: com.facebook.orca/.auth.StartScreenActivity = 1

03-03 02:20:19.160  4461  4583 D BadgeCache: 1. updateBadgeCounts: com.pinterest = 0

03-03 02:20:19.160  4461  4583 D BadgeCache: 1. updateBadgeCounts: com.whatsapp = 0

03-03 02:20:19.160  4461  4583 D BadgeCache: 1. updateBadgeCounts: com.twitter.android = 0

03-03 02:20:19.160  4461  4583 D BadgeCache: 1. updateBadgeCounts: com.in.w3d = 0

03-03 02:20:19.160  4461  4583 D BadgeCache: 1. updateBadgeCounts: com.google.android.youtube = 0

03-03 02:20:19.160  4461  4583 D BadgeCache: 1. updateBadgeCounts: com.sec.android.app.sbrowser = 1

03-03 02:20:19.160  4461  4583 D BadgeCache: 2. updateBadgeCounts: com.sec.android.app.sbrowser/.SBrowserMainActivity = 1

03-03 02:20:19.160  4461  4583 D BadgeCache: 1. updateBadgeCounts: com.sec.android.app.voicenote = 0

03-03 02:20:19.160  4461  4583 D BadgeCache: 1. updateBadgeCounts: com.sec.android.easyMover = 0

03-03 02:20:19.160  4461  4583 D BadgeCache: 1. updateBadgeCounts: com.vkontakte.android = 0

03-03 02:20:19.160  4461  4583 D BadgeCache: 1. updateBadgeCounts: com.narvii.amino.x6 = 1

03-03 02:20:19.160  4461  4583 D BadgeCache: 2. updateBadgeCounts: com.narvii.amino.x6/com.narvii.amino.MainActivity = 1

03-03 02:20:19.160  4461  4583 D BadgeCache: 1. updateBadgeCounts: com.narvii.amino.master = 0

03-03 02:20:19.160  4461  4583 D BadgeCache: 1. updateBadgeCounts: ru.ok.android = 0

03-03 02:20:19.160  4461  4583 D BadgeCache: 1. updateBadgeCounts: com.cyberlink.powerdirector.DRA140225_01 = 0

03-03 02:20:19.160  4461  4583 D BadgeCache: 1. updateBadgeCounts: com.quora.android = 1

03-03 02:20:19.160  4461  4583 D BadgeCache: 2. updateBadgeCounts: com.quora.android/.LauncherActivity = 1

03-03 02:20:19.160  4461  4583 D BadgeCache: 1. updateBadgeCounts: com.samsung.android.app.watchmanager = 0

03-03 02:20:19.160  4461  4583 D BadgeCache: 1. updateBadgeCounts: com.quora.android = 1

03-03 02:20:19.160  4461  4583 D BadgeCache: 2. updateBadgeCounts: com.quora.android/.components.activities.LauncherActivity = 1

03-03 02:20:19.160  4461  4583 D BadgeCache: 1. updateBadgeCounts: com.samsung.android.game.gamehome = 0

03-03 02:20:19.160  4461  4583 D BadgeCache: 1. updateBadgeCounts: com.reddit.frontpage = 0

03-03 02:20:19.160  4461  4583 D BadgeCache: 1. updateBadgeCounts: info.flowersoft.theotown.theotown = 0

03-03 02:20:19.160  4461  4583 D BadgeCache: 1. updateBadgeCounts: com.zhiliaoapp.musically = 0

03-03 02:20:19.160  4461  4583 D BadgeCache: 1. updateBadgeCounts: com.struckd.game = 0

03-03 02:20:19.160  4461  4583 D BadgeCache: 1. updateBadgeCounts: com.sec.android.app.samsungapps = 0

03-03 02:20:19.160  4461  4583 D BadgeCache: 1. updateBadgeCounts: com.sololearn = 0

03-03 02:20:19.160  4461  4583 D BadgeCache: 1. updateBadgeCounts: com.learnprogramming.codecamp = 0

03-03 02:20:19.160  4461  4583 D BadgeCache: 1. updateBadgeCounts: org.thunderdog.challegram = 1

03-03 02:20:19.160  4461  4583 D BadgeCache: 2. updateBadgeCounts: org.thunderdog.challegram/.MainActivity = 1

03-03 02:20:19.160  4461  4583 D BadgeCache: 1. updateBadgeCounts: com.facebook.lite = 1

03-03 02:20:19.160  4461  4583 D BadgeCache: 2. updateBadgeCounts: com.facebook.lite/.MainActivity = 1

03-03 02:20:19.160  4461  4583 D BadgeCache: 1. updateBadgeCounts: com.liberty.jaxx = 0

03-03 02:20:19.160  4461  4583 D BadgeCache: 1. updateBadgeCounts: com.okbros.yesichat = 0

03-03 02:20:19.160  4461  4583 D BadgeCache: 1. updateBadgeCounts: org.thoughtcrime.securesms = 0

03-03 02:20:19.440  3549  4099 D BatteryService: !@BatteryListener : batteryPropertiesChanged!

03-03 02:20:19.440  3549  4099 D BatteryService: level:69, scale:100, status:2, health:2, present:true, voltage: 4023, temperature: 317, technology: Li-ion, AC powered:false, USB powered:true, POGO powered:false, Wireless powered:false, icon:17303412, invalid charger:0, maxChargingCurrent:0

03-03 02:20:19.440  3549  4099 D BatteryService: online:4, current avg:193, charge type:1, power sharing:false, high voltage charger:false, capacity:280000, batterySWSelfDischarging:false, current_now:149

03-03 02:20:19.440  3549  3549 D BatteryService: Sending ACTION_BATTERY_CHANGED.

03-03 02:20:19.450  3549  3986 D WifiController: ApOrStaEnabledState  msg.what= 155652

03-03 02:20:19.450  4060  4060 D KeyguardUpdateMonitor: received broadcast android.intent.action.BATTERY_CHANGED

03-03 02:20:19.450  3549  3549 I MotionRecognitionService: Plugged

03-03 02:20:19.450  3549  3549 D MotionRecognitionService:   cableConnection= 1

03-03 02:20:19.450  3549  3549 D MotionRecognitionService: setPowerConnected | current backoffstate  = 1024 , state =1024

03-03 02:20:19.450  3549  3549 D MotionRecognitionService: skip setTransmitPower. 

03-03 02:20:19.460  4060  4060 D KeyguardUpdateMonitor: handleBatteryUpdate

03-03 02:20:19.460  4060  4060 D PowerUI : priorPlugType = 2 mPlugType =  2

03-03 02:20:19.460  4060  4060 D PowerUI.Notification: showChargingNotice oldChargingType : 1 currentChargingType : 1 oldChargingTime : 7008000 mChargingTime : 7008000

03-03 02:20:19.460  4060  4060 D PowerUI.Notification: There is no change about charging status, so return!

03-03 02:20:19.460  4060  4060 D BatteryMeterView: ACTION_BATTERY_CHANGED : level:69 status:2 health:2

03-03 02:20:19.470  5505  5505 D CommonServiceConfiguration: getStringValueSetting

03-03 02:20:19.480  5505  5505 D BatteryMonitor: new battery level: 69

03-03 02:20:19.490  4060  4060 D BatteryMeterView: ACTION_BATTERY_CHANGED : level:69 status:2 health:2

03-03 02:20:19.510  3549  3629 D ApplicationPolicy: isStatusBarNotificationAllowedAsUser: packageName = com.slash.batterychargelimit,userId = 0

03-03 02:20:19.520  3549  3549 D MARsPolicyManager: NotificationListenerService OngoingNotificationPosted : com.slash.batterychargelimit

03-03 02:20:19.540  4060  4060 W ResourcesManager: getTopLevelResources: /data/app/com.slash.batterychargelimit-2/base.apk / 1.0 running in com.android.systemui rsrc of package com.slash.batterychargelimit

03-03 02:20:19.550  4060  4060 W ResourcesManager: getTopLevelResources: /data/app/com.slash.batterychargelimit-2/base.apk / 1.0 running in com.android.systemui rsrc of package com.slash.batterychargelimit

03-03 02:20:19.560  4060  4060 W ResourceType: No package identifier when getting value for resource number 0x00000000

03-03 02:20:19.560  4060  4060 E Icon    : Unable to load resource 0x00000000 from pkg=

03-03 02:20:19.560  4060  4060 E Icon    : android.content.res.Resources$NotFoundException: Resource ID #0x0

03-03 02:20:19.560  4060  4060 E Icon    : 	at android.content.res.Resources.getValue(Resources.java:2558)

03-03 02:20:19.560  4060  4060 E Icon    : 	at android.content.res.Resources.getDrawable(Resources.java:2001)

03-03 02:20:19.560  4060  4060 E Icon    : 	at android.content.res.Resources.getDrawable(Resources.java:1987)

03-03 02:20:19.560  4060  4060 E Icon    : 	at android.graphics.drawable.Icon.loadDrawableInner(Icon.java:313)

03-03 02:20:19.560  4060  4060 E Icon    : 	at android.graphics.drawable.Icon.loadDrawable(Icon.java:269)

03-03 02:20:19.560  4060  4060 E Icon    : 	at android.widget.RemoteViews$TextViewDrawableAction.apply(RemoteViews.java:1659)

03-03 02:20:19.560  4060  4060 E Icon    : 	at android.widget.RemoteViews.performApply(RemoteViews.java:3418)

03-03 02:20:19.560  4060  4060 E Icon    : 	at android.widget.RemoteViews.apply(RemoteViews.java:3378)

03-03 02:20:19.560  4060  4060 E Icon    : 	at android.widget.RemoteViews$ViewGroupAction.apply(RemoteViews.java:1530)

03-03 02:20:19.560  4060  4060 E Icon    : 	at android.widget.RemoteViews.performApply(RemoteViews.java:3418)

03-03 02:20:19.560  4060  4060 E Icon    : 	at android.widget.RemoteViews.reapply(RemoteViews.java:3409)

03-03 02:20:19.560  4060  4060 E Icon    : 	at com.android.systemui.statusbar.BaseStatusBar.updateNotificationViews(BaseStatusBar.java:3701)

03-03 02:20:19.560  4060  4060 E Icon    : 	at com.android.systemui.statusbar.BaseStatusBar.updateNotification(BaseStatusBar.java:3535)

03-03 02:20:19.560  4060  4060 E Icon    : 	at com.android.systemui.statusbar.BaseStatusBar$8$2.run(BaseStatusBar.java:1228)

03-03 02:20:19.560  4060  4060 E Icon    : 	at android.os.Handler.handleCallback(Handler.java:739)

03-03 02:20:19.560  4060  4060 E Icon    : 	at android.os.Handler.dispatchMessage(Handler.java:95)

